###############################################################################
#
# IAR ELF Linker V7.80.2.11947/W32 for ARM                10/Jan/2018  16:47:04
# Copyright 2007-2016 IAR Systems AB.
#
#    Output file  =  Z3ColorTempLightSoc_6.out
#    Map file     =  
#        C:/SiliconLabs/SimplicityStudio/v4/developer/sdks/gecko_sdk_suite/v1.1/app/builder/Z3ColorTempLightSoc_6/IAR
#        ARM - Default/Z3ColorTempLightSoc_6.map
#    Command line =  
#        ./update-tc-link-key/update-tc-link-key.o ./simple-main/simple-main.o
#        ./sim-eeprom2/EFR32/sim-eeprom2.o ./scenes/scenes-cli.o
#        ./scenes/scenes.o ./scan-dispatch/scan-dispatch.o
#        ./reporting/reporting-cli.o ./reporting/reporting.o
#        ./ota-storage-simple-eeprom/ota-storage-eeprom-page-erase.o
#        ./ota-storage-simple-eeprom/ota-storage-eeprom-read-modify-write.o
#        ./ota-storage-simple-eeprom/ota-storage-eeprom.o
#        ./ota-storage-simple/ota-storage-simple-simulation.o
#        ./ota-storage-simple/ota-storage-simple.o
#        ./ota-storage-common/ota-storage-common-cli.o
#        ./ota-storage-common/ota-storage-common.o ./ota-common/ota-common.o
#        ./ota-client-policy/ota-client-policy.o ./ota-client/ota-client-cli.o
#        ./ota-client/ota-client-page-request.o
#        ./ota-client/ota-client-signature-verify.o ./ota-client/ota-client.o
#        ./ota-bootload/ota-bootload-cli.o ./ota-bootload/ota-bootload-soc.o
#        ./on-off/on-off.o ./network-steering/network-steering-cli.o
#        ./network-steering/network-steering-soc.o
#        ./network-steering/network-steering.o
#        ./manufacturing-library-ota/manufacturing-library-ota.o
#        ./manufacturing-library-cli/manufacturing-library-cli.o
#        ./level-control/level-control.o ./led-temp-pwm/led-temp-pwm.o
#        ./idle-sleep/idle-sleep-cli.o ./idle-sleep/idle-sleep-soc.o
#        ./idle-sleep/idle-sleep.o ./identify/identify-cli.o
#        ./identify/identify.o ./hal-library/EFR32/coexistence-efr32.o
#        ./hal-config/EFR32/hal-config-gpio.o ./hal-config/EFR32/hal-config.o
#        ./groups-server/groups-server-cli.o ./groups-server/groups-server.o
#        ./find-and-bind-target/find-and-bind-target-cli.o
#        ./find-and-bind-target/find-and-bind-target.o
#        ./external-generated-files/bootloader-interface-app.o
#        ./external-generated-files/bootloader-interface.o
#        ./external-generated-files/btl_interface.o
#        ./external-generated-files/btl_interface_storage.o
#        ./end-device-support/end-device-move.o
#        ./end-device-support/end-device-support-cli.o
#        ./end-device-support/end-device-support.o
#        ./end-device-support/polling-common.o
#        ./end-device-support/polling-soc.o ./emlib/em_adc.o ./emlib/em_cmu.o
#        ./emlib/em_core.o ./emlib/em_cryotimer.o ./emlib/em_emu.o
#        ./emlib/em_gpio.o ./emlib/em_ldma.o ./emlib/em_leuart.o
#        ./emlib/em_mpu.o ./emlib/em_msc.o ./emlib/em_prs.o ./emlib/em_rmu.o
#        ./emlib/em_rtcc.o ./emlib/em_system.o ./emlib/em_timer.o
#        ./emlib/em_usart.o ./emlib/em_wdog.o ./emlib/system_efr32mg12p.o
#        ./emdrv/dmadrv.o ./emdrv/gpiointerrupt.o ./emdrv/rtcdriver.o
#        ./emdrv/sleep.o ./emdrv/spidrv.o ./emdrv/tempdrv.o ./emdrv/uartdrv.o
#        ./emdrv/ustimer.o ./ember-minimal-printf/ember-printf.o
#        ./efr32/assert-crash-handlers.o ./efr32/button.o
#        ./efr32/buzzer-efr32.o ./efr32/com.o ./efr32/cstartup-common.o
#        ./efr32/diagnostic.o ./efr32/ext-device.o ./efr32/faults-v7m.o
#        ./efr32/isr-stubs.o ./efr32/led.o ./efr32/mfg-token.o
#        ./efr32/micro-common.o ./efr32/micro.o ./efr32/mpu.o
#        ./efr32/sleep-efm32.o ./efr32/token.o ./eeprom/eeprom-afv2.o
#        ./eeprom/eeprom-cli.o ./eeprom/eeprom.o
#        ./debug-jtag/EFR32/debug-jtag-efr32.o
#        ./debug-basic-library/EFR32/SEGGER_RTT.o
#        ./configuration-server/configuration-server-cli.o
#        ./configuration-server/configuration-server.o
#        ./color-control-server/color-control-server.o ./bulb-ui/bulb-ui.o
#        ./bulb-pwm-driver/EFR32/bulb-pwm-driver-blink.o
#        ./bulb-pwm-driver/EFR32/bulb-pwm-driver-efr32.o
#        ./bulb-pwm-cli/bulb-pwm-cli.o ./basic/basic.o
#        ./antenna-stub/antenna-stub.o ./address-table/address-table-cli.o
#        ./address-table/address-table.o ./adc/EFR32/adc-efr32.o
#        ./Z3ColorTempLightSoc_6_callbacks.o ./af-event.o ./af-main-common.o
#        ./af-main-soc.o ./af-node.o ./af-security-common.o ./af-trust-center.o
#        ./afv2-bookkeeping.o ./attribute-size.o ./attribute-storage.o
#        ./attribute-table.o ./call-command-handler.o ./callback-stub.o
#        ./callbacks.o ./cli.o ./client-api.o ./command-interpreter2.o
#        ./core-cli.o ./crc.o ./crypto-state.o ./descriptors.o ./em_usbd.o
#        ./em_usbdch9.o ./em_usbdep.o ./em_usbhal.o ./em_usbint.o
#        ./em_usbtimer.o ./ember-base-configuration.o ./ember-configuration.o
#        ./endian.o ./library.o ./mem-util.o ./message.o ./multi-network.o
#        ./network-cli.o ./option-cli.o ./plugin-cli.o ./print-formatter.o
#        ./print.o ./process-cluster-message.o ./process-global-message.o
#        ./random.o ./security-address-cache.o ./security-cli.o ./serial.o
#        ./service-discovery-common.o ./service-discovery-soc.o
#        ./stack-handler-stub.o ./time-util.o ./token-def.o ./util.o
#        ./zcl-cli.o ./zdo-cli.o ./zigbee-device-common.o
#        ./zigbee-device-library.o -o Z3ColorTempLightSoc_6.out --config
#        C:/SiliconLabs/SimplicityStudio/v4/developer/sdks/gecko_sdk_suite/v1.1//platform/base/hal/micro/cortexm3/efm32/iar-cfg.icf
#        --config_def APP_GECKO_INFO_PAGE_BTL=1 --config_def FLASH_SIZE=1048576
#        --config_def RAM_SIZE=262144 --no_wrap_diagnostics
#        C:/SiliconLabs/SimplicityStudio/v4/developer/sdks/gecko_sdk_suite/v1.1//protocol/zigbee_5.10/build/cbke-library-dsa-sign-stub-cortexm3-iar-efr32mg12p-rail/cbke-library-dsa-sign-stub.a
#        C:/SiliconLabs/SimplicityStudio/v4/developer/sdks/gecko_sdk_suite/v1.1//protocol/zigbee_5.10/build/hal-library-cortexm3-iar-efr32mg12p-rail/hal-library.a
#        C:/SiliconLabs/SimplicityStudio/v4/developer/sdks/gecko_sdk_suite/v1.1//protocol/zigbee_5.10/build/sim-eeprom2-library-cortexm3-iar-efr32mg12p-rail/sim-eeprom2-library.a
#        C:/SiliconLabs/SimplicityStudio/v4/developer/sdks/gecko_sdk_suite/v1.1//protocol/zigbee_5.10/build/sim-eeprom2-1to2-upgrade-library-cortexm3-iar-efr32mg12p-rail/sim-eeprom2-1to2-upgrade-library.a
#        C:/SiliconLabs/SimplicityStudio/v4/developer/sdks/gecko_sdk_suite/v1.1//protocol/zigbee_5.10/build/cbke-283k1-stub-library-cortexm3-iar-efr32mg12p-rail/cbke-283k1-stub-library.a
#        C:/SiliconLabs/SimplicityStudio/v4/developer/sdks/gecko_sdk_suite/v1.1//protocol/zigbee_5.10/build/end-device-bind-stub-library-cortexm3-iar-efr32mg12p-rail/end-device-bind-stub-library.a
#        C:/SiliconLabs/SimplicityStudio/v4/developer/sdks/gecko_sdk_suite/v1.1//protocol/zigbee_5.10/build/debug-basic-library-cortexm3-iar-efr32mg12p-rail/debug-basic-library.a
#        C:/SiliconLabs/SimplicityStudio/v4/developer/sdks/gecko_sdk_suite/v1.1//protocol/zigbee_5.10/build/cbke-library-dsa-verify-stub-cortexm3-iar-efr32mg12p-rail/cbke-library-dsa-verify-stub.a
#        C:/SiliconLabs/SimplicityStudio/v4/developer/sdks/gecko_sdk_suite/v1.1//protocol/zigbee_5.10/build/security-library-link-keys-stub-cortexm3-iar-efr32mg12p-rail/security-library-link-keys-stub.a
#        C:/SiliconLabs/SimplicityStudio/v4/developer/sdks/gecko_sdk_suite/v1.1//protocol/zigbee_5.10/build/binding-table-library-cortexm3-iar-efr32mg12p-rail/binding-table-library.a
#        C:/SiliconLabs/SimplicityStudio/v4/developer/sdks/gecko_sdk_suite/v1.1//protocol/zigbee_5.10/build/gp-stub-library-cortexm3-iar-efr32mg12p-rail/gp-stub-library.a
#        C:/SiliconLabs/SimplicityStudio/v4/developer/sdks/gecko_sdk_suite/v1.1//protocol/zigbee_5.10/build/rf4ce-stack-stub-library-cortexm3-iar-efr32mg12p-rail/rf4ce-stack-stub-library.a
#        C:/SiliconLabs/SimplicityStudio/v4/developer/sdks/gecko_sdk_suite/v1.1//protocol/zigbee_5.10/build/zigbee-pro-leaf-stack-cortexm3-iar-efr32mg12p-rail/zigbee-pro-leaf-stack.a
#        C:/SiliconLabs/SimplicityStudio/v4/developer/sdks/gecko_sdk_suite/v1.1//protocol/zigbee_5.10/build/install-code-library-cortexm3-iar-efr32mg12p-rail/install-code-library.a
#        C:/SiliconLabs/SimplicityStudio/v4/developer/sdks/gecko_sdk_suite/v1.1//protocol/zigbee_5.10/build/packet-validate-library-cortexm3-iar-efr32mg12p-rail/packet-validate-library.a
#        C:/SiliconLabs/SimplicityStudio/v4/developer/sdks/gecko_sdk_suite/v1.1//platform/radio/rail_lib/autogen/librail_release/librail_efr32xg12_iar_release.a
#        C:/SiliconLabs/SimplicityStudio/v4/developer/sdks/gecko_sdk_suite/v1.1//protocol/zigbee_5.10/build/cbke-stub-library-cortexm3-iar-efr32mg12p-rail/cbke-stub-library.a
#        C:/SiliconLabs/SimplicityStudio/v4/developer/sdks/gecko_sdk_suite/v1.1//protocol/zigbee_5.10/build/zll-stub-library-cortexm3-iar-efr32mg12p-rail/zll-stub-library.a
#        C:/SiliconLabs/SimplicityStudio/v4/developer/sdks/gecko_sdk_suite/v1.1//protocol/zigbee_5.10/build/security-library-core-cortexm3-iar-efr32mg12p-rail/security-library-core.a
#        C:/SiliconLabs/SimplicityStudio/v4/developer/sdks/gecko_sdk_suite/v1.1//protocol/zigbee_5.10/build/cbke-library-dsa-verify-283k1-stub-cortexm3-iar-efr32mg12p-rail/cbke-library-dsa-verify-283k1-stub.a
#        C:/SiliconLabs/SimplicityStudio/v4/developer/sdks/gecko_sdk_suite/v1.1//protocol/zigbee_5.10/build/enhanced-beacon-request-stub-library-cortexm3-iar-efr32mg12p-rail/enhanced-beacon-request-stub-library.a
#        C:/SiliconLabs/SimplicityStudio/v4/developer/sdks/gecko_sdk_suite/v1.1//protocol/zigbee_5.10/build/debug-extended-stub-library-cortexm3-iar-efr32mg12p-rail/debug-extended-stub-library.a
#        C:/SiliconLabs/SimplicityStudio/v4/developer/sdks/gecko_sdk_suite/v1.1//protocol/zigbee_5.10/build/cbke-163k1-stub-library-cortexm3-iar-efr32mg12p-rail/cbke-163k1-stub-library.a
#        C:/SiliconLabs/SimplicityStudio/v4/developer/sdks/gecko_sdk_suite/v1.1//protocol/zigbee_5.10/build/mfglib-library-cortexm3-iar-efr32mg12p-rail/mfglib-library.a
#        C:/SiliconLabs/SimplicityStudio/v4/developer/sdks/gecko_sdk_suite/v1.1//protocol/zigbee_5.10/build/multi-network-stub-library-cortexm3-iar-efr32mg12p-rail/multi-network-stub-library.a
#        --entry halEntryPoint --map
#        "C:/SiliconLabs/SimplicityStudio/v4/developer/sdks/gecko_sdk_suite/v1.1/app/builder/Z3ColorTempLightSoc_6/IAR
#        ARM - Default/Z3ColorTempLightSoc_6.map" --log_file
#        "C:/SiliconLabs/SimplicityStudio/v4/developer/sdks/gecko_sdk_suite/v1.1/app/builder/Z3ColorTempLightSoc_6/IAR
#        ARM - Default/Z3ColorTempLightSoc_6.log" --log
#        initialization,modules,sections,veneers --diag_suppress=Lp012
#        --diag_suppress=Lp012 --redirect _Printf=_PrintfSmall --redirect
#        _Scanf=_ScanfFull
#
###############################################################################

*******************************************************************************
*** RUNTIME MODEL ATTRIBUTES
***

__SystemLibrary = DLib


*******************************************************************************
*** PLACEMENT SUMMARY
***

"HEADERS":
       place at start of [0x00000000-0x000001ff] { block HEADER_block };
"APP ro":
       place at start of [0x00000200-0x000fffff] { block APPRO_block };
"NVM&SIMEE":
       place at end of [0x00000200-0x000fffff] {
          zi section NVM, zi section SIMEE, zi section INTERNAL_STORAGE,
          zi section PSSTORE };
"APP rw":
       place at end of [0x20000000-0x2003ffef] { block APPRW_block };
"Heap":
       place at start of [0x20000000-0x2003ffef] { overlay EMHEAP_overlay };
"Guard":
       place in [from 0x20000000 to 0x2003ffef] { rw section GUARD_REGION };
do not initialize { rw };
initialize manually with packing = copy, complex ranges {
   section .data, section .textrw, rw section __DLIB_PERTHREAD };

  Section                 Kind        Address     Size  Object
  -------                 ----        -------     ----  ------
"HEADERS":                                        0xac
  HEADER_block                     0x00000000     0xac  <Block>
    AAT                   const    0x00000000     0xac  cstartup-common.o [14]
                                 - 0x000000ac     0xac

"APP ro":                                      0x31e9c
  APPRO_block                      0x00000200  0x31e9c  <Block>
    .intvec               const    0x00000200    0x10c  cstartup-common.o [14]
    .textrw_init                   0x0000030c    0x214  <Block>
      Initializer bytes   const    0x0000030c    0x214  <for .textrw-1>
    .text                          0x00000520  0x2b4c2  <Block>
      .text               ro code  0x00000520    0x12c  update-tc-link-key.o [44]
      .text               ro code  0x0000064c    0x56c  af-main-soc.o [1]
      .text               ro code  0x00000bb8    0xd14  aps-security.o [68]
      .text               ro code  0x000018cc     0xd2  mem-util.o [1]
      .text               ro code  0x000019a0     0xea  zigbee-device-common.o [1]
      .text               ro code  0x00001a8c    0x560  zigbee-stack.o [72]
      .text               ro code  0x00001fec    0x50c  aps-keys.o [68]
      .text               ro code  0x000024f8    0x704  network-steering.o [30]
      .text               ro code  0x00002bfc     0x88  print.o [1]
      .text               ro code  0x00002c84    0x12c  print-formatter.o [1]
      .text               ro code  0x00002db0      0x8  em_core.o [17]
      .text               ro code  0x00002db8     0xbe  serial.o [1]
      .text               ro code  0x00002e78    0x164  micro.o [14]
      .text               ro code  0x00002fdc     0xc0  cstartup-common.o [14]
      .text               ro code  0x0000309c    0x3a4  diagnostic.o [14]
      .text               ro code  0x00003440    0x12e  callback-stub.o [1]
      .text               ro code  0x00003570    0x210  assert-crash-handlers.o [14]
      .text               ro code  0x00003780     0x74  multi-network.o [1]
      .text               ro code  0x000037f4    0x7e4  af-main-common.o [1]
      .text               ro code  0x00003fd8    0x9b4  attribute-storage.o [1]
      .text               ro code  0x0000498c     0x50  afv2-bookkeeping.o [1]
      .text               ro code  0x000049dc     0x1c  security-address-cache.o [1]
      .text               ro code  0x000049f8    0x78c  command-interpreter2.o [1]
      .text               ro code  0x00005184   0x118c  phy.o [72]
      .text               ro code  0x00006310     0xc8  micro-common.o [14]
      .text               ro code  0x000063d8     0x10  crypto-state.o [1]
      .text               ro code  0x000063e8    0x1a2  af-event.o [1]
      .text               ro code  0x0000658c    0x16c  mfg-token.o [14]
      .text               ro code  0x000066f8    0x220  ember-stack-common.o [72]
      .text               ro code  0x00006918    0xa08  application-support.o [72]
      .text               ro code  0x00007320    0x100  zigbee-dispatch.o [72]
      .text               ro code  0x00007420    0x310  address-table.o [72]
      .text               ro code  0x00007730    0x298  zigbee-device-library.o [1]
      .text               ro code  0x000079c8    0x4c8  binding-table.o [46]
      .text               ro code  0x00007e90    0x230  ember-multi-network-stub.o [64]
      .text               ro code  0x000080c0    0x6c0  packet-buffer.o [72]
      .text               ro code  0x00008780   0x1564  association.o [72]
      .text               ro code  0x00009ce4     0x76  ABImemcpy_unaligned.o [67]
      .text               ro code  0x00009d5c    0x188  scan-dispatch.o [40]
      .text               ro code  0x00009ee4     0x70  install-code-tokens.o [60]
      .text               ro code  0x00009f54      0xe  cbke-crypto-engine-stub.o [52]
      .text               ro code  0x00009f64    0x580  crypto.o [72]
      .text               ro code  0x0000a4e4    0x434  aps-encryption.o [68]
      .text               ro code  0x0000a918     0x1a  debug-extended-stub.o [54]
      .text               ro code  0x0000a934    0x5e4  zigbee-packet-header.o [72]
      .text               ro code  0x0000af18    0x24c  packet-header.o [72]
      .text               ro code  0x0000b164   0x1658  network.o [72]
      .text               ro code  0x0000c7bc     0x34  ember-configuration.o [1]
      .text               ro code  0x0000c7f0     0x5a  byte-utilities.o [72]
      .text               ro code  0x0000c84c    0x548  trust-center-util.o [68]
      .text               ro code  0x0000cd94    0x3e6  leave.o [72]
      .text               ro code  0x0000d17a     0x34  child-stub.o [72]
      .text               ro code  0x0000d1b0    0x644  neighbor.o [72]
      .text               ro code  0x0000d7f4    0x370  aps-keys-transient.o [68]
      .text               ro code  0x0000db64     0x48  child-table.o [72]
      .text               ro code  0x0000dbac    0x1b8  zigbee-neighbor.o [72]
      .text               ro code  0x0000dd64    0x178  token-cache.o [72]
      .text               ro code  0x0000dedc     0x62  hmac.o [68]
      .text               ro code  0x0000df3e      0xe  aps-keys-full-stub.o [69]
      .text               ro code  0x0000df4c     0xd0  leaf-routing-stub.o [72]
      .text               ro code  0x0000e01c     0xd8  aes.o [72]
      .text               ro code  0x0000e0f4     0x66  ABImemset.o [67]
      .text               ro code  0x0000e15c    0x284  debug-jtag-efr32.o [12]
      .text               ro code  0x0000e3e0     0x94  ember-library.o [72]
      .text               ro code  0x0000e474     0xe0  token.o [14]
      .text               ro code  0x0000e554     0x12  phy-util.o [72]
      .text               ro code  0x0000e568    0x2e8  debug.o [53]
      .text               ro code  0x0000e850    0x244  event-control.o [72]
      .text               ro code  0x0000ea94      0xc  em_core.o [17]
      .text               ro code  0x0000eaa0      0x6  em_core.o [17]
      .text               ro code  0x0000eaa8    0x440  mac-arbiter.o [72]
      .text               ro code  0x0000eee8      0x6  cbke-crypto-engine-163k1-stub.o [47]
      .text               ro code  0x0000eeee      0x6  cbke-crypto-engine-283k1-stub.o [48]
      .text               ro code  0x0000eef4     0x36  zll-stubs.o [73]
      .text               ro code  0x0000ef2c    0x160  broadcast.o [72]
      .text               ro code  0x0000f08c    0x2bc  mac-receive.o [72]
      .text               ro code  0x0000f348    0x16c  child-aging.o [72]
      .text               ro code  0x0000f4b4    0x948  aps-retry.o [72]
      .text               ro code  0x0000fdfc     0x44  micro-common-internal.o [59]
      .text               ro code  0x0000fe40    0x2b6  retry.o [72]
      .text               ro code  0x000100f8     0x68  rf4ce-stack-stubs.o [66]
      .text               ro code  0x00010160     0x80  security-config-mfg-3xx.o [68]
      .text               ro code  0x000101e0     0x78  network-steering-soc.o [30]
      .text               ro code  0x00010258    0x39c  configuration-server.o [10]
      .text               ro code  0x000105f4     0x50  random.o [1]
      .text               ro code  0x00010644      0x2  af-security-common.o [1]
      .text               ro code  0x00010648    0x2a2  ember-printf.o [15]
      .text               ro code  0x000108ec    0x188  message.o [1]
      .text               ro code  0x00010a74    0x9f6  com.o [14]
      .text               ro code  0x0001146c     0xec  hal-config.o [22]
      .text               ro code  0x00011558    0x760  rtcdriver.o [16]
      .text               ro code  0x00011cb8    0x274  tempdrv.o [16]
      .text               ro code  0x00011f2c    0x918  em_emu.o [17]
      .text               ro code  0x00012844    0x152  sleep-efm32.o [14]
      .text               ro code  0x00012998     0xe2  system-timer.o [59]
      .text               ro code  0x00012a7c    0x184  micro-internal.o [59]
      .text               ro code  0x00012c00      0x4  hal-config-gpio.o [22]
      .text               ro code  0x00012c04    0x1a8  coexistence-efr32.o [23]
      .text               ro code  0x00012dac     0x98  em_rmu.o [17]
      .text               ro code  0x00012e44      0x8  em_core.o [17]
      .text               ro code  0x00012e4c    0x892  util.o [1]
      .text               ro code  0x000136e0    0x164  end-device-support.o [18]
      .text               ro code  0x00013844    0x3b4  service-discovery-common.o [1]
      .text               ro code  0x00013bf8    0x570  bulb-ui.o [8]
      .text               ro code  0x00014168    0x638  color-control-server.o [9]
      .text               ro code  0x000147a0    0x144  end-device-move.o [18]
      .text               ro code  0x000148e4    0x550  level-control.o [27]
      .text               ro code  0x00014e34    0x22c  manufacturing-library-ota.o [29]
      .text               ro code  0x00015060    0x102  on-off.o [31]
      .text               ro code  0x00015164    0xeb2  ota-client.o [33]
      .text               ro code  0x00016018    0x4e6  attribute-table.o [1]
      .text               ro code  0x00016500     0x8e  polling-soc.o [18]
      .text               ro code  0x00016590     0xa6  idle-sleep-soc.o [25]
      .text               ro code  0x00016638    0x378  core-cli.o [1]
      .text               ro code  0x000169b0    0x140  phy.o [61]
      .text               ro code  0x00016af0     0xd4  rail_calibration.o [61]
      .text               ro code  0x00016bc4     0x66  rail_autoack.o [61]
      .text               ro code  0x00016c2a     0x36  rail_rx.o [61]
      .text               ro code  0x00016c60    0x13a  rail_rf.o [61]
      .text               ro code  0x00016d9c    0x7ac  pa.o [61]
      .text               ro code  0x00017548     0x84  rail_tx.o [61]
      .text               ro code  0x000175cc     0x1e  duty-cycle-stub.o [72]
      .text               ro code  0x000175ea      0x8  rail_data.o [61]
      .text               ro code  0x000175f4    0xeb4  rail_rf_hal.o [61]
      .text               ro code  0x000184a8    0x140  rail_ieee802154.o [61]
      .text               ro code  0x000185e8     0x18  eui64.o [72]
      .text               ro code  0x00018600    0x114  pti.o [61]
      .text               ro code  0x00018714    0x25c  mac-phy.o [72]
      .text               ro code  0x00018970    0x580  bufc.o [61]
      .text               ro code  0x00018ef0     0x18  mac-indirect-stub.o [72]
      .text               ro code  0x00018f08    0x10c  symbol-timer.o [72]
      .text               ro code  0x00019014     0x90  ember-base-configuration.o [1]
      .text               ro code  0x000190a4    0xbf8  em_cmu.o [17]
      .text               ro code  0x00019c9c     0x18  em_wdog.o [17]
      Veneer              ro code  0x00019cb4      0x8  - Linker created -
      Veneer              ro code  0x00019cbc      0x8  - Linker created -
      Veneer              ro code  0x00019cc4      0x8  - Linker created -
      .text               ro code  0x00019ccc     0xc8  flash.o [59]
      .text               ro code  0x00019d94    0x35c  management.o [72]
      .text               ro code  0x0001a0f0      0x4  cbke-crypto-engine-dsa-sign-stub.o [49]
      .text               ro code  0x0001a0f4    0x39c  packet-validate.o [65]
      .text               ro code  0x0001a490    0x6fc  zigbee-device-util.o [72]
      .text               ro code  0x0001ab8c    0x4b8  mac.o [72]
      .text               ro code  0x0001b044    0x318  child-handling.o [72]
      .text               ro code  0x0001b35c    0x334  random-id.o [72]
      .text               ro code  0x0001b690    0x418  scan.o [72]
      .text               ro code  0x0001baa8    0x368  command.o [72]
      .text               ro code  0x0001be10     0x60  mac-info-element-parsing-stub.o [57]
      .text               ro code  0x0001be70      0x8  enhanced-beacon-request-stub.o [57]
      .text               ro code  0x0001be78    0x2c0  zdo-channel.o [72]
      .text               ro code  0x0001c138      0xc  gp-stub.o [58]
      .text               ro code  0x0001c144    0x14a  aes-mmo.o [68]
      .text               ro code  0x0001c290     0x60  unicast-table.o [72]
      .text               ro code  0x0001c2f0    0x280  jit.o [72]
      .text               ro code  0x0001c570     0xb8  led.o [14]
      .text               ro code  0x0001c628    0x348  mac-header.o [72]
      .text               ro code  0x0001c970    0x148  route-error.o [72]
      .text               ro code  0x0001cab8     0x44  af-trust-center.o [1]
      .text               ro code  0x0001cafc    0x130  em_crypto.o [72]
      .text               ro code  0x0001cc2c    0x18c  em_gpio.o [17]
      .text               ro code  0x0001cdb8    0x1c4  SEGGER_RTT.o [11]
      .text               ro code  0x0001cf7c     0x26  crc.o [1]
      .text               ro code  0x0001cfa4     0x94  sim-eeprom2.o [42]
      .text               ro code  0x0001d038   0x12e0  sim-eeprom2-internal.o [71]
      .text               ro code  0x0001e318     0x1a  em_core.o [17]
      .text               ro code  0x0001e334    0x1f8  ustimer.o [16]
      .text               ro code  0x0001e52c     0x36  strlen.o [67]
      .text               ro code  0x0001e564    0x1fc  client-api.o [1]
      .text               ro code  0x0001e760   0x1cc8  uartdrv.o [16]
      .text               ro code  0x00020428    0x148  em_usart.o [17]
      .text               ro code  0x00020570    0x104  em_leuart.o [17]
      .text               ro code  0x00020674      0x6  ABImemclr4.o [67]
      .text               ro code  0x0002067c     0xac  system_efr32mg12p.o [17]
      .text               ro code  0x00020728    0x192  button.o [14]
      .text               ro code  0x000208bc     0x70  em_rtcc.o [17]
      .text               ro code  0x0002092c     0xee  I64DivMod.o [67]
      .text               ro code  0x00020a1c     0x44  em_core.o [17]
      .text               ro code  0x00020a60      0x4  em_core.o [17]
      .text               ro code  0x00020a64     0xa4  mpu.o [14]
      .text               ro code  0x00020b08     0x5c  bulb-pwm-driver-efr32.o [7]
      .text               ro code  0x00020b64    0x2c4  eeprom.o [13]
      .text               ro code  0x00020e28    0x320  led-temp-pwm.o [26]
      .text               ro code  0x00021148    0x9b0  reporting.o [39]
      .text               ro code  0x00021af8      0x8  time-util.o [1]
      .text               ro code  0x00021b00    0x420  groups-server.o [21]
      .text               ro code  0x00021f20     0x64  process-cluster-message.o [1]
      .text               ro code  0x00021f84    0x3d8  process-global-message.o [1]
      .text               ro code  0x0002235c     0x56  service-discovery-soc.o [1]
      .text               ro code  0x000223b4    0x4a8  manufacturing-library-cli.o [28]
      .text               ro code  0x0002285c     0x48  find-and-bind-target.o [20]
      .text               ro code  0x000228a4    0x208  bulb-pwm-driver-blink.o [7]
      .text               ro code  0x00022aac    0xc7c  scenes.o [41]
      .text               ro code  0x00023728    0x256  mfglib.o [63]
      .text               ro code  0x00023980    0x342  ota-storage-simple.o [37]
      .text               ro code  0x00023cc2     0xae  ota-client-policy.o [34]
      .text               ro code  0x00023d70     0x20  ota-client-page-request.o [33]
      .text               ro code  0x00023d90     0xf6  ota-common.o [35]
      .text               ro code  0x00023e88    0x2f8  ota-storage-eeprom-page-erase.o [38]
      .text               ro code  0x00024180    0x188  ota-storage-common.o [36]
      .text               ro code  0x00024308    0x220  ota-storage-eeprom.o [38]
      .text               ro code  0x00024528      0x4  ota-client-signature-verify.o [33]
      .text               ro code  0x0002452c     0x24  attribute-size.o [1]
      .text               ro code  0x00024550     0x70  polling-common.o [18]
      .text               ro code  0x000245c0     0xb4  idle-sleep.o [25]
      .text               ro code  0x00024674      0xc  eeprom-afv2.o [13]
      .text               ro code  0x00024680    0x6c0  radio.o [61]
      .text               ro code  0x00024d40    0x2e4  synth.o [61]
      .text               ro code  0x00025024    0x5ec  protimer.o [61]
      .text               ro code  0x00025610    0x398  timings.o [61]
      .text               ro code  0x000259a8    0xea4  generic_phy.o [61]
      .text               ro code  0x0002684c    0x120  rf_rand.o [61]
      .text               ro code  0x0002696c      0x8  em_core.o [17]
      .text               ro code  0x00026974      0x6  em_core.o [17]
      .text               ro code  0x0002697a      0xc  rail_assert.o [61]
      .text               ro code  0x00026988    0x782  ir_cal.o [61]
      .text               ro code  0x0002710c     0x50  tempcal.o [61]
      .text               ro code  0x0002715c    0x1ec  rf_test.o [61]
      .text               ro code  0x00027348    0x134  rail_ieee802154_rf_hal.o [61]
      .text               ro code  0x0002747c     0xe4  radio_cmu.o [61]
      .text               ro code  0x00027560      0x4  antenna-stub.o [4]
      .text               ro code  0x00027564     0x40  em_msc.o [17]
      .text               ro code  0x000275a4    0x988  zigbee-device.o [72]
      .text               ro code  0x00027f2c      0x6  end-device-bind-stub.o [56]
      .text               ro code  0x00027f34    0x440  sim-eeprom2-internal-1to2upgrade.o [70]
      .text               ro code  0x00028374    0x12c  em_timer.o [17]
      .text               ro code  0x000284a0    0x450  dmadrv.o [16]
      .text               ro code  0x000288f0     0xd4  gpiointerrupt.o [16]
      .text               ro code  0x000289c4     0x4c  em_core.o [17]
      .text               ro code  0x00028a10     0x32  ABImemset48.o [67]
      .text               ro code  0x00028a44      0x2  I64DivZer.o [67]
      .text               ro code  0x00028a48     0x64  em_mpu.o [17]
      .text               ro code  0x00028aac      0xe  register-access.o [59]
      .text               ro code  0x00028abc    0x266  bootloader-interface-app.o [19]
      .text               ro code  0x00028d24    0x602  call-command-handler.o [1]
      .text               ro code  0x00029328     0x18  ota-bootload-soc.o [32]
      .text               ro code  0x00029340     0xb6  eeprom-cli.o [13]
      .text               ro code  0x000293f8     0x48  em_system.o [17]
      .text               ro code  0x00029440     0x2a  phy_utils.o [61]
      .text               ro code  0x0002946c      0x6  ABImemclr.o [67]
      .text               ro code  0x00029474    0x1b2  aux_pll.o [61]
      .text               ro code  0x00029628    0x1c0  zdo-binding-table.o [46]
      .text               ro code  0x000297e8    0x238  em_ldma.o [17]
      .text               ro code  0x00029a20     0x2c  basic.o [5]
      .text               ro code  0x00029a4c    0x12e  identify.o [24]
      .text               ro code  0x00029b7a     0x1c  Z3ColorTempLightSoc_6_callbacks.o [1]
      .text               ro code  0x00029b98    0x140  ota-storage-common-cli.o [36]
      .text               ro code  0x00029cd8     0xa4  ota-client-cli.o [33]
      .text               ro code  0x00029d7c     0x2c  ota-bootload-cli.o [32]
      .text               ro code  0x00029da8     0x5e  bootloader-interface.o [19]
      .text               ro code  0x00029e08     0x84  idle-sleep-cli.o [25]
      .text               ro code  0x00029e8c    0x1b8  em_adc.o [17]
      .text               ro code  0x0002a044      0x2  faults-v7m.o [14]
      .text               ro code  0x0002a048      0x2  faults-v7m.o [14]
      .text               ro code  0x0002a04c      0x2  faults-v7m.o [14]
      .text               ro code  0x0002a050      0x2  faults-v7m.o [14]
      .text               ro code  0x0002a054      0x2  faults-v7m.o [14]
      .text               ro code  0x0002a058      0x2  faults-v7m.o [14]
      .text               ro code  0x0002a05c      0x2  faults-v7m.o [14]
      .text               ro code  0x0002a060     0x70  faults-v7m.o [14]
      .text               ro code  0x0002a0d0      0x4  isr-stubs.o [14]
      .text               ro code  0x0002a0d4    0x264  configuration-server-cli.o [10]
      .text               ro code  0x0002a338    0x10c  bulb-pwm-cli.o [6]
      .text               ro code  0x0002a444    0x148  adc-efr32.o [2]
      .text               ro code  0x0002a58c    0x20c  network-cli.o [1]
      .text               ro code  0x0002a798    0x250  option-cli.o [1]
      .text               ro code  0x0002a9e8    0x844  zcl-cli.o [1]
      .text               ro code  0x0002b22c    0x52e  zdo-cli.o [1]
      .text               ro code  0x0002b75c    0x184  cstartup-iar.o [59]
      .text               ro code  0x0002b8e0      0xc  memcpy.o [55]
      .text               ro code  0x0002b8ec     0x14  memset.o [55]
      .text               ro code  0x0002b900     0x12  simple-main.o [43]
      .text               ro code  0x0002b914     0xac  rfsense.o [61]
      .text               ro code  0x0002b9c0     0x22  fpinit_M.o [62]
    .rodata               const    0x0002ba00   0x101c  generic_efr32xg12_seq.o [61]
    .rodata               const    0x0002ca1c     0x10  update-tc-link-key.o [44]
    .rodata               const    0x0002ca2c     0x14  update-tc-link-key.o [44]
    .rodata               const    0x0002ca40     0x2c  update-tc-link-key.o [44]
    .rodata               const    0x0002ca6c     0x14  update-tc-link-key.o [44]
    .rodata               const    0x0002ca80      0xc  update-tc-link-key.o [44]
    .rodata               const    0x0002ca8c     0x1c  sim-eeprom2.o [42]
    .rodata               const    0x0002caa8     0x30  sim-eeprom2.o [42]
    .rodata               const    0x0002cad8      0x4  sim-eeprom2.o [42]
    .rodata               const    0x0002cadc     0x38  sim-eeprom2.o [42]
    .rodata               const    0x0002cb14      0xc  scenes.o [41]
    .rodata               const    0x0002cb20     0x10  scenes.o [41]
    .rodata               const    0x0002cb30     0x10  scenes.o [41]
    .rodata               const    0x0002cb40      0xc  scenes.o [41]
    .rodata               const    0x0002cb4c      0x8  scenes.o [41]
    .rodata               const    0x0002cb54     0x10  scenes.o [41]
    .rodata               const    0x0002cb64      0xc  scenes.o [41]
    .rodata               const    0x0002cb70      0xc  scenes.o [41]
    .rodata               const    0x0002cb7c     0x18  scenes.o [41]
    .rodata               const    0x0002cb94     0x14  scenes.o [41]
    .rodata               const    0x0002cba8     0x14  scenes.o [41]
    .rodata               const    0x0002cbbc     0x18  scenes.o [41]
    .rodata               const    0x0002cbd4     0x10  scenes.o [41]
    .rodata               const    0x0002cbe4     0x20  ota-storage-eeprom-page-erase.o [38]
    .rodata               const    0x0002cc04     0x18  ota-storage-eeprom.o [38]
    .rodata               const    0x0002cc1c      0xc  ota-storage-eeprom.o [38]
    .rodata               const    0x0002cc28      0xc  ota-storage-eeprom.o [38]
    .rodata               const    0x0002cc34      0x4  ota-storage-simple.o [37]
    .rodata               const    0x0002cc38     0x10  ota-storage-common.o [36]
    .rodata               const    0x0002cc48     0x14  ota-common.o [35]
    .rodata               const    0x0002cc5c      0xc  ota-common.o [35]
    .rodata               const    0x0002cc68     0x20  ota-client-cli.o [33]
    .rodata               const    0x0002cc88      0x8  ota-client-cli.o [33]
    .rodata               const    0x0002cc90      0x8  ota-client-cli.o [33]
    .rodata               const    0x0002cc98      0xc  ota-client.o [33]
    .rodata               const    0x0002cca4      0xc  ota-client.o [33]
    .rodata               const    0x0002ccb0      0x4  ota-client.o [33]
    .rodata               const    0x0002ccb4      0x8  ota-client.o [33]
    .rodata               const    0x0002ccbc     0x14  ota-bootload-soc.o [32]
    .rodata               const    0x0002ccd0     0x14  on-off.o [31]
    .rodata               const    0x0002cce4     0x2c  network-steering-soc.o [30]
    .rodata               const    0x0002cd10      0x8  network-steering.o [30]
    .rodata               const    0x0002cd18     0x30  network-steering.o [30]
    .rodata               const    0x0002cd48     0x30  network-steering.o [30]
    .rodata               const    0x0002cd78     0x2c  network-steering.o [30]
    .rodata               const    0x0002cda4     0x30  network-steering.o [30]
    .rodata               const    0x0002cdd4     0x30  network-steering.o [30]
    .rodata               const    0x0002ce04     0x30  network-steering.o [30]
    .rodata               const    0x0002ce34     0x30  network-steering.o [30]
    .rodata               const    0x0002ce64     0x30  network-steering.o [30]
    .rodata               const    0x0002ce94     0x3c  network-steering.o [30]
    .rodata               const    0x0002ced0     0x20  network-steering.o [30]
    .rodata               const    0x0002cef0     0x14  network-steering.o [30]
    .rodata               const    0x0002cf04     0x24  network-steering.o [30]
    .rodata               const    0x0002cf28     0x20  network-steering.o [30]
    .rodata               const    0x0002cf48     0x30  network-steering.o [30]
    .rodata               const    0x0002cf78     0x14  network-steering.o [30]
    .rodata               const    0x0002cf8c     0x24  network-steering.o [30]
    .rodata               const    0x0002cfb0     0x1c  network-steering.o [30]
    .rodata               const    0x0002cfcc     0x24  network-steering.o [30]
    .rodata               const    0x0002cff0     0x14  network-steering.o [30]
    .rodata               const    0x0002d004     0x28  network-steering.o [30]
    .rodata               const    0x0002d02c     0x14  network-steering.o [30]
    .rodata               const    0x0002d040     0x2c  network-steering.o [30]
    .rodata               const    0x0002d06c     0x2c  network-steering.o [30]
    .rodata               const    0x0002d098     0x2c  network-steering.o [30]
    .rodata               const    0x0002d0c4     0x2c  network-steering.o [30]
    .rodata               const    0x0002d0f0     0x18  network-steering.o [30]
    .rodata               const    0x0002d108     0x2c  network-steering.o [30]
    .rodata               const    0x0002d134     0x10  network-steering.o [30]
    .rodata               const    0x0002d144     0x2c  network-steering.o [30]
    .rodata               const    0x0002d170     0x14  network-steering.o [30]
    .rodata               const    0x0002d184     0x10  network-steering.o [30]
    .rodata               const    0x0002d194      0x8  network-steering.o [30]
    .rodata               const    0x0002d19c      0x8  network-steering.o [30]
    .rodata               const    0x0002d1a4     0x2c  network-steering.o [30]
    .rodata               const    0x0002d1d0     0x30  network-steering.o [30]
    .rodata               const    0x0002d200     0x1c  network-steering.o [30]
    .rodata               const    0x0002d21c     0x24  network-steering.o [30]
    .rodata               const    0x0002d240     0x10  network-steering.o [30]
    .rodata               const    0x0002d250     0x10  network-steering.o [30]
    .rodata               const    0x0002d260     0x10  network-steering.o [30]
    .rodata               const    0x0002d270     0x10  manufacturing-library-ota.o [29]
    .rodata               const    0x0002d280     0x10  manufacturing-library-ota.o [29]
    .rodata               const    0x0002d290      0x8  manufacturing-library-ota.o [29]
    .rodata               const    0x0002d298     0x20  manufacturing-library-ota.o [29]
    .rodata               const    0x0002d2b8     0x18  manufacturing-library-cli.o [28]
    .rodata               const    0x0002d2d0      0x8  manufacturing-library-cli.o [28]
    .rodata               const    0x0002d2d8     0x18  manufacturing-library-cli.o [28]
    .rodata               const    0x0002d2f0     0x14  manufacturing-library-cli.o [28]
    .rodata               const    0x0002d304     0x20  manufacturing-library-cli.o [28]
    .rodata               const    0x0002d324     0x14  manufacturing-library-cli.o [28]
    .rodata               const    0x0002d338     0x14  manufacturing-library-cli.o [28]
    .rodata               const    0x0002d34c     0x18  manufacturing-library-cli.o [28]
    .rodata               const    0x0002d364     0x14  manufacturing-library-cli.o [28]
    .rodata               const    0x0002d378     0x28  manufacturing-library-cli.o [28]
    .rodata               const    0x0002d3a0     0x28  manufacturing-library-cli.o [28]
    .rodata               const    0x0002d3c8     0x1c  manufacturing-library-cli.o [28]
    .rodata               const    0x0002d3e4     0x20  manufacturing-library-cli.o [28]
    .rodata               const    0x0002d404      0xc  manufacturing-library-cli.o [28]
    .rodata               const    0x0002d410      0xc  manufacturing-library-cli.o [28]
    .rodata               const    0x0002d41c     0x14  manufacturing-library-cli.o [28]
    .rodata               const    0x0002d430     0x10  manufacturing-library-cli.o [28]
    .rodata               const    0x0002d440     0x10  manufacturing-library-cli.o [28]
    .rodata               const    0x0002d450     0x10  manufacturing-library-cli.o [28]
    .rodata               const    0x0002d460     0x1c  manufacturing-library-cli.o [28]
    .rodata               const    0x0002d47c     0x1c  manufacturing-library-cli.o [28]
    .rodata               const    0x0002d498     0x20  manufacturing-library-cli.o [28]
    .rodata               const    0x0002d4b8     0x1c  manufacturing-library-cli.o [28]
    .rodata               const    0x0002d4d4     0x24  manufacturing-library-cli.o [28]
    .rodata               const    0x0002d4f8     0x40  manufacturing-library-cli.o [28]
    .rodata               const    0x0002d538     0x28  manufacturing-library-cli.o [28]
    .rodata               const    0x0002d560     0x1c  manufacturing-library-cli.o [28]
    .rodata               const    0x0002d57c     0x10  level-control.o [27]
    .rodata               const    0x0002d58c     0x14  level-control.o [27]
    .rodata               const    0x0002d5a0     0x10  led-temp-pwm.o [26]
    .rodata               const    0x0002d5b0     0x10  led-temp-pwm.o [26]
    .rodata               const    0x0002d5c0     0x18  led-temp-pwm.o [26]
    .rodata               const    0x0002d5d8      0x8  led-temp-pwm.o [26]
    .rodata               const    0x0002d5e0     0x20  idle-sleep-cli.o [25]
    .rodata               const    0x0002d600     0x20  idle-sleep-cli.o [25]
    .rodata               const    0x0002d620     0x20  idle-sleep-cli.o [25]
    .rodata               const    0x0002d640     0x20  idle-sleep-cli.o [25]
    .rodata               const    0x0002d660     0x14  hal-config.o [22]
    .rodata               const    0x0002d674     0x10  hal-config.o [22]
    .rodata               const    0x0002d684     0x14  hal-config.o [22]
    .rodata               const    0x0002d698     0x24  hal-config.o [22]
    .rodata               const    0x0002d6bc     0x10  find-and-bind-target.o [20]
    .rodata               const    0x0002d6cc     0x18  find-and-bind-target.o [20]
    .rodata               const    0x0002d6e4     0x10  find-and-bind-target.o [20]
    .rodata               const    0x0002d6f4     0x1c  bootloader-interface-app.o [19]
    .rodata               const    0x0002d710     0x38  bootloader-interface.o [19]
    .rodata               const    0x0002d748     0x1c  end-device-move.o [18]
    .rodata               const    0x0002d764     0x24  end-device-move.o [18]
    .rodata               const    0x0002d788     0x10  end-device-move.o [18]
    .rodata               const    0x0002d798     0x10  end-device-move.o [18]
    .rodata               const    0x0002d7a8     0x14  polling-soc.o [18]
    .rodata               const    0x0002d7bc     0x28  em_cmu.o [17]
    .rodata               const    0x0002d7e4     0x48  em_rmu.o [17]
    .rodata               const    0x0002d82c     0x10  dmadrv.o [16]
    .rodata               const    0x0002d83c     0x10  dmadrv.o [16]
    .rodata               const    0x0002d84c     0x10  dmadrv.o [16]
    .rodata               const    0x0002d85c      0x4  dmadrv.o [16]
    .rodata               const    0x0002d860     0x18  uartdrv.o [16]
    .rodata               const    0x0002d878     0x10  uartdrv.o [16]
    .rodata               const    0x0002d888     0x10  ustimer.o [16]
    .rodata               const    0x0002d898     0x24  ember-printf.o [15]
    .rodata               const    0x0002d8bc     0x14  assert-crash-handlers.o [14]
    .rodata               const    0x0002d8d0     0x10  button.o [14]
    .rodata               const    0x0002d8e0      0x8  com.o [14]
    .rodata               const    0x0002d8e8     0x24  cstartup-common.o [14]
    .rodata               const    0x0002d90c     0x40  diagnostic.o [14]
    .rodata               const    0x0002d94c     0x38  diagnostic.o [14]
    .rodata               const    0x0002d984     0x44  diagnostic.o [14]
    .rodata               const    0x0002d9c8     0x3c  diagnostic.o [14]
    .rodata               const    0x0002da04     0x30  diagnostic.o [14]
    .rodata               const    0x0002da34     0x30  diagnostic.o [14]
    .rodata               const    0x0002da64     0x24  diagnostic.o [14]
    .rodata               const    0x0002da88     0x28  diagnostic.o [14]
    .rodata               const    0x0002dab0     0x40  diagnostic.o [14]
    .rodata               const    0x0002daf0     0x3c  diagnostic.o [14]
    .rodata               const    0x0002db2c     0x30  diagnostic.o [14]
    .rodata               const    0x0002db5c     0x38  diagnostic.o [14]
    .rodata               const    0x0002db94     0x3c  diagnostic.o [14]
    .rodata               const    0x0002dbd0     0x30  diagnostic.o [14]
    .rodata               const    0x0002dc00     0x38  diagnostic.o [14]
    .rodata               const    0x0002dc38     0x30  diagnostic.o [14]
    .rodata               const    0x0002dc68     0x40  diagnostic.o [14]
    .rodata               const    0x0002dca8      0xc  diagnostic.o [14]
    .rodata               const    0x0002dcb4     0x10  diagnostic.o [14]
    .rodata               const    0x0002dcc4      0xc  diagnostic.o [14]
    .rodata               const    0x0002dcd0      0xc  diagnostic.o [14]
    .rodata               const    0x0002dcdc      0xc  diagnostic.o [14]
    .rodata               const    0x0002dce8      0xc  diagnostic.o [14]
    .rodata               const    0x0002dcf4     0x10  diagnostic.o [14]
    .rodata               const    0x0002dd04     0x10  diagnostic.o [14]
    .rodata               const    0x0002dd14      0xc  diagnostic.o [14]
    .rodata               const    0x0002dd20      0xc  diagnostic.o [14]
    .rodata               const    0x0002dd2c     0x10  diagnostic.o [14]
    .rodata               const    0x0002dd3c      0xc  diagnostic.o [14]
    .rodata               const    0x0002dd48     0x10  diagnostic.o [14]
    .rodata               const    0x0002dd58     0x10  diagnostic.o [14]
    .rodata               const    0x0002dd68      0xc  diagnostic.o [14]
    .rodata               const    0x0002dd74      0xc  diagnostic.o [14]
    .rodata               const    0x0002dd80      0xc  diagnostic.o [14]
    .rodata               const    0x0002dd8c      0xc  diagnostic.o [14]
    .rodata               const    0x0002dd98     0x10  diagnostic.o [14]
    .rodata               const    0x0002dda8      0xc  diagnostic.o [14]
    .rodata               const    0x0002ddb4     0x10  diagnostic.o [14]
    .rodata               const    0x0002ddc4     0x10  diagnostic.o [14]
    .rodata               const    0x0002ddd4     0x10  diagnostic.o [14]
    .rodata               const    0x0002dde4      0xc  diagnostic.o [14]
    .rodata               const    0x0002ddf0      0xc  diagnostic.o [14]
    .rodata               const    0x0002ddfc      0xc  diagnostic.o [14]
    .rodata               const    0x0002de08     0x10  diagnostic.o [14]
    .rodata               const    0x0002de18     0x10  diagnostic.o [14]
    .rodata               const    0x0002de28      0xc  diagnostic.o [14]
    .rodata               const    0x0002de34     0x10  diagnostic.o [14]
    .rodata               const    0x0002de44      0xc  diagnostic.o [14]
    .rodata               const    0x0002de50      0xc  diagnostic.o [14]
    .rodata               const    0x0002de5c     0x10  diagnostic.o [14]
    .rodata               const    0x0002de6c     0x10  diagnostic.o [14]
    .rodata               const    0x0002de7c      0xc  diagnostic.o [14]
    .rodata               const    0x0002de88      0xc  diagnostic.o [14]
    .rodata               const    0x0002de94     0x10  diagnostic.o [14]
    .rodata               const    0x0002dea4     0x10  diagnostic.o [14]
    .rodata               const    0x0002deb4      0xc  diagnostic.o [14]
    .rodata               const    0x0002dec0      0xc  diagnostic.o [14]
    .rodata               const    0x0002decc     0x10  diagnostic.o [14]
    .rodata               const    0x0002dedc     0x10  diagnostic.o [14]
    .rodata               const    0x0002deec      0xc  diagnostic.o [14]
    .rodata               const    0x0002def8     0x10  diagnostic.o [14]
    .rodata               const    0x0002df08     0x10  diagnostic.o [14]
    .rodata               const    0x0002df18      0xc  diagnostic.o [14]
    .rodata               const    0x0002df24      0xc  diagnostic.o [14]
    .rodata               const    0x0002df30     0x10  diagnostic.o [14]
    .rodata               const    0x0002df40     0x10  diagnostic.o [14]
    .rodata               const    0x0002df50      0xc  diagnostic.o [14]
    .rodata               const    0x0002df5c      0x8  diagnostic.o [14]
    .rodata               const    0x0002df64      0x8  diagnostic.o [14]
    .rodata               const    0x0002df6c      0x8  diagnostic.o [14]
    .rodata               const    0x0002df74      0x8  diagnostic.o [14]
    .rodata               const    0x0002df7c     0x30  diagnostic.o [14]
    .rodata               const    0x0002dfac     0x3c  diagnostic.o [14]
    .rodata               const    0x0002dfe8     0x2c  diagnostic.o [14]
    .rodata               const    0x0002e014     0x20  diagnostic.o [14]
    .rodata               const    0x0002e034     0x30  diagnostic.o [14]
    .rodata               const    0x0002e064     0x18  diagnostic.o [14]
    .rodata               const    0x0002e07c     0x40  diagnostic.o [14]
    .rodata               const    0x0002e0bc     0x30  diagnostic.o [14]
    .rodata               const    0x0002e0ec     0x1c  diagnostic.o [14]
    .rodata               const    0x0002e108     0x1c  diagnostic.o [14]
    .rodata               const    0x0002e124     0x18  diagnostic.o [14]
    .rodata               const    0x0002e13c     0x3c  diagnostic.o [14]
    .rodata               const    0x0002e178     0x34  diagnostic.o [14]
    .rodata               const    0x0002e1ac     0x3c  diagnostic.o [14]
    .rodata               const    0x0002e1e8     0x28  diagnostic.o [14]
    .rodata               const    0x0002e210     0x1c  diagnostic.o [14]
    .rodata               const    0x0002e22c      0x8  diagnostic.o [14]
    .rodata               const    0x0002e234     0x18  diagnostic.o [14]
    .rodata               const    0x0002e24c     0x48  diagnostic.o [14]
    .rodata               const    0x0002e294     0x30  diagnostic.o [14]
    .rodata               const    0x0002e2c4     0x1c  diagnostic.o [14]
    .rodata               const    0x0002e2e0     0x24  diagnostic.o [14]
    .rodata               const    0x0002e304      0xc  diagnostic.o [14]
    .rodata               const    0x0002e310     0x68  diagnostic.o [14]
    .rodata               const    0x0002e378     0xc8  diagnostic.o [14]
    .rodata               const    0x0002e440     0xcc  diagnostic.o [14]
    .rodata               const    0x0002e50c     0x10  led.o [14]
    .rodata               const    0x0002e51c      0xc  mfg-token.o [14]
    .rodata               const    0x0002e528      0x8  mfg-token.o [14]
    .rodata               const    0x0002e530     0x10  micro-common.o [14]
    .rodata               const    0x0002e540      0x8  micro.o [14]
    .rodata               const    0x0002e548      0x8  micro.o [14]
    .rodata               const    0x0002e550     0x30  micro.o [14]
    .rodata               const    0x0002e580      0x4  micro.o [14]
    .rodata               const    0x0002e584     0x58  micro.o [14]
    .rodata               const    0x0002e5dc     0x20  micro.o [14]
    .rodata               const    0x0002e5fc      0xc  micro.o [14]
    .rodata               const    0x0002e608      0x8  micro.o [14]
    .rodata               const    0x0002e610      0xc  micro.o [14]
    .rodata               const    0x0002e61c     0x10  micro.o [14]
    .rodata               const    0x0002e62c      0x8  micro.o [14]
    .rodata               const    0x0002e634      0xc  micro.o [14]
    .rodata               const    0x0002e640     0x10  micro.o [14]
    .rodata               const    0x0002e650     0x20  micro.o [14]
    .rodata               const    0x0002e670     0x34  micro.o [14]
    .rodata               const    0x0002e6a4     0x30  micro.o [14]
    .rodata               const    0x0002e6d4     0x10  sleep-efm32.o [14]
    .rodata               const    0x0002e6e4      0x8  token.o [14]
    .rodata               const    0x0002e6ec     0x10  eeprom-cli.o [13]
    .rodata               const    0x0002e6fc     0x24  eeprom-cli.o [13]
    .rodata               const    0x0002e720     0x20  eeprom-cli.o [13]
    .rodata               const    0x0002e740     0x24  eeprom-cli.o [13]
    .rodata               const    0x0002e764     0x20  eeprom-cli.o [13]
    .rodata               const    0x0002e784     0x20  eeprom-cli.o [13]
    .rodata               const    0x0002e7a4     0x20  eeprom-cli.o [13]
    .rodata               const    0x0002e7c4     0x20  eeprom-cli.o [13]
    .rodata               const    0x0002e7e4     0x20  eeprom-cli.o [13]
    .rodata               const    0x0002e804     0x24  eeprom-cli.o [13]
    .rodata               const    0x0002e828      0xc  eeprom-cli.o [13]
    .rodata               const    0x0002e834      0x8  eeprom-cli.o [13]
    .rodata               const    0x0002e83c      0xc  eeprom.o [13]
    .rodata               const    0x0002e848     0x14  eeprom.o [13]
    .rodata               const    0x0002e85c      0x8  eeprom.o [13]
    .rodata               const    0x0002e864     0x10  debug-jtag-efr32.o [12]
    .rodata               const    0x0002e874      0xc  SEGGER_RTT.o [11]
    .rodata               const    0x0002e880      0x8  SEGGER_RTT.o [11]
    .rodata               const    0x0002e888     0x18  configuration-server-cli.o [10]
    .rodata               const    0x0002e8a0     0x14  configuration-server-cli.o [10]
    .rodata               const    0x0002e8b4     0x14  configuration-server-cli.o [10]
    .rodata               const    0x0002e8c8     0x14  configuration-server-cli.o [10]
    .rodata               const    0x0002e8dc     0x14  configuration-server-cli.o [10]
    .rodata               const    0x0002e8f0     0x1c  configuration-server-cli.o [10]
    .rodata               const    0x0002e90c      0xc  configuration-server-cli.o [10]
    .rodata               const    0x0002e918     0x18  configuration-server-cli.o [10]
    .rodata               const    0x0002e930     0x10  configuration-server-cli.o [10]
    .rodata               const    0x0002e940     0x18  configuration-server-cli.o [10]
    .rodata               const    0x0002e958     0x14  configuration-server-cli.o [10]
    .rodata               const    0x0002e96c     0x18  configuration-server-cli.o [10]
    .rodata               const    0x0002e984     0x14  configuration-server-cli.o [10]
    .rodata               const    0x0002e998     0x14  configuration-server-cli.o [10]
    .rodata               const    0x0002e9ac     0x1c  configuration-server-cli.o [10]
    .rodata               const    0x0002e9c8     0x14  configuration-server-cli.o [10]
    .rodata               const    0x0002e9dc      0x8  configuration-server.o [10]
    .rodata               const    0x0002e9e4      0xc  configuration-server.o [10]
    .rodata               const    0x0002e9f0     0x30  configuration-server.o [10]
    .rodata               const    0x0002ea20     0x1c  configuration-server.o [10]
    .rodata               const    0x0002ea3c     0x18  color-control-server.o [9]
    .rodata               const    0x0002ea54     0x24  color-control-server.o [9]
    .rodata               const    0x0002ea78     0x18  color-control-server.o [9]
    .rodata               const    0x0002ea90     0x18  color-control-server.o [9]
    .rodata               const    0x0002eaa8     0x14  color-control-server.o [9]
    .rodata               const    0x0002eabc     0x14  bulb-ui.o [8]
    .rodata               const    0x0002ead0     0x18  bulb-ui.o [8]
    .rodata               const    0x0002eae8     0x18  bulb-ui.o [8]
    .rodata               const    0x0002eb00     0x20  bulb-ui.o [8]
    .rodata               const    0x0002eb20     0x18  bulb-ui.o [8]
    .rodata               const    0x0002eb38      0x4  bulb-ui.o [8]
    .rodata               const    0x0002eb3c     0x14  bulb-ui.o [8]
    .rodata               const    0x0002eb50     0x14  bulb-ui.o [8]
    .rodata               const    0x0002eb64     0x14  bulb-ui.o [8]
    .rodata               const    0x0002eb78     0x14  bulb-ui.o [8]
    .rodata               const    0x0002eb8c     0x1c  bulb-ui.o [8]
    .rodata               const    0x0002eba8     0x18  bulb-ui.o [8]
    .rodata               const    0x0002ebc0     0x18  bulb-ui.o [8]
    .rodata               const    0x0002ebd8     0x18  bulb-ui.o [8]
    .rodata               const    0x0002ebf0     0x14  bulb-ui.o [8]
    .rodata               const    0x0002ec04     0x20  bulb-ui.o [8]
    .rodata               const    0x0002ec24     0x20  bulb-ui.o [8]
    .rodata               const    0x0002ec44     0x1c  bulb-ui.o [8]
    .rodata               const    0x0002ec60     0x24  bulb-ui.o [8]
    .rodata               const    0x0002ec84     0x1c  bulb-ui.o [8]
    .rodata               const    0x0002eca0     0x14  bulb-ui.o [8]
    .rodata               const    0x0002ecb4     0x14  bulb-ui.o [8]
    .rodata               const    0x0002ecc8     0x2c  bulb-ui.o [8]
    .rodata               const    0x0002ecf4     0x14  bulb-ui.o [8]
    .rodata               const    0x0002ed08     0x14  bulb-ui.o [8]
    .rodata               const    0x0002ed1c     0x10  bulb-ui.o [8]
    .rodata               const    0x0002ed2c     0x1c  bulb-ui.o [8]
    .rodata               const    0x0002ed48     0x10  bulb-ui.o [8]
    .rodata               const    0x0002ed58     0x24  bulb-ui.o [8]
    .rodata               const    0x0002ed7c      0xc  bulb-ui.o [8]
    .rodata               const    0x0002ed88     0x24  bulb-ui.o [8]
    .rodata               const    0x0002edac      0xc  bulb-ui.o [8]
    .rodata               const    0x0002edb8     0x18  bulb-ui.o [8]
    .rodata               const    0x0002edd0     0x24  bulb-ui.o [8]
    .rodata               const    0x0002edf4     0x20  bulb-ui.o [8]
    .rodata               const    0x0002ee14     0x18  bulb-ui.o [8]
    .rodata               const    0x0002ee2c     0x1c  bulb-ui.o [8]
    .rodata               const    0x0002ee48     0x10  bulb-ui.o [8]
    .rodata               const    0x0002ee58      0xc  adc-efr32.o [2]
    .rodata               const    0x0002ee64      0x8  adc-efr32.o [2]
    .rodata               const    0x0002ee6c      0x8  adc-efr32.o [2]
    .rodata               const    0x0002ee74     0x10  af-event.o [1]
    .rodata               const    0x0002ee84     0x20  af-event.o [1]
    .rodata               const    0x0002eea4     0x24  af-event.o [1]
    .rodata               const    0x0002eec8     0x30  af-event.o [1]
    .rodata               const    0x0002eef8     0x20  af-event.o [1]
    .rodata               const    0x0002ef18     0x20  af-event.o [1]
    .rodata               const    0x0002ef38     0x28  af-event.o [1]
    .rodata               const    0x0002ef60     0x24  af-event.o [1]
    .rodata               const    0x0002ef84     0x38  af-event.o [1]
    .rodata               const    0x0002efbc     0x34  af-event.o [1]
    .rodata               const    0x0002eff0     0x34  af-event.o [1]
    .rodata               const    0x0002f024     0x2c  af-event.o [1]
    .rodata               const    0x0002f050     0x2c  af-event.o [1]
    .rodata               const    0x0002f07c     0x28  af-event.o [1]
    .rodata               const    0x0002f0a4     0x34  af-event.o [1]
    .rodata               const    0x0002f0d8     0x18  af-event.o [1]
    .rodata               const    0x0002f0f0     0x28  af-event.o [1]
    .rodata               const    0x0002f118     0x28  af-event.o [1]
    .rodata               const    0x0002f140     0x98  af-event.o [1]
    .rodata               const    0x0002f1d8      0xc  af-main-common.o [1]
    .rodata               const    0x0002f1e4      0x8  af-main-common.o [1]
    .rodata               const    0x0002f1ec      0x8  af-main-common.o [1]
    .rodata               const    0x0002f1f4      0x8  af-main-common.o [1]
    .rodata               const    0x0002f1fc      0x8  af-main-common.o [1]
    .rodata               const    0x0002f204      0x8  af-main-common.o [1]
    .rodata               const    0x0002f20c      0x8  af-main-common.o [1]
    .rodata               const    0x0002f214      0x4  af-main-common.o [1]
    .rodata               const    0x0002f218      0x8  af-main-common.o [1]
    .rodata               const    0x0002f220      0x8  af-main-common.o [1]
    .rodata               const    0x0002f228     0x10  af-main-common.o [1]
    .rodata               const    0x0002f238      0x8  af-main-common.o [1]
    .rodata               const    0x0002f240      0x4  af-main-common.o [1]
    .rodata               const    0x0002f244     0x3c  af-main-common.o [1]
    .rodata               const    0x0002f280     0x18  af-main-common.o [1]
    .rodata               const    0x0002f298     0x30  af-main-common.o [1]
    .rodata               const    0x0002f2c8     0x14  af-main-common.o [1]
    .rodata               const    0x0002f2dc      0x8  af-main-common.o [1]
    .rodata               const    0x0002f2e4      0x8  af-main-common.o [1]
    .rodata               const    0x0002f2ec      0xc  af-main-common.o [1]
    .rodata               const    0x0002f2f8      0x8  af-main-common.o [1]
    .rodata               const    0x0002f300     0x10  af-main-common.o [1]
    .rodata               const    0x0002f310      0x8  af-main-common.o [1]
    .rodata               const    0x0002f318      0xc  af-main-common.o [1]
    .rodata               const    0x0002f324     0x20  af-main-common.o [1]
    .rodata               const    0x0002f344      0xc  af-main-common.o [1]
    .rodata               const    0x0002f350      0xc  af-main-common.o [1]
    .rodata               const    0x0002f35c      0x8  af-main-common.o [1]
    .rodata               const    0x0002f364     0x30  af-main-common.o [1]
    .rodata               const    0x0002f394      0x4  af-main-common.o [1]
    .rodata               const    0x0002f398     0x1c  af-main-common.o [1]
    .rodata               const    0x0002f3b4      0x8  af-main-common.o [1]
    .rodata               const    0x0002f3bc     0x18  af-main-common.o [1]
    .rodata               const    0x0002f3d4     0x10  af-main-common.o [1]
    .rodata               const    0x0002f3e4     0x10  af-main-common.o [1]
    .rodata               const    0x0002f3f4     0x48  af-main-common.o [1]
    .rodata               const    0x0002f43c     0x18  af-main-soc.o [1]
    .rodata               const    0x0002f454     0x20  af-main-soc.o [1]
    .rodata               const    0x0002f474     0x14  af-main-soc.o [1]
    .rodata               const    0x0002f488      0x8  af-main-soc.o [1]
    .rodata               const    0x0002f490     0x10  af-main-soc.o [1]
    .rodata               const    0x0002f4a0     0x18  af-main-soc.o [1]
    .rodata               const    0x0002f4b8     0x18  af-main-soc.o [1]
    .rodata               const    0x0002f4d0     0x30  attribute-size.o [1]
    .rodata               const    0x0002f500     0x58  attribute-storage.o [1]
    .rodata               const    0x0002f558      0x8  attribute-storage.o [1]
    .rodata               const    0x0002f560      0x4  attribute-storage.o [1]
    .rodata               const    0x0002f564      0x4  attribute-storage.o [1]
    .rodata               const    0x0002f568      0x4  attribute-storage.o [1]
    .rodata               const    0x0002f56c      0x4  attribute-storage.o [1]
    .rodata               const    0x0002f570      0x8  attribute-storage.o [1]
    .rodata               const    0x0002f578      0x4  attribute-storage.o [1]
    .rodata               const    0x0002f57c      0x4  attribute-storage.o [1]
    .rodata               const    0x0002f580    0x2b8  attribute-storage.o [1]
    .rodata               const    0x0002f838     0xdc  attribute-storage.o [1]
    .rodata               const    0x0002f914      0x8  attribute-storage.o [1]
    .rodata               const    0x0002f91c      0x8  attribute-storage.o [1]
    .rodata               const    0x0002f924      0x4  attribute-storage.o [1]
    .rodata               const    0x0002f928     0x28  callback-stub.o [1]
    .rodata               const    0x0002f950     0x10  callback-stub.o [1]
    .rodata               const    0x0002f960      0x8  callback-stub.o [1]
    .rodata               const    0x0002f968     0x18  callback-stub.o [1]
    .rodata               const    0x0002f980     0x24  callback-stub.o [1]
    .rodata               const    0x0002f9a4      0x8  cli.o [1]
    .rodata               const    0x0002f9ac      0x8  cli.o [1]
    .rodata               const    0x0002f9b4      0x8  cli.o [1]
    .rodata               const    0x0002f9bc      0x8  cli.o [1]
    .rodata               const    0x0002f9c4      0x4  cli.o [1]
    .rodata               const    0x0002f9c8      0x8  cli.o [1]
    .rodata               const    0x0002f9d0      0x8  cli.o [1]
    .rodata               const    0x0002f9d8      0x8  cli.o [1]
    .rodata               const    0x0002f9e0      0x4  cli.o [1]
    .rodata               const    0x0002f9e4      0x4  cli.o [1]
    .rodata               const    0x0002f9e8      0x4  cli.o [1]
    .rodata               const    0x0002f9ec      0x8  cli.o [1]
    .rodata               const    0x0002f9f4      0x8  cli.o [1]
    .rodata               const    0x0002f9fc      0x8  cli.o [1]
    .rodata               const    0x0002fa04      0x8  cli.o [1]
    .rodata               const    0x0002fa0c      0xc  cli.o [1]
    .rodata               const    0x0002fa18      0x8  cli.o [1]
    .rodata               const    0x0002fa20      0x4  cli.o [1]
    .rodata               const    0x0002fa24      0x8  cli.o [1]
    .rodata               const    0x0002fa2c      0x4  cli.o [1]
    .rodata               const    0x0002fa30      0xc  cli.o [1]
    .rodata               const    0x0002fa3c      0x4  cli.o [1]
    .rodata               const    0x0002fa40      0xc  cli.o [1]
    .rodata               const    0x0002fa4c      0x8  cli.o [1]
    .rodata               const    0x0002fa54      0x4  cli.o [1]
    .rodata               const    0x0002fa58      0x8  cli.o [1]
    .rodata               const    0x0002fa60      0xc  cli.o [1]
    .rodata               const    0x0002fa6c      0x8  cli.o [1]
    .rodata               const    0x0002fa74      0x8  cli.o [1]
    .rodata               const    0x0002fa7c      0x8  cli.o [1]
    .rodata               const    0x0002fa84      0x8  cli.o [1]
    .rodata               const    0x0002fa8c      0x4  cli.o [1]
    .rodata               const    0x0002fa90      0x4  cli.o [1]
    .rodata               const    0x0002fa94      0xc  cli.o [1]
    .rodata               const    0x0002faa0      0x4  cli.o [1]
    .rodata               const    0x0002faa4      0xc  cli.o [1]
    .rodata               const    0x0002fab0     0x10  cli.o [1]
    .rodata               const    0x0002fac0     0x10  cli.o [1]
    .rodata               const    0x0002fad0      0xc  cli.o [1]
    .rodata               const    0x0002fadc      0x4  cli.o [1]
    .rodata               const    0x0002fae0     0x18  cli.o [1]
    .rodata               const    0x0002faf8      0x4  cli.o [1]
    .rodata               const    0x0002fafc      0x8  cli.o [1]
    .rodata               const    0x0002fb04      0x8  cli.o [1]
    .rodata               const    0x0002fb0c      0x8  cli.o [1]
    .rodata               const    0x0002fb14      0x8  cli.o [1]
    .rodata               const    0x0002fb1c      0x8  cli.o [1]
    .rodata               const    0x0002fb24      0xc  cli.o [1]
    .rodata               const    0x0002fb30     0x14  cli.o [1]
    .rodata               const    0x0002fb44      0x8  cli.o [1]
    .rodata               const    0x0002fb4c      0x8  cli.o [1]
    .rodata               const    0x0002fb54      0x8  cli.o [1]
    .rodata               const    0x0002fb5c      0x8  cli.o [1]
    .rodata               const    0x0002fb64      0x8  cli.o [1]
    .rodata               const    0x0002fb6c      0xc  cli.o [1]
    .rodata               const    0x0002fb78      0x8  cli.o [1]
    .rodata               const    0x0002fb80      0x8  cli.o [1]
    .rodata               const    0x0002fb88      0xc  cli.o [1]
    .rodata               const    0x0002fb94      0x4  cli.o [1]
    .rodata               const    0x0002fb98      0x8  cli.o [1]
    .rodata               const    0x0002fba0      0xc  cli.o [1]
    .rodata               const    0x0002fbac      0x8  cli.o [1]
    .rodata               const    0x0002fbb4     0x10  cli.o [1]
    .rodata               const    0x0002fbc4      0xc  cli.o [1]
    .rodata               const    0x0002fbd0      0xc  cli.o [1]
    .rodata               const    0x0002fbdc      0x8  cli.o [1]
    .rodata               const    0x0002fbe4     0x10  cli.o [1]
    .rodata               const    0x0002fbf4      0xc  cli.o [1]
    .rodata               const    0x0002fc00      0x8  cli.o [1]
    .rodata               const    0x0002fc08      0x8  cli.o [1]
    .rodata               const    0x0002fc10      0x8  cli.o [1]
    .rodata               const    0x0002fc18     0x10  cli.o [1]
    .rodata               const    0x0002fc28      0x8  cli.o [1]
    .rodata               const    0x0002fc30      0x8  cli.o [1]
    .rodata               const    0x0002fc38      0x4  cli.o [1]
    .rodata               const    0x0002fc3c      0x8  cli.o [1]
    .rodata               const    0x0002fc44      0x8  cli.o [1]
    .rodata               const    0x0002fc4c      0xc  cli.o [1]
    .rodata               const    0x0002fc58      0xc  cli.o [1]
    .rodata               const    0x0002fc64      0x8  cli.o [1]
    .rodata               const    0x0002fc6c      0xc  cli.o [1]
    .rodata               const    0x0002fc78      0xc  cli.o [1]
    .rodata               const    0x0002fc84      0xc  cli.o [1]
    .rodata               const    0x0002fc90      0x4  cli.o [1]
    .rodata               const    0x0002fc94      0x8  cli.o [1]
    .rodata               const    0x0002fc9c      0x8  cli.o [1]
    .rodata               const    0x0002fca4      0xc  cli.o [1]
    .rodata               const    0x0002fcb0     0x10  cli.o [1]
    .rodata               const    0x0002fcc0      0x8  cli.o [1]
    .rodata               const    0x0002fcc8     0x18  cli.o [1]
    .rodata               const    0x0002fce0      0xc  cli.o [1]
    .rodata               const    0x0002fcec      0x8  cli.o [1]
    .rodata               const    0x0002fcf4      0x4  cli.o [1]
    .rodata               const    0x0002fcf8      0xc  cli.o [1]
    .rodata               const    0x0002fd04      0x8  cli.o [1]
    .rodata               const    0x0002fd0c      0x8  cli.o [1]
    .rodata               const    0x0002fd14      0xc  cli.o [1]
    .rodata               const    0x0002fd20      0x4  cli.o [1]
    .rodata               const    0x0002fd24      0xc  cli.o [1]
    .rodata               const    0x0002fd30      0xc  cli.o [1]
    .rodata               const    0x0002fd3c      0xc  cli.o [1]
    .rodata               const    0x0002fd48     0x10  cli.o [1]
    .rodata               const    0x0002fd58      0xc  cli.o [1]
    .rodata               const    0x0002fd64     0x18  cli.o [1]
    .rodata               const    0x0002fd7c      0xc  cli.o [1]
    .rodata               const    0x0002fd88      0x8  cli.o [1]
    .rodata               const    0x0002fd90     0x10  cli.o [1]
    .rodata               const    0x0002fda0      0xc  cli.o [1]
    .rodata               const    0x0002fdac     0x14  cli.o [1]
    .rodata               const    0x0002fdc0      0x8  cli.o [1]
    .rodata               const    0x0002fdc8      0x8  cli.o [1]
    .rodata               const    0x0002fdd0      0x8  cli.o [1]
    .rodata               const    0x0002fdd8      0xc  cli.o [1]
    .rodata               const    0x0002fde4     0x10  cli.o [1]
    .rodata               const    0x0002fdf4      0x8  cli.o [1]
    .rodata               const    0x0002fdfc      0x4  cli.o [1]
    .rodata               const    0x0002fe00      0xc  cli.o [1]
    .rodata               const    0x0002fe0c      0x8  cli.o [1]
    .rodata               const    0x0002fe14      0xc  cli.o [1]
    .rodata               const    0x0002fe20     0x10  cli.o [1]
    .rodata               const    0x0002fe30      0xc  cli.o [1]
    .rodata               const    0x0002fe3c      0x8  cli.o [1]
    .rodata               const    0x0002fe44      0x8  cli.o [1]
    .rodata               const    0x0002fe4c      0x4  cli.o [1]
    .rodata               const    0x0002fe50      0x4  cli.o [1]
    .rodata               const    0x0002fe54      0x8  cli.o [1]
    .rodata               const    0x0002fe5c      0x8  cli.o [1]
    .rodata               const    0x0002fe64      0x8  cli.o [1]
    .rodata               const    0x0002fe6c      0x8  cli.o [1]
    .rodata               const    0x0002fe74     0x18  cli.o [1]
    .rodata               const    0x0002fe8c      0x4  cli.o [1]
    .rodata               const    0x0002fe90      0x8  cli.o [1]
    .rodata               const    0x0002fe98      0x8  cli.o [1]
    .rodata               const    0x0002fea0      0x8  cli.o [1]
    .rodata               const    0x0002fea8      0x8  cli.o [1]
    .rodata               const    0x0002feb0      0x8  cli.o [1]
    .rodata               const    0x0002feb8      0x8  cli.o [1]
    .rodata               const    0x0002fec0      0x8  cli.o [1]
    .rodata               const    0x0002fec8      0xc  cli.o [1]
    .rodata               const    0x0002fed4      0x8  cli.o [1]
    .rodata               const    0x0002fedc      0x8  cli.o [1]
    .rodata               const    0x0002fee4      0x8  cli.o [1]
    .rodata               const    0x0002feec      0x4  cli.o [1]
    .rodata               const    0x0002fef0      0x8  cli.o [1]
    .rodata               const    0x0002fef8     0x10  cli.o [1]
    .rodata               const    0x0002ff08      0xc  cli.o [1]
    .rodata               const    0x0002ff14      0x8  cli.o [1]
    .rodata               const    0x0002ff1c      0x8  cli.o [1]
    .rodata               const    0x0002ff24      0x4  cli.o [1]
    .rodata               const    0x0002ff28      0x4  cli.o [1]
    .rodata               const    0x0002ff2c     0x24  cli.o [1]
    .rodata               const    0x0002ff50     0x24  cli.o [1]
    .rodata               const    0x0002ff74     0x30  cli.o [1]
    .rodata               const    0x0002ffa4     0x24  cli.o [1]
    .rodata               const    0x0002ffc8     0xcc  cli.o [1]
    .rodata               const    0x00030094     0x24  cli.o [1]
    .rodata               const    0x000300b8     0x18  cli.o [1]
    .rodata               const    0x000300d0     0x24  cli.o [1]
    .rodata               const    0x000300f4     0x9c  cli.o [1]
    .rodata               const    0x00030190     0x30  cli.o [1]
    .rodata               const    0x000301c0     0x18  cli.o [1]
    .rodata               const    0x000301d8     0x48  cli.o [1]
    .rodata               const    0x00030220     0x84  cli.o [1]
    .rodata               const    0x000302a4     0x18  cli.o [1]
    .rodata               const    0x000302bc     0x24  cli.o [1]
    .rodata               const    0x000302e0     0x24  cli.o [1]
    .rodata               const    0x00030304     0x30  cli.o [1]
    .rodata               const    0x00030334     0xc0  cli.o [1]
    .rodata               const    0x000303f4     0x30  cli.o [1]
    .rodata               const    0x00030424     0x30  cli.o [1]
    .rodata               const    0x00030454     0x78  cli.o [1]
    .rodata               const    0x000304cc     0x60  cli.o [1]
    .rodata               const    0x0003052c     0x30  cli.o [1]
    .rodata               const    0x0003055c     0x30  cli.o [1]
    .rodata               const    0x0003058c     0x3c  cli.o [1]
    .rodata               const    0x000305c8     0x24  cli.o [1]
    .rodata               const    0x000305ec     0xa8  cli.o [1]
    .rodata               const    0x00030694     0x30  cli.o [1]
    .rodata               const    0x000306c4     0xfc  cli.o [1]
    .rodata               const    0x000307c0     0x14  command-interpreter2.o [1]
    .rodata               const    0x000307d4     0x10  command-interpreter2.o [1]
    .rodata               const    0x000307e4     0x18  command-interpreter2.o [1]
    .rodata               const    0x000307fc     0x14  command-interpreter2.o [1]
    .rodata               const    0x00030810     0x14  command-interpreter2.o [1]
    .rodata               const    0x00030824      0xc  command-interpreter2.o [1]
    .rodata               const    0x00030830     0x10  command-interpreter2.o [1]
    .rodata               const    0x00030840      0xc  command-interpreter2.o [1]
    .rodata               const    0x0003084c      0xc  command-interpreter2.o [1]
    .rodata               const    0x00030858      0xc  command-interpreter2.o [1]
    .rodata               const    0x00030864      0xc  command-interpreter2.o [1]
    .rodata               const    0x00030870      0xc  command-interpreter2.o [1]
    .rodata               const    0x0003087c      0xc  command-interpreter2.o [1]
    .rodata               const    0x00030888      0xc  command-interpreter2.o [1]
[...]
storedNetworks          0x2003e3c2     0x1  Data  Lc  network-steering-soc.o [30]
storedSleepControl      0x2003feed     0x1  Data  Lc  ota-storage-eeprom-page-erase.o [38]
stringToUnsignedInt     0x00004e7d    0x7a  Code  Lc  command-interpreter2.o [1]
strlen                  0x0001e52d          Code  Gb  strlen.o [67]
subBandConfigs          0x00031884    0x18  Data  Lc  radio_config_em3xxx_2.4GHz.o [72]
subBandParams           0x00031870    0x14  Data  Lc  radio_config_em3xxx_2.4GHz.o [72]
submitCount             0x2003f735     0x1  Data  Lc  retry.o [72]
subtractHue             0x0001455f    0x10  Code  Lc  color-control-server.o [9]
swoOutput               0x0000e2b3    0x98  Code  Lc  debug-jtag-efr32.o [12]
symbolDelayCallbacks    0x2003fd14     0x8  Data  Lc  symbol-timer.o [72]
syncReg                 0x000192b1    0x16  Code  Lc  em_cmu.o [17]
systemTimerId           0x2003f480     0x4  Data  Lc  system-timer.o [59]
tail                    0x2003fee9     0x1  Data  Lc  scan-dispatch.o [40]
tempdrvHighCallbacks    0x2003ed00    0x28  Data  Lc  tempdrv.o [16]
tempdrvLowCallbacks     0x2003ed28    0x28  Data  Lc  tempdrv.o [16]
terminateScanRequest    0x0001bfb5    0x28  Code  Lc  zdo-channel.o [72]
testModeRegisterState   0x2003fddc    0x50  Data  Lc  rf_test.o [61]
testPacket              0x2003df74    0x40  Data  Lc  manufacturing-library-cli.o [28]
ticksPerPeriod          0x2003fec2     0x2  Data  Lc  bulb-pwm-driver-efr32.o [7]
timeElapsed             0x2003ff1c     0x1  Data  Lc  ustimer.o [16]
timeoutOptions          0x0001b320    0x3c  Data  Gb  child-handling.o [72]
timer                   0x2003e5c8    0xa0  Data  Lc  rtcdriver.o [16]
timerExpired            0x2003e354     0x1  Data  Lc  rail_rf_hal.o [61]
timingDetected          0x000177dd     0x8  Code  Gb  rail_rf_hal.o [61]
timingLost              0x000177d5     0x8  Code  Gb  rail_rf_hal.o [61]
timings                 0x2003fd80    0x14  Data  Lc  timings.o [61]
tokenArraySize          0x00030eb0    0x38  Data  Gb  token-def.o [1]
tokenCreators           0x00030dd0    0x70  Data  Gb  token-def.o [1]
tokenDefaults           0x000311cc    0xe0  Data  Gb  token-def.o [1]
tokenFlagsToSizeArray   0x00009f50     0x4  Data  Lc  install-code-tokens.o [60]
tokenIsCnt              0x00030e40    0x38  Data  Gb  token-def.o [1]
tokenLength             0x00004a49    0x1a  Code  Lc  command-interpreter2.o [1]
tokenPointer            0x00004a63    0x10  Code  Lc  command-interpreter2.o [1]
tokenSize               0x00030e78    0x38  Data  Gb  token-def.o [1]
tokensActive            0x2003ff1d     0x1  Data  Gb  token.o [14]
totalImageSize          0x2003e860     0x4  Data  Lc  ota-client.o [33]
totalInitialChildren    0x2003f5b6     0x1  Data  Gb  zigbee-device-util.o [72]
totalTokenStorage       0x0002cad8     0x4  Data  Gb  sim-eeprom2.o [42]
transientKeyFinish      0x0000d9f5    0x28  Code  Lc  aps-keys-transient.o [68]
transmitQueue           0x2003f670     0x8  Data  Lc  mac-arbiter.o [72]
transportKeyFrameSizes  0x0001a438     0x8  Data  Lc  packet-validate.o [65]
tryNextMethod           0x00002803    0x32  Code  Lc  network-steering.o [30]
tryToJoinNetwork        0x0000263d    0x8e  Code  Gb  network-steering.o [30]
turnLedOff              0x000228b3     0x4  Code  Lc  bulb-pwm-driver-blink.o [7]
turnLedOn               0x000228af     0x4  Code  Lc  bulb-pwm-driver-blink.o [7]
turnStatusLedOff        0x000228a9     0x4  Code  Lc  bulb-pwm-driver-blink.o [7]
turnStatusLedOn         0x000228a5     0x4  Code  Lc  bulb-pwm-driver-blink.o [7]
txBuffer                0x00010c61    0x3a  Code  Lc  com.o [14]
txCallback              0x00010ec1    0x1e  Code  Lc  com.o [14]
txCatchUp               0x00010e4d    0x72  Code  Lc  com.o [14]
txCb                    0x2003e960     0x4  Data  Lc  coexistence-efr32.o [23]
txCcaTries              0x2003f4cb     0x1  Data  Lc  phy.o [72]
txConfigEvents          0x2003e360     0x4  Data  Lc  rail_rf_hal.o [61]
txCsmaTries             0x00005561    0xc6  Code  Lc  phy.o [72]
txFifoAlmostEmpty       0x00018349     0xe  Code  Lc  rail_rf_hal.o [61]
txFifoOverflow          0x0001835d     0x6  Code  Lc  rail_rf_hal.o [61]
txOptions               0x2003f4bc     0x4  Data  Lc  phy.o [72]
txParams                0x2003f4b0     0xc  Data  Lc  phy.o [72]
txReq                   0x2003ff12     0x1  Data  Lc  coexistence-efr32.o [23]
txState                 0x2003f4c9     0x1  Data  Lc  phy.o [72]
typeSensitiveMemCopy    0x00004269    0x78  Code  Lc  attribute-storage.o [1]
uartdrvHandle           0x2003ed68    0x10  Data  Lc  uartdrv.o [16]
uartdrvHandleIsInitialized
                        0x2003ff1b     0x1  Data  Lc  uartdrv.o [16]
uarthandledata          0x2003eeac    0x34  Data  Lc  com.o [14]
unbindRequest           0x0002b549    0x7e  Code  Lc  zdo-cli.o [1]
unicastHead             0x2003fd2c     0x1  Data  Lc  unicast-table.o [72]
uninitializedIsr        0x0002a05d          Code  Gb  faults-v7m.o [14]
unsentMessageCount      0x2003f66e     0x1  Data  Lc  mac-arbiter.o [72]
unsolicitedChannelReport
                        0x2003f64e     0x1  Data  Lc  zdo-channel.o [72]
updateBuffer            0x00010c2d    0x34  Code  Lc  com.o [14]
updateCurrentImageAttributes
                        0x00015165    0x38  Code  Lc  ota-client.o [33]
updateCurrentOffset     0x0001538b    0x12  Code  Lc  ota-client.o [33]
updateDownloadFileVersion
                        0x000153b5    0x18  Code  Lc  ota-client.o [33]
updateInterrupts        0x00011da3    0xbe  Code  Lc  tempdrv.o [16]
updateMinBlockRequestPeriodAttribute
                        0x000151a9    0x1e  Code  Lc  ota-client.o [33]
updateParentToken       0x00009c17    0x6c  Code  Lc  association.o [72]
updateRxEvents          0x00005949    0x2c  Code  Lc  phy.o [72]
updateRxEvents::currentConfig
                        0x2003f4ec     0x4  Data  Lc  phy.o [72]
upgradeEndResponseParse
                        0x00015e51    0xe2  Code  Lc  ota-client.o [33]
usRatioFrac             0x2003fdc8     0x4  Data  Lc  protimer.o [61]
usRatioInt              0x2003fdc4     0x4  Data  Lc  protimer.o [61]
usePageRequest          0x2003fef4     0x1  Data  Lc  ota-client.o [33]
userCurrentLimitsSet    0x0001232f     0xe  Code  Lc  em_emu.o [17]
userTransmitStarted     0x0001776f    0x2e  Code  Gb  rail_rf_hal.o [61]
vFillBuffer             0x0001e565   0x14c  Code  Lc  client-api.o [1]
vScaleDownEM23Setup     0x00012089    0x54  Code  Lc  em_emu.o [17]
vScaleEM01Cmd           0x00011fa5     0xc  Code  Lc  em_emu.o [17]
vScaleEM01Config        0x2003eb28     0x4  Data  Lc  em_emu.o [17]
vcoGainPte              0x2003e384     0x1  Data  Gb  synth.o [61]
verifyMainBootloaderVersion
                        0x00028ac1    0x48  Code  Lc  bootloader-interface-app.o [19]
vpaStruct               0x2003e2b8     0x8  Data  Gb  sim-eeprom2-internal.o [71]
vpbStruct               0x2003e2c0     0x8  Data  Gb  sim-eeprom2-internal.o [71]
vpcStruct               0x2003e2c8     0x8  Data  Gb  sim-eeprom2-internal.o [71]
waitingForResponse      0x2003fef3     0x1  Data  Lc  ota-client.o [33]
wakeInfo                0x2003eef0     0x4  Data  Lc  sleep-efm32.o [14]
walkDelayQueue          0x0000fe41    0xce  Code  Lc  retry.o [72]
wallClockOverflowCnt    0x2003ecf8     0x4  Data  Lc  rtcdriver.o [16]
wallClockTimeBase       0x2003ecfc     0x4  Data  Lc  rtcdriver.o [16]
wrapCntOverflows        0x2003ff59     0x1  Data  Gb  protimer.o [61]
write16                 0x00019cf9    0x4c  Code  Gb  flash.o [59]
writeColorMode          0x000141ff    0x30  Code  Lc  color-control-server.o [9]
writeColorTemperature   0x000142b5    0x18  Code  Lc  color-control-server.o [9]
writeColorX             0x00014275    0x18  Code  Lc  color-control-server.o [9]
writeColorY             0x00014295    0x18  Code  Lc  color-control-server.o [9]
writeHue                0x00014239    0x1a  Code  Lc  color-control-server.o [9]
writeIdentifyTime       0x00029b09    0x18  Code  Lc  identify.o [24]
writeMessage            0x0000857b    0xae  Code  Lc  packet-buffer.o [72]
writeNewTokenData       0x0001ddd1    0x94  Code  Lc  sim-eeprom2-internal.o [71]
writeRemainingTime      0x00014a7f     0x2  Code  Lc  level-control.o [27]
writeRemainingTime      0x000141e7    0x18  Code  Lc  color-control-server.o [9]
writeSaturation         0x00014253    0x1a  Code  Lc  color-control-server.o [9]
writeServerAttribute    0x00022ad5     0xe  Code  Lc  scenes.o [41]
writeStoredTokDefsToNext
                        0x0001d835    0x66  Code  Lc  sim-eeprom2-internal.o [71]
writeVpMgmtToNext       0x0001dc65   0x13e  Code  Lc  sim-eeprom2-internal.o [71]
xferCfg                 0x0002d82c    0x10  Data  Gb  dmadrv.o [16]
zclBufferAddByte        0x0002ab29    0x1c  Code  Gb  zcl-cli.o [1]
zclBufferAddByteFromArgument
                        0x0002ab67     0x8  Code  Gb  zcl-cli.o [1]
zclBufferAddLengthAndStringFromArgument
                        0x0002ab85    0x4a  Code  Gb  zcl-cli.o [1]
zclBufferAddWord        0x0002ab45    0x12  Code  Gb  zcl-cli.o [1]
zclBufferAddWordFromArgument
                        0x0002ab77     0x6  Code  Gb  zcl-cli.o [1]
zclBufferSetup          0x0002aac5    0x5c  Code  Gb  zcl-cli.o [1]
zclClusterNames         0x000313e0    0x60  Data  Gb  util.o [1]
zclCmdIsBuilt           0x2003ff3e     0x1  Data  Gb  zcl-cli.o [1]
zclGlobalCommandDiscoveryCommand
                        0x0002adaf    0x2a  Code  Gb  zcl-cli.o [1]
zclGlobalDirection      0x2003ff40     0x1  Data  Lc  zcl-cli.o [1]
zclGlobalDirectionCommand
                        0x0002abe9    0x14  Code  Gb  zcl-cli.o [1]
zclGlobalDiscoverCommand
                        0x0002ac55     0x4  Code  Gb  zcl-cli.o [1]
zclGlobalExpectReportFromMeCommand
                        0x0002ad87    0x1c  Code  Gb  zcl-cli.o [1]
zclGlobalReadCommand    0x0002ac05     0x6  Code  Gb  zcl-cli.o [1]
zclGlobalReportCommand  0x0002ac63    0xa0  Code  Gb  zcl-cli.o [1]
zclGlobalReportReadCommand
                        0x0002ad03    0x20  Code  Gb  zcl-cli.o [1]
zclGlobalSendMeAReportCommand
                        0x0002ad23    0x4a  Code  Gb  zcl-cli.o [1]
zclGlobalSetup          0x0002abcf    0x1a  Code  Gb  zcl-cli.o [1]
zclGlobalWriteCommand   0x0002ac0b    0x4a  Code  Gb  zcl-cli.o [1]
zclIdentifyOnOffCommand
                        0x0002adf1    0x42  Code  Gb  zcl-cli.o [1]
zclTestResponseOffCommand
                        0x0002adeb     0x6  Code  Gb  zcl-cli.o [1]
zclTestResponseOnCommand
                        0x0002ade5     0x6  Code  Gb  zcl-cli.o [1]
zdoActiveEpCommand      0x0002b489    0x1a  Code  Gb  zdo-cli.o [1]
zdoAddClusterCommand    0x0002b377    0x32  Code  Gb  zdo-cli.o [1]
zdoBindCommand          0x0002b307    0x70  Code  Gb  zdo-cli.o [1]
zdoClearClusterCommand  0x0002b3af    0x18  Code  Gb  zdo-cli.o [1]
zdoIeeeAddressRequestCommand
                        0x0002b245    0x14  Code  Gb  zdo-cli.o [1]
zdoLeaveRequestCommand  0x0002b4e3    0x44  Code  Gb  zdo-cli.o [1]
zdoMatchCommand         0x0002b29d    0x40  Code  Gb  zdo-cli.o [1]
zdoMgmtBindCommand      0x0002b4c3    0x20  Code  Gb  zdo-cli.o [1]
zdoMgmtLqiCommand       0x0002b4a3    0x20  Code  Gb  zdo-cli.o [1]
zdoNetworkUpdateChannelCommand
                        0x0002b3d1    0x34  Code  Gb  zdo-cli.o [1]
zdoNetworkUpdateScanCommand
                        0x0002b405    0x40  Code  Gb  zdo-cli.o [1]
zdoNetworkUpdateSetCommand
                        0x0002b459    0x22  Code  Gb  zdo-cli.o [1]
zdoNodeCommand          0x0002b27b    0x1c  Code  Gb  zdo-cli.o [1]
zdoNwkAddressRequestCommand
                        0x0002b22d    0x18  Code  Gb  zdo-cli.o [1]
zdoPowerDescriptorRequestCommand
                        0x0002b527    0x1c  Code  Gb  zdo-cli.o [1]
zdoRouteRequestCommand  0x0002b60b    0x22  Code  Gb  zdo-cli.o [1]
zdoSimpleCommand        0x0002b259    0x22  Code  Gb  zdo-cli.o [1]
zdoUnbindGroupCommand   0x0002b5c7    0x18  Code  Gb  zdo-cli.o [1]
zdoUnbindUnicastCommand
                        0x0002b5df    0x2c  Code  Gb  zdo-cli.o [1]
zeroLenByte             0x2003feca     0x2  Data  Lc  message.o [1]
zigDevApsStruct         0x2003f5c0     0x4  Data  Lc  zigbee-device-util.o [72]
zigDevRequestRadius     0x2003e3e4     0x1  Data  Gb  zigbee-device-common.o [1]
zigDevRequestSequence   0x2003ff43     0x1  Data  Lc  zigbee-device-common.o [1]
zigDevRequestSequence   0x2003f5b4     0x1  Data  Lc  zigbee-device-util.o [72]


[1] = C:\SiliconLabs\SimplicityStudio\v4\developer\sdks\gecko_sdk_suite\v1.1\app\builder\Z3ColorTempLightSoc_6\IAR ARM - Default
[2] = C:\SiliconLabs\SimplicityStudio\v4\developer\sdks\gecko_sdk_suite\v1.1\app\builder\Z3ColorTempLightSoc_6\IAR ARM - Default\adc\EFR32
[3] = C:\SiliconLabs\SimplicityStudio\v4\developer\sdks\gecko_sdk_suite\v1.1\app\builder\Z3ColorTempLightSoc_6\IAR ARM - Default\address-table
[4] = C:\SiliconLabs\SimplicityStudio\v4\developer\sdks\gecko_sdk_suite\v1.1\app\builder\Z3ColorTempLightSoc_6\IAR ARM - Default\antenna-stub
[5] = C:\SiliconLabs\SimplicityStudio\v4\developer\sdks\gecko_sdk_suite\v1.1\app\builder\Z3ColorTempLightSoc_6\IAR ARM - Default\basic
[6] = C:\SiliconLabs\SimplicityStudio\v4\developer\sdks\gecko_sdk_suite\v1.1\app\builder\Z3ColorTempLightSoc_6\IAR ARM - Default\bulb-pwm-cli
[7] = C:\SiliconLabs\SimplicityStudio\v4\developer\sdks\gecko_sdk_suite\v1.1\app\builder\Z3ColorTempLightSoc_6\IAR ARM - Default\bulb-pwm-driver\EFR32
[8] = C:\SiliconLabs\SimplicityStudio\v4\developer\sdks\gecko_sdk_suite\v1.1\app\builder\Z3ColorTempLightSoc_6\IAR ARM - Default\bulb-ui
[9] = C:\SiliconLabs\SimplicityStudio\v4\developer\sdks\gecko_sdk_suite\v1.1\app\builder\Z3ColorTempLightSoc_6\IAR ARM - Default\color-control-server
[10] = C:\SiliconLabs\SimplicityStudio\v4\developer\sdks\gecko_sdk_suite\v1.1\app\builder\Z3ColorTempLightSoc_6\IAR ARM - Default\configuration-server
[11] = C:\SiliconLabs\SimplicityStudio\v4\developer\sdks\gecko_sdk_suite\v1.1\app\builder\Z3ColorTempLightSoc_6\IAR ARM - Default\debug-basic-library\EFR32
[12] = C:\SiliconLabs\SimplicityStudio\v4\developer\sdks\gecko_sdk_suite\v1.1\app\builder\Z3ColorTempLightSoc_6\IAR ARM - Default\debug-jtag\EFR32
[13] = C:\SiliconLabs\SimplicityStudio\v4\developer\sdks\gecko_sdk_suite\v1.1\app\builder\Z3ColorTempLightSoc_6\IAR ARM - Default\eeprom
[14] = C:\SiliconLabs\SimplicityStudio\v4\developer\sdks\gecko_sdk_suite\v1.1\app\builder\Z3ColorTempLightSoc_6\IAR ARM - Default\efr32
[15] = C:\SiliconLabs\SimplicityStudio\v4\developer\sdks\gecko_sdk_suite\v1.1\app\builder\Z3ColorTempLightSoc_6\IAR ARM - Default\ember-minimal-printf
[16] = C:\SiliconLabs\SimplicityStudio\v4\developer\sdks\gecko_sdk_suite\v1.1\app\builder\Z3ColorTempLightSoc_6\IAR ARM - Default\emdrv
[17] = C:\SiliconLabs\SimplicityStudio\v4\developer\sdks\gecko_sdk_suite\v1.1\app\builder\Z3ColorTempLightSoc_6\IAR ARM - Default\emlib
[18] = C:\SiliconLabs\SimplicityStudio\v4\developer\sdks\gecko_sdk_suite\v1.1\app\builder\Z3ColorTempLightSoc_6\IAR ARM - Default\end-device-support
[19] = C:\SiliconLabs\SimplicityStudio\v4\developer\sdks\gecko_sdk_suite\v1.1\app\builder\Z3ColorTempLightSoc_6\IAR ARM - Default\external-generated-files
[20] = C:\SiliconLabs\SimplicityStudio\v4\developer\sdks\gecko_sdk_suite\v1.1\app\builder\Z3ColorTempLightSoc_6\IAR ARM - Default\find-and-bind-target
[21] = C:\SiliconLabs\SimplicityStudio\v4\developer\sdks\gecko_sdk_suite\v1.1\app\builder\Z3ColorTempLightSoc_6\IAR ARM - Default\groups-server
[22] = C:\SiliconLabs\SimplicityStudio\v4\developer\sdks\gecko_sdk_suite\v1.1\app\builder\Z3ColorTempLightSoc_6\IAR ARM - Default\hal-config\EFR32
[23] = C:\SiliconLabs\SimplicityStudio\v4\developer\sdks\gecko_sdk_suite\v1.1\app\builder\Z3ColorTempLightSoc_6\IAR ARM - Default\hal-library\EFR32
[24] = C:\SiliconLabs\SimplicityStudio\v4\developer\sdks\gecko_sdk_suite\v1.1\app\builder\Z3ColorTempLightSoc_6\IAR ARM - Default\identify
[25] = C:\SiliconLabs\SimplicityStudio\v4\developer\sdks\gecko_sdk_suite\v1.1\app\builder\Z3ColorTempLightSoc_6\IAR ARM - Default\idle-sleep
[26] = C:\SiliconLabs\SimplicityStudio\v4\developer\sdks\gecko_sdk_suite\v1.1\app\builder\Z3ColorTempLightSoc_6\IAR ARM - Default\led-temp-pwm
[27] = C:\SiliconLabs\SimplicityStudio\v4\developer\sdks\gecko_sdk_suite\v1.1\app\builder\Z3ColorTempLightSoc_6\IAR ARM - Default\level-control
[28] = C:\SiliconLabs\SimplicityStudio\v4\developer\sdks\gecko_sdk_suite\v1.1\app\builder\Z3ColorTempLightSoc_6\IAR ARM - Default\manufacturing-library-cli
[29] = C:\SiliconLabs\SimplicityStudio\v4\developer\sdks\gecko_sdk_suite\v1.1\app\builder\Z3ColorTempLightSoc_6\IAR ARM - Default\manufacturing-library-ota
[30] = C:\SiliconLabs\SimplicityStudio\v4\developer\sdks\gecko_sdk_suite\v1.1\app\builder\Z3ColorTempLightSoc_6\IAR ARM - Default\network-steering
[31] = C:\SiliconLabs\SimplicityStudio\v4\developer\sdks\gecko_sdk_suite\v1.1\app\builder\Z3ColorTempLightSoc_6\IAR ARM - Default\on-off
[32] = C:\SiliconLabs\SimplicityStudio\v4\developer\sdks\gecko_sdk_suite\v1.1\app\builder\Z3ColorTempLightSoc_6\IAR ARM - Default\ota-bootload
[33] = C:\SiliconLabs\SimplicityStudio\v4\developer\sdks\gecko_sdk_suite\v1.1\app\builder\Z3ColorTempLightSoc_6\IAR ARM - Default\ota-client
[34] = C:\SiliconLabs\SimplicityStudio\v4\developer\sdks\gecko_sdk_suite\v1.1\app\builder\Z3ColorTempLightSoc_6\IAR ARM - Default\ota-client-policy
[35] = C:\SiliconLabs\SimplicityStudio\v4\developer\sdks\gecko_sdk_suite\v1.1\app\builder\Z3ColorTempLightSoc_6\IAR ARM - Default\ota-common
[36] = C:\SiliconLabs\SimplicityStudio\v4\developer\sdks\gecko_sdk_suite\v1.1\app\builder\Z3ColorTempLightSoc_6\IAR ARM - Default\ota-storage-common
[37] = C:\SiliconLabs\SimplicityStudio\v4\developer\sdks\gecko_sdk_suite\v1.1\app\builder\Z3ColorTempLightSoc_6\IAR ARM - Default\ota-storage-simple
[38] = C:\SiliconLabs\SimplicityStudio\v4\developer\sdks\gecko_sdk_suite\v1.1\app\builder\Z3ColorTempLightSoc_6\IAR ARM - Default\ota-storage-simple-eeprom
[39] = C:\SiliconLabs\SimplicityStudio\v4\developer\sdks\gecko_sdk_suite\v1.1\app\builder\Z3ColorTempLightSoc_6\IAR ARM - Default\reporting
[40] = C:\SiliconLabs\SimplicityStudio\v4\developer\sdks\gecko_sdk_suite\v1.1\app\builder\Z3ColorTempLightSoc_6\IAR ARM - Default\scan-dispatch
[41] = C:\SiliconLabs\SimplicityStudio\v4\developer\sdks\gecko_sdk_suite\v1.1\app\builder\Z3ColorTempLightSoc_6\IAR ARM - Default\scenes
[42] = C:\SiliconLabs\SimplicityStudio\v4\developer\sdks\gecko_sdk_suite\v1.1\app\builder\Z3ColorTempLightSoc_6\IAR ARM - Default\sim-eeprom2\EFR32
[43] = C:\SiliconLabs\SimplicityStudio\v4\developer\sdks\gecko_sdk_suite\v1.1\app\builder\Z3ColorTempLightSoc_6\IAR ARM - Default\simple-main
[44] = C:\SiliconLabs\SimplicityStudio\v4\developer\sdks\gecko_sdk_suite\v1.1\app\builder\Z3ColorTempLightSoc_6\IAR ARM - Default\update-tc-link-key
[45] = command line
[46] = binding-table-library.a
[47] = cbke-163k1-stub-library.a
[48] = cbke-283k1-stub-library.a
[49] = cbke-library-dsa-sign-stub.a
[50] = cbke-library-dsa-verify-283k1-stub.a
[51] = cbke-library-dsa-verify-stub.a
[52] = cbke-stub-library.a
[53] = debug-basic-library.a
[54] = debug-extended-stub-library.a
[55] = dl7M_tln.a
[56] = end-device-bind-stub-library.a
[57] = enhanced-beacon-request-stub-library.a
[58] = gp-stub-library.a
[59] = hal-library.a
[60] = install-code-library.a
[61] = librail_efr32xg12_iar_release.a
[62] = m7M_tls.a
[63] = mfglib-library.a
[64] = multi-network-stub-library.a
[65] = packet-validate-library.a
[66] = rf4ce-stack-stub-library.a
[67] = rt7M_tl.a
[68] = security-library-core.a
[69] = security-library-link-keys-stub.a
[70] = sim-eeprom2-1to2-upgrade-library.a
[71] = sim-eeprom2-library.a
[72] = zigbee-pro-leaf-stack.a
[73] = zll-stub-library.a

  177 346 bytes of readonly  code memory
      532 bytes of readwrite code memory
   27 267 bytes of readonly  data memory
   51 426 bytes of readwrite data memory (+ 152 absolute)

Errors: none
Warnings: none
