###############################################################################
#
# IAR ELF Linker V7.80.2.11947/W32 for ARM                11/Jan/2018  14:42:50
# Copyright 2007-2016 IAR Systems AB.
#
#    Output file  =  Z3ColorTempLightSoc_6.out
#    Map file     =  
#        C:/SiliconLabs/SimplicityStudio/v4/developer/sdks/gecko_sdk_suite/v1.1/app/builder/Z3ColorTempLightSoc_6/IAR
#        ARM - Default/Z3ColorTempLightSoc_6.map
#    Command line =  
#        ./update-tc-link-key/update-tc-link-key.o
#        ./temperature-si7021/EFR32/humidity-temperature-si7021.o
#        ./temperature-measurement-server/temperature-measurement-server-cli.o
#        ./temperature-measurement-server/temperature-measurement-server.o
#        ./simple-main/simple-main.o ./sim-eeprom2/EFR32/sim-eeprom2.o
#        ./scenes/scenes-cli.o ./scenes/scenes.o
#        ./scan-dispatch/scan-dispatch.o ./reporting/reporting-cli.o
#        ./reporting/reporting.o
#        ./relative-humidity-measurement-server/relative-humidity-measurement-server-cli.o
#        ./relative-humidity-measurement-server/relative-humidity-measurement-server.o
#        ./ota-storage-simple-eeprom/ota-storage-eeprom-page-erase.o
#        ./ota-storage-simple-eeprom/ota-storage-eeprom-read-modify-write.o
#        ./ota-storage-simple-eeprom/ota-storage-eeprom.o
#        ./ota-storage-simple/ota-storage-simple-simulation.o
#        ./ota-storage-simple/ota-storage-simple.o
#        ./ota-storage-common/ota-storage-common-cli.o
#        ./ota-storage-common/ota-storage-common.o ./ota-common/ota-common.o
#        ./ota-client-policy/ota-client-policy.o ./ota-client/ota-client-cli.o
#        ./ota-client/ota-client-page-request.o
#        ./ota-client/ota-client-signature-verify.o ./ota-client/ota-client.o
#        ./ota-bootload/ota-bootload-cli.o ./ota-bootload/ota-bootload-soc.o
#        ./on-off/on-off.o ./network-steering/network-steering-cli.o
#        ./network-steering/network-steering-soc.o
#        ./network-steering/network-steering.o
#        ./manufacturing-library-ota/manufacturing-library-ota.o
#        ./manufacturing-library-cli/manufacturing-library-cli.o
#        ./level-control/level-control.o ./led-temp-pwm/led-temp-pwm.o
#        ./idle-sleep/idle-sleep-cli.o ./idle-sleep/idle-sleep-soc.o
#        ./idle-sleep/idle-sleep.o ./identify/identify-cli.o
#        ./identify/identify.o ./i2c-driver/EFR32/em_i2c.o
#        ./i2c-driver/EFR32/i2c-driver-efr32.o ./i2c-driver/EFR32/i2cspm.o
#        ./hal-library/EFR32/coexistence-efr32.o
#        ./hal-config/EFR32/hal-config-gpio.o ./hal-config/EFR32/hal-config.o
#        ./groups-server/groups-server-cli.o ./groups-server/groups-server.o
#        ./find-and-bind-target/find-and-bind-target-cli.o
#        ./find-and-bind-target/find-and-bind-target.o
#        ./external-generated-files/bootloader-interface-app.o
#        ./external-generated-files/bootloader-interface.o
#        ./external-generated-files/btl_interface.o
#        ./external-generated-files/btl_interface_storage.o
#        ./end-device-support/end-device-move.o
#        ./end-device-support/end-device-support-cli.o
#        ./end-device-support/end-device-support.o
#        ./end-device-support/polling-common.o
#        ./end-device-support/polling-soc.o ./emlib/em_adc.o ./emlib/em_cmu.o
#        ./emlib/em_core.o ./emlib/em_cryotimer.o ./emlib/em_emu.o
#        ./emlib/em_gpio.o ./emlib/em_ldma.o ./emlib/em_leuart.o
#        ./emlib/em_mpu.o ./emlib/em_msc.o ./emlib/em_prs.o ./emlib/em_rmu.o
#        ./emlib/em_rtcc.o ./emlib/em_system.o ./emlib/em_timer.o
#        ./emlib/em_usart.o ./emlib/em_wdog.o ./emlib/system_efr32mg12p.o
#        ./emdrv/dmadrv.o ./emdrv/gpiointerrupt.o ./emdrv/rtcdriver.o
#        ./emdrv/sleep.o ./emdrv/spidrv.o ./emdrv/tempdrv.o ./emdrv/uartdrv.o
#        ./emdrv/ustimer.o ./ember-minimal-printf/ember-printf.o
#        ./efr32/assert-crash-handlers.o ./efr32/button.o
#        ./efr32/buzzer-efr32.o ./efr32/com.o ./efr32/cstartup-common.o
#        ./efr32/diagnostic.o ./efr32/ext-device.o ./efr32/faults-v7m.o
#        ./efr32/isr-stubs.o ./efr32/led.o ./efr32/mfg-token.o
#        ./efr32/micro-common.o ./efr32/micro.o ./efr32/mpu.o
#        ./efr32/sleep-efm32.o ./efr32/token.o ./eeprom/eeprom-afv2.o
#        ./eeprom/eeprom-cli.o ./eeprom/eeprom.o
#        ./debug-jtag/EFR32/debug-jtag-efr32.o
#        ./debug-basic-library/EFR32/SEGGER_RTT.o
#        ./configuration-server/configuration-server-cli.o
#        ./configuration-server/configuration-server.o
#        ./color-control-server/color-control-server.o ./bulb-ui/bulb-ui.o
#        ./bulb-pwm-driver/EFR32/bulb-pwm-driver-blink.o
#        ./bulb-pwm-driver/EFR32/bulb-pwm-driver-efr32.o
#        ./bulb-pwm-cli/bulb-pwm-cli.o ./basic/basic.o
#        ./antenna-stub/antenna-stub.o ./address-table/address-table-cli.o
#        ./address-table/address-table.o ./adc/EFR32/adc-efr32.o
#        ./Z3ColorTempLightSoc_6_callbacks.o ./af-event.o ./af-main-common.o
#        ./af-main-soc.o ./af-node.o ./af-security-common.o ./af-trust-center.o
#        ./afv2-bookkeeping.o ./attribute-size.o ./attribute-storage.o
#        ./attribute-table.o ./call-command-handler.o ./callback-stub.o
#        ./callbacks.o ./cli.o ./client-api.o ./command-interpreter2.o
#        ./core-cli.o ./crc.o ./crypto-state.o ./descriptors.o ./em_usbd.o
#        ./em_usbdch9.o ./em_usbdep.o ./em_usbhal.o ./em_usbint.o
#        ./em_usbtimer.o ./ember-base-configuration.o ./ember-configuration.o
#        ./endian.o ./library.o ./mem-util.o ./message.o ./multi-network.o
#        ./network-cli.o ./option-cli.o ./plugin-cli.o ./print-formatter.o
#        ./print.o ./process-cluster-message.o ./process-global-message.o
#        ./random.o ./security-address-cache.o ./security-cli.o ./serial.o
#        ./service-discovery-common.o ./service-discovery-soc.o
#        ./stack-handler-stub.o ./time-util.o ./token-def.o ./util.o
#        ./zcl-cli.o ./zdo-cli.o ./zigbee-device-common.o
#        ./zigbee-device-library.o -o Z3ColorTempLightSoc_6.out --config
#        C:/SiliconLabs/SimplicityStudio/v4/developer/sdks/gecko_sdk_suite/v1.1//platform/base/hal/micro/cortexm3/efm32/iar-cfg.icf
#        --config_def APP_GECKO_INFO_PAGE_BTL=1 --config_def FLASH_SIZE=1048576
#        --config_def RAM_SIZE=262144 --no_wrap_diagnostics
#        C:/SiliconLabs/SimplicityStudio/v4/developer/sdks/gecko_sdk_suite/v1.1//protocol/zigbee_5.10/build/cbke-library-dsa-sign-stub-cortexm3-iar-efr32mg12p-rail/cbke-library-dsa-sign-stub.a
#        C:/SiliconLabs/SimplicityStudio/v4/developer/sdks/gecko_sdk_suite/v1.1//protocol/zigbee_5.10/build/hal-library-cortexm3-iar-efr32mg12p-rail/hal-library.a
#        C:/SiliconLabs/SimplicityStudio/v4/developer/sdks/gecko_sdk_suite/v1.1//protocol/zigbee_5.10/build/sim-eeprom2-library-cortexm3-iar-efr32mg12p-rail/sim-eeprom2-library.a
#        C:/SiliconLabs/SimplicityStudio/v4/developer/sdks/gecko_sdk_suite/v1.1//protocol/zigbee_5.10/build/sim-eeprom2-1to2-upgrade-library-cortexm3-iar-efr32mg12p-rail/sim-eeprom2-1to2-upgrade-library.a
#        C:/SiliconLabs/SimplicityStudio/v4/developer/sdks/gecko_sdk_suite/v1.1//protocol/zigbee_5.10/build/cbke-283k1-stub-library-cortexm3-iar-efr32mg12p-rail/cbke-283k1-stub-library.a
#        C:/SiliconLabs/SimplicityStudio/v4/developer/sdks/gecko_sdk_suite/v1.1//protocol/zigbee_5.10/build/end-device-bind-stub-library-cortexm3-iar-efr32mg12p-rail/end-device-bind-stub-library.a
#        C:/SiliconLabs/SimplicityStudio/v4/developer/sdks/gecko_sdk_suite/v1.1//protocol/zigbee_5.10/build/debug-basic-library-cortexm3-iar-efr32mg12p-rail/debug-basic-library.a
#        C:/SiliconLabs/SimplicityStudio/v4/developer/sdks/gecko_sdk_suite/v1.1//protocol/zigbee_5.10/build/cbke-library-dsa-verify-stub-cortexm3-iar-efr32mg12p-rail/cbke-library-dsa-verify-stub.a
#        C:/SiliconLabs/SimplicityStudio/v4/developer/sdks/gecko_sdk_suite/v1.1//protocol/zigbee_5.10/build/security-library-link-keys-stub-cortexm3-iar-efr32mg12p-rail/security-library-link-keys-stub.a
#        C:/SiliconLabs/SimplicityStudio/v4/developer/sdks/gecko_sdk_suite/v1.1//protocol/zigbee_5.10/build/binding-table-library-cortexm3-iar-efr32mg12p-rail/binding-table-library.a
#        C:/SiliconLabs/SimplicityStudio/v4/developer/sdks/gecko_sdk_suite/v1.1//protocol/zigbee_5.10/build/gp-stub-library-cortexm3-iar-efr32mg12p-rail/gp-stub-library.a
#        C:/SiliconLabs/SimplicityStudio/v4/developer/sdks/gecko_sdk_suite/v1.1//protocol/zigbee_5.10/build/rf4ce-stack-stub-library-cortexm3-iar-efr32mg12p-rail/rf4ce-stack-stub-library.a
#        C:/SiliconLabs/SimplicityStudio/v4/developer/sdks/gecko_sdk_suite/v1.1//protocol/zigbee_5.10/build/zigbee-pro-leaf-stack-cortexm3-iar-efr32mg12p-rail/zigbee-pro-leaf-stack.a
#        C:/SiliconLabs/SimplicityStudio/v4/developer/sdks/gecko_sdk_suite/v1.1//protocol/zigbee_5.10/build/install-code-library-cortexm3-iar-efr32mg12p-rail/install-code-library.a
#        C:/SiliconLabs/SimplicityStudio/v4/developer/sdks/gecko_sdk_suite/v1.1//protocol/zigbee_5.10/build/packet-validate-library-cortexm3-iar-efr32mg12p-rail/packet-validate-library.a
#        C:/SiliconLabs/SimplicityStudio/v4/developer/sdks/gecko_sdk_suite/v1.1//platform/radio/rail_lib/autogen/librail_release/librail_efr32xg12_iar_release.a
#        C:/SiliconLabs/SimplicityStudio/v4/developer/sdks/gecko_sdk_suite/v1.1//protocol/zigbee_5.10/build/cbke-stub-library-cortexm3-iar-efr32mg12p-rail/cbke-stub-library.a
#        C:/SiliconLabs/SimplicityStudio/v4/developer/sdks/gecko_sdk_suite/v1.1//protocol/zigbee_5.10/build/zll-stub-library-cortexm3-iar-efr32mg12p-rail/zll-stub-library.a
#        C:/SiliconLabs/SimplicityStudio/v4/developer/sdks/gecko_sdk_suite/v1.1//protocol/zigbee_5.10/build/security-library-core-cortexm3-iar-efr32mg12p-rail/security-library-core.a
#        C:/SiliconLabs/SimplicityStudio/v4/developer/sdks/gecko_sdk_suite/v1.1//protocol/zigbee_5.10/build/cbke-library-dsa-verify-283k1-stub-cortexm3-iar-efr32mg12p-rail/cbke-library-dsa-verify-283k1-stub.a
#        C:/SiliconLabs/SimplicityStudio/v4/developer/sdks/gecko_sdk_suite/v1.1//protocol/zigbee_5.10/build/enhanced-beacon-request-stub-library-cortexm3-iar-efr32mg12p-rail/enhanced-beacon-request-stub-library.a
#        C:/SiliconLabs/SimplicityStudio/v4/developer/sdks/gecko_sdk_suite/v1.1//protocol/zigbee_5.10/build/debug-extended-stub-library-cortexm3-iar-efr32mg12p-rail/debug-extended-stub-library.a
#        C:/SiliconLabs/SimplicityStudio/v4/developer/sdks/gecko_sdk_suite/v1.1//protocol/zigbee_5.10/build/cbke-163k1-stub-library-cortexm3-iar-efr32mg12p-rail/cbke-163k1-stub-library.a
#        C:/SiliconLabs/SimplicityStudio/v4/developer/sdks/gecko_sdk_suite/v1.1//protocol/zigbee_5.10/build/mfglib-library-cortexm3-iar-efr32mg12p-rail/mfglib-library.a
#        C:/SiliconLabs/SimplicityStudio/v4/developer/sdks/gecko_sdk_suite/v1.1//protocol/zigbee_5.10/build/multi-network-stub-library-cortexm3-iar-efr32mg12p-rail/multi-network-stub-library.a
#        --entry halEntryPoint --map
#        "C:/SiliconLabs/SimplicityStudio/v4/developer/sdks/gecko_sdk_suite/v1.1/app/builder/Z3ColorTempLightSoc_6/IAR
#        ARM - Default/Z3ColorTempLightSoc_6.map" --log_file
#        "C:/SiliconLabs/SimplicityStudio/v4/developer/sdks/gecko_sdk_suite/v1.1/app/builder/Z3ColorTempLightSoc_6/IAR
#        ARM - Default/Z3ColorTempLightSoc_6.log" --log
#        initialization,modules,sections,veneers --diag_suppress=Lp012
#        --diag_suppress=Lp012 --redirect _Printf=_PrintfSmall --redirect
#        _Scanf=_ScanfFull
#
###############################################################################

*******************************************************************************
*** RUNTIME MODEL ATTRIBUTES
***

__SystemLibrary = DLib


*******************************************************************************
*** PLACEMENT SUMMARY
***

"HEADERS":
       place at start of [0x00000000-0x000001ff] { block HEADER_block };
"APP ro":
       place at start of [0x00000200-0x000fffff] { block APPRO_block };
"NVM&SIMEE":
       place at end of [0x00000200-0x000fffff] {
          zi section NVM, zi section SIMEE, zi section INTERNAL_STORAGE,
          zi section PSSTORE };
"APP rw":
       place at end of [0x20000000-0x2003ffef] { block APPRW_block };
"Heap":
       place at start of [0x20000000-0x2003ffef] { overlay EMHEAP_overlay };
"Guard":
       place in [from 0x20000000 to 0x2003ffef] { rw section GUARD_REGION };
do not initialize { rw };
initialize manually with packing = copy, complex ranges {
   section .data, section .textrw, rw section __DLIB_PERTHREAD };

  Section                 Kind        Address     Size  Object
  -------                 ----        -------     ----  ------
"HEADERS":                                        0xac
  HEADER_block                     0x00000000     0xac  <Block>
    AAT                   const    0x00000000     0xac  cstartup-common.o [14]
                                 - 0x000000ac     0xac

"APP ro":                                      0x32e98
  APPRO_block                      0x00000200  0x32e98  <Block>
    .intvec               const    0x00000200    0x10c  cstartup-common.o [14]
    .textrw_init                   0x0000030c    0x214  <Block>
      Initializer bytes   const    0x0000030c    0x214  <for .textrw-1>
    .text                          0x00000520  0x2c142  <Block>
      .text               ro code  0x00000520    0x12c  update-tc-link-key.o [48]
      .text               ro code  0x0000064c    0x56c  af-main-soc.o [1]
      .text               ro code  0x00000bb8    0xd14  aps-security.o [72]
      .text               ro code  0x000018cc     0xd2  mem-util.o [1]
      .text               ro code  0x000019a0     0xea  zigbee-device-common.o [1]
      .text               ro code  0x00001a8c    0x560  zigbee-stack.o [76]
      .text               ro code  0x00001fec    0x50c  aps-keys.o [72]
      .text               ro code  0x000024f8    0x704  network-steering.o [31]
      .text               ro code  0x00002bfc     0x88  print.o [1]
      .text               ro code  0x00002c84    0x12c  print-formatter.o [1]
      .text               ro code  0x00002db0      0x8  em_core.o [17]
      .text               ro code  0x00002db8     0xbe  serial.o [1]
      .text               ro code  0x00002e78    0x164  micro.o [14]
      .text               ro code  0x00002fdc     0xc0  cstartup-common.o [14]
      .text               ro code  0x0000309c    0x3a4  diagnostic.o [14]
      .text               ro code  0x00003440    0x130  callback-stub.o [1]
      .text               ro code  0x00003570    0x210  assert-crash-handlers.o [14]
      .text               ro code  0x00003780     0x74  multi-network.o [1]
      .text               ro code  0x000037f4    0x7f0  af-main-common.o [1]
      .text               ro code  0x00003fe4    0x9b4  attribute-storage.o [1]
      .text               ro code  0x00004998     0x50  afv2-bookkeeping.o [1]
      .text               ro code  0x000049e8     0x1c  security-address-cache.o [1]
      .text               ro code  0x00004a04    0x78c  command-interpreter2.o [1]
      .text               ro code  0x00005190   0x118c  phy.o [76]
      .text               ro code  0x0000631c     0xc8  micro-common.o [14]
      .text               ro code  0x000063e4     0x10  crypto-state.o [1]
      .text               ro code  0x000063f4    0x1a2  af-event.o [1]
      .text               ro code  0x00006598    0x16c  mfg-token.o [14]
      .text               ro code  0x00006704    0x220  ember-stack-common.o [76]
      .text               ro code  0x00006924    0xa08  application-support.o [76]
      .text               ro code  0x0000732c    0x100  zigbee-dispatch.o [76]
      .text               ro code  0x0000742c    0x310  address-table.o [76]
      .text               ro code  0x0000773c    0x298  zigbee-device-library.o [1]
      .text               ro code  0x000079d4    0x4c8  binding-table.o [50]
      .text               ro code  0x00007e9c    0x230  ember-multi-network-stub.o [68]
      .text               ro code  0x000080cc    0x6c0  packet-buffer.o [76]
      .text               ro code  0x0000878c   0x1564  association.o [76]
      .text               ro code  0x00009cf0     0x76  ABImemcpy_unaligned.o [71]
      .text               ro code  0x00009d68    0x188  scan-dispatch.o [42]
      .text               ro code  0x00009ef0     0x70  install-code-tokens.o [64]
      .text               ro code  0x00009f60      0xe  cbke-crypto-engine-stub.o [56]
      .text               ro code  0x00009f70    0x580  crypto.o [76]
      .text               ro code  0x0000a4f0    0x434  aps-encryption.o [72]
      .text               ro code  0x0000a924     0x1a  debug-extended-stub.o [58]
      .text               ro code  0x0000a940    0x5e4  zigbee-packet-header.o [76]
      .text               ro code  0x0000af24    0x24c  packet-header.o [76]
      .text               ro code  0x0000b170   0x1658  network.o [76]
      .text               ro code  0x0000c7c8     0x34  ember-configuration.o [1]
      .text               ro code  0x0000c7fc     0x5a  byte-utilities.o [76]
      .text               ro code  0x0000c858    0x548  trust-center-util.o [72]
      .text               ro code  0x0000cda0    0x3e6  leave.o [76]
      .text               ro code  0x0000d186     0x34  child-stub.o [76]
      .text               ro code  0x0000d1bc    0x644  neighbor.o [76]
      .text               ro code  0x0000d800    0x370  aps-keys-transient.o [72]
      .text               ro code  0x0000db70     0x48  child-table.o [76]
      .text               ro code  0x0000dbb8    0x1b8  zigbee-neighbor.o [76]
      .text               ro code  0x0000dd70    0x178  token-cache.o [76]
      .text               ro code  0x0000dee8     0x62  hmac.o [72]
      .text               ro code  0x0000df4a      0xe  aps-keys-full-stub.o [73]
      .text               ro code  0x0000df58     0xd0  leaf-routing-stub.o [76]
      .text               ro code  0x0000e028     0xd8  aes.o [76]
      .text               ro code  0x0000e100     0x66  ABImemset.o [71]
      .text               ro code  0x0000e168    0x284  debug-jtag-efr32.o [12]
      .text               ro code  0x0000e3ec     0x94  ember-library.o [76]
      .text               ro code  0x0000e480     0xe0  token.o [14]
      .text               ro code  0x0000e560     0x12  phy-util.o [76]
      .text               ro code  0x0000e574    0x2e8  debug.o [57]
      .text               ro code  0x0000e85c    0x244  event-control.o [76]
      .text               ro code  0x0000eaa0      0xc  em_core.o [17]
      .text               ro code  0x0000eaac      0x6  em_core.o [17]
      .text               ro code  0x0000eab4    0x440  mac-arbiter.o [76]
      .text               ro code  0x0000eef4      0x6  cbke-crypto-engine-163k1-stub.o [51]
      .text               ro code  0x0000eefa      0x6  cbke-crypto-engine-283k1-stub.o [52]
      .text               ro code  0x0000ef00     0x36  zll-stubs.o [77]
      .text               ro code  0x0000ef38    0x160  broadcast.o [76]
      .text               ro code  0x0000f098    0x2bc  mac-receive.o [76]
      .text               ro code  0x0000f354    0x16c  child-aging.o [76]
      .text               ro code  0x0000f4c0    0x948  aps-retry.o [76]
      .text               ro code  0x0000fe08     0x5c  micro-common-internal.o [63]
      .text               ro code  0x0000fe64    0x2b6  retry.o [76]
      .text               ro code  0x0001011c     0x68  rf4ce-stack-stubs.o [70]
      .text               ro code  0x00010184     0x80  security-config-mfg-3xx.o [72]
      .text               ro code  0x00010204     0x78  network-steering-soc.o [31]
      .text               ro code  0x0001027c    0x39c  configuration-server.o [10]
      .text               ro code  0x00010618     0x50  random.o [1]
      .text               ro code  0x00010668      0x2  af-security-common.o [1]
      .text               ro code  0x0001066c    0x2a2  ember-printf.o [15]
      .text               ro code  0x00010910    0x188  message.o [1]
      .text               ro code  0x00010a98    0x9f6  com.o [14]
      .text               ro code  0x00011490     0xec  hal-config.o [22]
      .text               ro code  0x0001157c    0x760  rtcdriver.o [16]
      .text               ro code  0x00011cdc    0x274  tempdrv.o [16]
      .text               ro code  0x00011f50    0x918  em_emu.o [17]
      .text               ro code  0x00012868    0x152  sleep-efm32.o [14]
      .text               ro code  0x000129bc     0xe2  system-timer.o [63]
      .text               ro code  0x00012aa0    0x184  micro-internal.o [63]
      .text               ro code  0x00012c24      0x4  hal-config-gpio.o [22]
      .text               ro code  0x00012c28    0x1a8  coexistence-efr32.o [23]
      .text               ro code  0x00012dd0     0x98  em_rmu.o [17]
      .text               ro code  0x00012e68      0x8  em_core.o [17]
      .text               ro code  0x00012e70    0x8a6  util.o [1]
      .text               ro code  0x00013718    0x164  end-device-support.o [18]
      .text               ro code  0x0001387c    0x3b4  service-discovery-common.o [1]
      .text               ro code  0x00013c30    0x570  bulb-ui.o [8]
      .text               ro code  0x000141a0    0x638  color-control-server.o [9]
      .text               ro code  0x000147d8    0x144  end-device-move.o [18]
      .text               ro code  0x0001491c    0x68a  level-control.o [28]
      .text               ro code  0x00014fa8    0x22c  manufacturing-library-ota.o [30]
      .text               ro code  0x000151d4    0x102  on-off.o [32]
      .text               ro code  0x000152d8    0xeb2  ota-client.o [34]
      .text               ro code  0x0001618c    0x1f2  temperature-measurement-server.o [46]
      .text               ro code  0x00016380    0x18a  relative-humidity-measurement-server.o [40]
      .text               ro code  0x0001650c    0x4e6  attribute-table.o [1]
      .text               ro code  0x000169f4     0x8e  polling-soc.o [18]
      .text               ro code  0x00016a84     0xa6  idle-sleep-soc.o [26]
      .text               ro code  0x00016b2c    0x378  core-cli.o [1]
      .text               ro code  0x00016ea4    0x140  phy.o [65]
      .text               ro code  0x00016fe4     0xd4  rail_calibration.o [65]
      .text               ro code  0x000170b8     0x66  rail_autoack.o [65]
      .text               ro code  0x0001711e     0x36  rail_rx.o [65]
      .text               ro code  0x00017154    0x13a  rail_rf.o [65]
      .text               ro code  0x00017290    0x7ac  pa.o [65]
      .text               ro code  0x00017a3c     0x84  rail_tx.o [65]
      .text               ro code  0x00017ac0     0x1e  duty-cycle-stub.o [76]
      .text               ro code  0x00017ade      0x8  rail_data.o [65]
      .text               ro code  0x00017ae8    0xeb4  rail_rf_hal.o [65]
      .text               ro code  0x0001899c    0x140  rail_ieee802154.o [65]
      .text               ro code  0x00018adc     0x18  eui64.o [76]
      .text               ro code  0x00018af4    0x114  pti.o [65]
      .text               ro code  0x00018c08    0x25c  mac-phy.o [76]
      .text               ro code  0x00018e64    0x580  bufc.o [65]
      .text               ro code  0x000193e4     0x18  mac-indirect-stub.o [76]
      .text               ro code  0x000193fc    0x10c  symbol-timer.o [76]
      .text               ro code  0x00019508     0x90  ember-base-configuration.o [1]
      .text               ro code  0x00019598    0xbf8  em_cmu.o [17]
      .text               ro code  0x0001a190     0x18  em_wdog.o [17]
      Veneer              ro code  0x0001a1a8      0x8  - Linker created -
      Veneer              ro code  0x0001a1b0      0x8  - Linker created -
      Veneer              ro code  0x0001a1b8      0x8  - Linker created -
      .text               ro code  0x0001a1c0     0xc8  flash.o [63]
      .text               ro code  0x0001a288    0x35c  management.o [76]
      .text               ro code  0x0001a5e4      0x4  cbke-crypto-engine-dsa-sign-stub.o [53]
      .text               ro code  0x0001a5e8    0x39c  packet-validate.o [69]
      .text               ro code  0x0001a984    0x6fc  zigbee-device-util.o [76]
      .text               ro code  0x0001b080    0x4b8  mac.o [76]
      .text               ro code  0x0001b538    0x318  child-handling.o [76]
      .text               ro code  0x0001b850    0x334  random-id.o [76]
      .text               ro code  0x0001bb84    0x418  scan.o [76]
      .text               ro code  0x0001bf9c    0x368  command.o [76]
      .text               ro code  0x0001c304     0x60  mac-info-element-parsing-stub.o [61]
      .text               ro code  0x0001c364      0x8  enhanced-beacon-request-stub.o [61]
      .text               ro code  0x0001c36c    0x2c0  zdo-channel.o [76]
      .text               ro code  0x0001c62c      0xc  gp-stub.o [62]
      .text               ro code  0x0001c638    0x14a  aes-mmo.o [72]
      .text               ro code  0x0001c784     0x60  unicast-table.o [76]
      .text               ro code  0x0001c7e4    0x280  jit.o [76]
      .text               ro code  0x0001ca64     0xb8  led.o [14]
      .text               ro code  0x0001cb1c    0x348  mac-header.o [76]
      .text               ro code  0x0001ce64    0x148  route-error.o [76]
      .text               ro code  0x0001cfac     0x44  af-trust-center.o [1]
      .text               ro code  0x0001cff0    0x130  em_crypto.o [76]
      .text               ro code  0x0001d120    0x18c  em_gpio.o [17]
      .text               ro code  0x0001d2ac    0x1c4  SEGGER_RTT.o [11]
      .text               ro code  0x0001d470     0x26  crc.o [1]
      .text               ro code  0x0001d498     0x94  sim-eeprom2.o [44]
      .text               ro code  0x0001d52c   0x12e0  sim-eeprom2-internal.o [75]
      .text               ro code  0x0001e80c     0x1a  em_core.o [17]
      .text               ro code  0x0001e828    0x2b4  ustimer.o [16]
      .text               ro code  0x0001eadc     0x36  strlen.o [71]
      .text               ro code  0x0001eb14    0x1fc  client-api.o [1]
      .text               ro code  0x0001ed10   0x1cc8  uartdrv.o [16]
      .text               ro code  0x000209d8    0x148  em_usart.o [17]
      .text               ro code  0x00020b20    0x104  em_leuart.o [17]
      .text               ro code  0x00020c24      0x6  ABImemclr4.o [71]
      .text               ro code  0x00020c2c     0xac  system_efr32mg12p.o [17]
      .text               ro code  0x00020cd8    0x192  button.o [14]
      .text               ro code  0x00020e6c     0x70  em_rtcc.o [17]
      .text               ro code  0x00020edc     0xee  I64DivMod.o [71]
      .text               ro code  0x00020fcc     0x44  em_core.o [17]
      .text               ro code  0x00021010      0x4  em_core.o [17]
      .text               ro code  0x00021014     0xa4  mpu.o [14]
      .text               ro code  0x000210b8     0x5c  bulb-pwm-driver-efr32.o [7]
      .text               ro code  0x00021114    0x2c4  eeprom.o [13]
      .text               ro code  0x000213d8    0x320  led-temp-pwm.o [27]
      .text               ro code  0x000216f8    0x9b0  reporting.o [41]
      .text               ro code  0x000220a8    0x216  humidity-temperature-si7021.o [47]
      .text               ro code  0x000222c0     0x90  i2c-driver-efr32.o [24]
      .text               ro code  0x00022350      0x8  time-util.o [1]
      .text               ro code  0x00022358    0x420  groups-server.o [21]
      .text               ro code  0x00022778     0x64  process-cluster-message.o [1]
      .text               ro code  0x000227dc    0x3d8  process-global-message.o [1]
      .text               ro code  0x00022bb4     0x56  service-discovery-soc.o [1]
      .text               ro code  0x00022c0c    0x4a8  manufacturing-library-cli.o [29]
      .text               ro code  0x000230b4     0x48  find-and-bind-target.o [20]
      .text               ro code  0x000230fc    0x208  bulb-pwm-driver-blink.o [7]
      .text               ro code  0x00023304    0xc7c  scenes.o [43]
      .text               ro code  0x00023f80    0x256  mfglib.o [67]
      .text               ro code  0x000241d8    0x342  ota-storage-simple.o [38]
      .text               ro code  0x0002451a     0xae  ota-client-policy.o [35]
      .text               ro code  0x000245c8     0x20  ota-client-page-request.o [34]
      .text               ro code  0x000245e8     0xf6  ota-common.o [36]
      .text               ro code  0x000246e0    0x2f8  ota-storage-eeprom-page-erase.o [39]
      .text               ro code  0x000249d8    0x188  ota-storage-common.o [37]
      .text               ro code  0x00024b60    0x220  ota-storage-eeprom.o [39]
      .text               ro code  0x00024d80      0x4  ota-client-signature-verify.o [34]
      .text               ro code  0x00024d84     0x24  attribute-size.o [1]
      .text               ro code  0x00024da8     0x70  polling-common.o [18]
      .text               ro code  0x00024e18     0xb4  idle-sleep.o [26]
      .text               ro code  0x00024ecc      0xc  eeprom-afv2.o [13]
      .text               ro code  0x00024ed8    0x6c0  radio.o [65]
      .text               ro code  0x00025598    0x2e4  synth.o [65]
      .text               ro code  0x0002587c    0x5ec  protimer.o [65]
      .text               ro code  0x00025e68    0x398  timings.o [65]
      .text               ro code  0x00026200    0xea4  generic_phy.o [65]
      .text               ro code  0x000270a4    0x120  rf_rand.o [65]
      .text               ro code  0x000271c4      0x8  em_core.o [17]
      .text               ro code  0x000271cc      0x6  em_core.o [17]
      .text               ro code  0x000271d2      0xc  rail_assert.o [65]
      .text               ro code  0x000271e0    0x782  ir_cal.o [65]
      .text               ro code  0x00027964     0x50  tempcal.o [65]
      .text               ro code  0x000279b4    0x1ec  rf_test.o [65]
      .text               ro code  0x00027ba0    0x134  rail_ieee802154_rf_hal.o [65]
      .text               ro code  0x00027cd4     0xe4  radio_cmu.o [65]
      .text               ro code  0x00027db8      0x4  antenna-stub.o [4]
      .text               ro code  0x00027dbc     0x40  em_msc.o [17]
      .text               ro code  0x00027dfc    0x988  zigbee-device.o [76]
      .text               ro code  0x00028784      0x6  end-device-bind-stub.o [60]
      .text               ro code  0x0002878c    0x440  sim-eeprom2-internal-1to2upgrade.o [74]
      .text               ro code  0x00028bcc    0x12c  em_timer.o [17]
      .text               ro code  0x00028cf8    0x450  dmadrv.o [16]
      .text               ro code  0x00029148     0xd4  gpiointerrupt.o [16]
      .text               ro code  0x0002921c     0x4c  em_core.o [17]
      .text               ro code  0x00029268     0x32  ABImemset48.o [71]
      .text               ro code  0x0002929c      0x2  I64DivZer.o [71]
      .text               ro code  0x000292a0     0x64  em_mpu.o [17]
      .text               ro code  0x00029304      0xe  register-access.o [63]
      .text               ro code  0x00029314    0x266  bootloader-interface-app.o [19]
      .text               ro code  0x0002957c     0xfc  i2cspm.o [24]
      .text               ro code  0x00029678    0x602  call-command-handler.o [1]
      .text               ro code  0x00029c7c     0x18  ota-bootload-soc.o [33]
      .text               ro code  0x00029c94     0xb6  eeprom-cli.o [13]
      .text               ro code  0x00029d4c     0x48  em_system.o [17]
      .text               ro code  0x00029d94     0x2a  phy_utils.o [65]
      .text               ro code  0x00029dc0      0x6  ABImemclr.o [71]
      .text               ro code  0x00029dc8    0x1b2  aux_pll.o [65]
      .text               ro code  0x00029f7c    0x1c0  zdo-binding-table.o [50]
      .text               ro code  0x0002a13c    0x238  em_ldma.o [17]
      .text               ro code  0x0002a374    0x324  em_i2c.o [24]
      .text               ro code  0x0002a698     0x2c  basic.o [5]
      .text               ro code  0x0002a6c4    0x12e  identify.o [25]
      .text               ro code  0x0002a7f2     0x1c  Z3ColorTempLightSoc_6_callbacks.o [1]
      .text               ro code  0x0002a810    0x140  ota-storage-common-cli.o [37]
      .text               ro code  0x0002a950     0xa4  ota-client-cli.o [34]
      .text               ro code  0x0002a9f4     0x2c  ota-bootload-cli.o [33]
      .text               ro code  0x0002aa20     0x5e  bootloader-interface.o [19]
      .text               ro code  0x0002aa80     0x84  idle-sleep-cli.o [26]
      .text               ro code  0x0002ab04    0x1b8  em_adc.o [17]
      .text               ro code  0x0002acbc      0x2  faults-v7m.o [14]
      .text               ro code  0x0002acc0      0x2  faults-v7m.o [14]
      .text               ro code  0x0002acc4      0x2  faults-v7m.o [14]
      .text               ro code  0x0002acc8      0x2  faults-v7m.o [14]
      .text               ro code  0x0002accc      0x2  faults-v7m.o [14]
      .text               ro code  0x0002acd0      0x2  faults-v7m.o [14]
      .text               ro code  0x0002acd4      0x2  faults-v7m.o [14]
      .text               ro code  0x0002acd8     0x70  faults-v7m.o [14]
      .text               ro code  0x0002ad48      0x4  isr-stubs.o [14]
      .text               ro code  0x0002ad4c    0x264  configuration-server-cli.o [10]
      .text               ro code  0x0002afb0    0x10c  bulb-pwm-cli.o [6]
      .text               ro code  0x0002b0bc    0x148  adc-efr32.o [2]
      .text               ro code  0x0002b204    0x20c  network-cli.o [1]
      .text               ro code  0x0002b410    0x250  option-cli.o [1]
      .text               ro code  0x0002b660    0x844  zcl-cli.o [1]
      .text               ro code  0x0002bea4    0x52e  zdo-cli.o [1]
      .text               ro code  0x0002c3d4    0x184  cstartup-iar.o [63]
      .text               ro code  0x0002c558      0xc  memcpy.o [59]
      .text               ro code  0x0002c564     0x14  memset.o [59]
      .text               ro code  0x0002c578     0x12  simple-main.o [45]
      .text               ro code  0x0002c58c     0xac  rfsense.o [65]
      .text               ro code  0x0002c638     0x22  fpinit_M.o [66]
      .text               ro code  0x0002c65a      0x4  temperature-measurement-server-cli.o [46]
      .text               ro code  0x0002c65e      0x4  relative-humidity-measurement-server-cli.o [40]
    .rodata               const    0x0002c700   0x101c  generic_efr32xg12_seq.o [65]
    .rodata               const    0x0002d71c     0x10  update-tc-link-key.o [48]
    .rodata               const    0x0002d72c     0x14  update-tc-link-key.o [48]
    .rodata               const    0x0002d740     0x2c  update-tc-link-key.o [48]
    .rodata               const    0x0002d76c     0x14  update-tc-link-key.o [48]
    .rodata               const    0x0002d780      0xc  update-tc-link-key.o [48]
    .rodata               const    0x0002d78c     0x1c  sim-eeprom2.o [44]
    .rodata               const    0x0002d7a8     0x30  sim-eeprom2.o [44]
    .rodata               const    0x0002d7d8      0x4  sim-eeprom2.o [44]
    .rodata               const    0x0002d7dc     0x38  sim-eeprom2.o [44]
    .rodata               const    0x0002d814      0xc  scenes.o [43]
    .rodata               const    0x0002d820     0x10  scenes.o [43]
    .rodata               const    0x0002d830     0x10  scenes.o [43]
    .rodata               const    0x0002d840      0xc  scenes.o [43]
    .rodata               const    0x0002d84c      0x8  scenes.o [43]
    .rodata               const    0x0002d854     0x10  scenes.o [43]
    .rodata               const    0x0002d864      0xc  scenes.o [43]
    .rodata               const    0x0002d870      0xc  scenes.o [43]
    .rodata               const    0x0002d87c     0x18  scenes.o [43]
    .rodata               const    0x0002d894     0x14  scenes.o [43]
    .rodata               const    0x0002d8a8     0x14  scenes.o [43]
    .rodata               const    0x0002d8bc     0x18  scenes.o [43]
    .rodata               const    0x0002d8d4     0x10  scenes.o [43]
    .rodata               const    0x0002d8e4     0x20  ota-storage-eeprom-page-erase.o [39]
    .rodata               const    0x0002d904     0x18  ota-storage-eeprom.o [39]
    .rodata               const    0x0002d91c      0xc  ota-storage-eeprom.o [39]
    .rodata               const    0x0002d928      0xc  ota-storage-eeprom.o [39]
    .rodata               const    0x0002d934      0x4  ota-storage-simple.o [38]
    .rodata               const    0x0002d938     0x10  ota-storage-common.o [37]
    .rodata               const    0x0002d948     0x14  ota-common.o [36]
    .rodata               const    0x0002d95c      0xc  ota-common.o [36]
    .rodata               const    0x0002d968     0x20  ota-client-cli.o [34]
    .rodata               const    0x0002d988      0x8  ota-client-cli.o [34]
    .rodata               const    0x0002d990      0x8  ota-client-cli.o [34]
    .rodata               const    0x0002d998      0xc  ota-client.o [34]
    .rodata               const    0x0002d9a4      0xc  ota-client.o [34]
    .rodata               const    0x0002d9b0      0x4  ota-client.o [34]
    .rodata               const    0x0002d9b4      0x8  ota-client.o [34]
    .rodata               const    0x0002d9bc     0x14  ota-bootload-soc.o [33]
    .rodata               const    0x0002d9d0     0x14  on-off.o [32]
    .rodata               const    0x0002d9e4     0x2c  network-steering-soc.o [31]
    .rodata               const    0x0002da10      0x8  network-steering.o [31]
    .rodata               const    0x0002da18     0x30  network-steering.o [31]
    .rodata               const    0x0002da48     0x30  network-steering.o [31]
    .rodata               const    0x0002da78     0x2c  network-steering.o [31]
    .rodata               const    0x0002daa4     0x30  network-steering.o [31]
    .rodata               const    0x0002dad4     0x30  network-steering.o [31]
    .rodata               const    0x0002db04     0x30  network-steering.o [31]
    .rodata               const    0x0002db34     0x30  network-steering.o [31]
    .rodata               const    0x0002db64     0x30  network-steering.o [31]
    .rodata               const    0x0002db94     0x3c  network-steering.o [31]
    .rodata               const    0x0002dbd0     0x20  network-steering.o [31]
    .rodata               const    0x0002dbf0     0x14  network-steering.o [31]
    .rodata               const    0x0002dc04     0x24  network-steering.o [31]
    .rodata               const    0x0002dc28     0x20  network-steering.o [31]
    .rodata               const    0x0002dc48     0x30  network-steering.o [31]
    .rodata               const    0x0002dc78     0x14  network-steering.o [31]
    .rodata               const    0x0002dc8c     0x24  network-steering.o [31]
    .rodata               const    0x0002dcb0     0x1c  network-steering.o [31]
    .rodata               const    0x0002dccc     0x24  network-steering.o [31]
    .rodata               const    0x0002dcf0     0x14  network-steering.o [31]
    .rodata               const    0x0002dd04     0x28  network-steering.o [31]
    .rodata               const    0x0002dd2c     0x14  network-steering.o [31]
    .rodata               const    0x0002dd40     0x2c  network-steering.o [31]
    .rodata               const    0x0002dd6c     0x2c  network-steering.o [31]
    .rodata               const    0x0002dd98     0x2c  network-steering.o [31]
    .rodata               const    0x0002ddc4     0x2c  network-steering.o [31]
    .rodata               const    0x0002ddf0     0x18  network-steering.o [31]
    .rodata               const    0x0002de08     0x2c  network-steering.o [31]
    .rodata               const    0x0002de34     0x10  network-steering.o [31]
    .rodata               const    0x0002de44     0x2c  network-steering.o [31]
    .rodata               const    0x0002de70     0x14  network-steering.o [31]
    .rodata               const    0x0002de84     0x10  network-steering.o [31]
    .rodata               const    0x0002de94      0x8  network-steering.o [31]
    .rodata               const    0x0002de9c      0x8  network-steering.o [31]
    .rodata               const    0x0002dea4     0x2c  network-steering.o [31]
    .rodata               const    0x0002ded0     0x30  network-steering.o [31]
    .rodata               const    0x0002df00     0x1c  network-steering.o [31]
    .rodata               const    0x0002df1c     0x24  network-steering.o [31]
    .rodata               const    0x0002df40     0x10  network-steering.o [31]
    .rodata               const    0x0002df50     0x10  network-steering.o [31]
    .rodata               const    0x0002df60     0x10  network-steering.o [31]
    .rodata               const    0x0002df70     0x10  manufacturing-library-ota.o [30]
    .rodata               const    0x0002df80     0x10  manufacturing-library-ota.o [30]
    .rodata               const    0x0002df90      0x8  manufacturing-library-ota.o [30]
    .rodata               const    0x0002df98     0x20  manufacturing-library-ota.o [30]
    .rodata               const    0x0002dfb8     0x18  manufacturing-library-cli.o [29]
    .rodata               const    0x0002dfd0      0x8  manufacturing-library-cli.o [29]
    .rodata               const    0x0002dfd8     0x18  manufacturing-library-cli.o [29]
    .rodata               const    0x0002dff0     0x14  manufacturing-library-cli.o [29]
    .rodata               const    0x0002e004     0x20  manufacturing-library-cli.o [29]
    .rodata               const    0x0002e024     0x14  manufacturing-library-cli.o [29]
    .rodata               const    0x0002e038     0x14  manufacturing-library-cli.o [29]
    .rodata               const    0x0002e04c     0x18  manufacturing-library-cli.o [29]
    .rodata               const    0x0002e064     0x14  manufacturing-library-cli.o [29]
    .rodata               const    0x0002e078     0x28  manufacturing-library-cli.o [29]
    .rodata               const    0x0002e0a0     0x28  manufacturing-library-cli.o [29]
    .rodata               const    0x0002e0c8     0x1c  manufacturing-library-cli.o [29]
    .rodata               const    0x0002e0e4     0x20  manufacturing-library-cli.o [29]
    .rodata               const    0x0002e104      0xc  manufacturing-library-cli.o [29]
    .rodata               const    0x0002e110      0xc  manufacturing-library-cli.o [29]
    .rodata               const    0x0002e11c     0x14  manufacturing-library-cli.o [29]
    .rodata               const    0x0002e130     0x10  manufacturing-library-cli.o [29]
    .rodata               const    0x0002e140     0x10  manufacturing-library-cli.o [29]
    .rodata               const    0x0002e150     0x10  manufacturing-library-cli.o [29]
    .rodata               const    0x0002e160     0x1c  manufacturing-library-cli.o [29]
    .rodata               const    0x0002e17c     0x1c  manufacturing-library-cli.o [29]
    .rodata               const    0x0002e198     0x20  manufacturing-library-cli.o [29]
    .rodata               const    0x0002e1b8     0x1c  manufacturing-library-cli.o [29]
    .rodata               const    0x0002e1d4     0x24  manufacturing-library-cli.o [29]
    .rodata               const    0x0002e1f8     0x40  manufacturing-library-cli.o [29]
    .rodata               const    0x0002e238     0x28  manufacturing-library-cli.o [29]
    .rodata               const    0x0002e260     0x1c  manufacturing-library-cli.o [29]
    .rodata               const    0x0002e27c     0x10  level-control.o [28]
    .rodata               const    0x0002e28c     0x14  level-control.o [28]
    .rodata               const    0x0002e2a0     0x10  led-temp-pwm.o [27]
    .rodata               const    0x0002e2b0     0x10  led-temp-pwm.o [27]
    .rodata               const    0x0002e2c0     0x18  led-temp-pwm.o [27]
    .rodata               const    0x0002e2d8      0x8  led-temp-pwm.o [27]
    .rodata               const    0x0002e2e0     0x20  idle-sleep-cli.o [26]
    .rodata               const    0x0002e300     0x20  idle-sleep-cli.o [26]
    .rodata               const    0x0002e320     0x20  idle-sleep-cli.o [26]
    .rodata               const    0x0002e340     0x20  idle-sleep-cli.o [26]
    .rodata               const    0x0002e360      0x4  em_i2c.o [24]
    .rodata               const    0x0002e364     0x14  hal-config.o [22]
    .rodata               const    0x0002e378     0x10  hal-config.o [22]
    .rodata               const    0x0002e388     0x14  hal-config.o [22]
    .rodata               const    0x0002e39c     0x24  hal-config.o [22]
    .rodata               const    0x0002e3c0     0x10  find-and-bind-target.o [20]
    .rodata               const    0x0002e3d0     0x18  find-and-bind-target.o [20]
    .rodata               const    0x0002e3e8     0x10  find-and-bind-target.o [20]
    .rodata               const    0x0002e3f8     0x1c  bootloader-interface-app.o [19]
    .rodata               const    0x0002e414     0x38  bootloader-interface.o [19]
    .rodata               const    0x0002e44c     0x1c  end-device-move.o [18]
    .rodata               const    0x0002e468     0x24  end-device-move.o [18]
    .rodata               const    0x0002e48c     0x10  end-device-move.o [18]
    .rodata               const    0x0002e49c     0x10  end-device-move.o [18]
    .rodata               const    0x0002e4ac     0x14  polling-soc.o [18]
    .rodata               const    0x0002e4c0     0x28  em_cmu.o [17]
    .rodata               const    0x0002e4e8     0x48  em_rmu.o [17]
    .rodata               const    0x0002e530     0x10  dmadrv.o [16]
    .rodata               const    0x0002e540     0x10  dmadrv.o [16]
    .rodata               const    0x0002e550     0x10  dmadrv.o [16]
    .rodata               const    0x0002e560      0x4  dmadrv.o [16]
    .rodata               const    0x0002e564     0x18  uartdrv.o [16]
    .rodata               const    0x0002e57c     0x10  uartdrv.o [16]
    .rodata               const    0x0002e58c     0x10  ustimer.o [16]
    .rodata               const    0x0002e59c     0x24  ember-printf.o [15]
    .rodata               const    0x0002e5c0     0x14  assert-crash-handlers.o [14]
    .rodata               const    0x0002e5d4     0x10  button.o [14]
    .rodata               const    0x0002e5e4      0x8  com.o [14]
    .rodata               const    0x0002e5ec     0x24  cstartup-common.o [14]
    .rodata               const    0x0002e610     0x40  diagnostic.o [14]
    .rodata               const    0x0002e650     0x38  diagnostic.o [14]
    .rodata               const    0x0002e688     0x44  diagnostic.o [14]
    .rodata               const    0x0002e6cc     0x3c  diagnostic.o [14]
    .rodata               const    0x0002e708     0x30  diagnostic.o [14]
    .rodata               const    0x0002e738     0x30  diagnostic.o [14]
    .rodata               const    0x0002e768     0x24  diagnostic.o [14]
    .rodata               const    0x0002e78c     0x28  diagnostic.o [14]
    .rodata               const    0x0002e7b4     0x40  diagnostic.o [14]
    .rodata               const    0x0002e7f4     0x3c  diagnostic.o [14]
    .rodata               const    0x0002e830     0x30  diagnostic.o [14]
    .rodata               const    0x0002e860     0x38  diagnostic.o [14]
    .rodata               const    0x0002e898     0x3c  diagnostic.o [14]
    .rodata               const    0x0002e8d4     0x30  diagnostic.o [14]
    .rodata               const    0x0002e904     0x38  diagnostic.o [14]
    .rodata               const    0x0002e93c     0x30  diagnostic.o [14]
    .rodata               const    0x0002e96c     0x40  diagnostic.o [14]
    .rodata               const    0x0002e9ac      0xc  diagnostic.o [14]
    .rodata               const    0x0002e9b8     0x10  diagnostic.o [14]
    .rodata               const    0x0002e9c8      0xc  diagnostic.o [14]
    .rodata               const    0x0002e9d4      0xc  diagnostic.o [14]
    .rodata               const    0x0002e9e0      0xc  diagnostic.o [14]
    .rodata               const    0x0002e9ec      0xc  diagnostic.o [14]
    .rodata               const    0x0002e9f8     0x10  diagnostic.o [14]
    .rodata               const    0x0002ea08     0x10  diagnostic.o [14]
    .rodata               const    0x0002ea18      0xc  diagnostic.o [14]
    .rodata               const    0x0002ea24      0xc  diagnostic.o [14]
    .rodata               const    0x0002ea30     0x10  diagnostic.o [14]
    .rodata               const    0x0002ea40      0xc  diagnostic.o [14]
    .rodata               const    0x0002ea4c     0x10  diagnostic.o [14]
    .rodata               const    0x0002ea5c     0x10  diagnostic.o [14]
    .rodata               const    0x0002ea6c      0xc  diagnostic.o [14]
    .rodata               const    0x0002ea78      0xc  diagnostic.o [14]
    .rodata               const    0x0002ea84      0xc  diagnostic.o [14]
    .rodata               const    0x0002ea90      0xc  diagnostic.o [14]
    .rodata               const    0x0002ea9c     0x10  diagnostic.o [14]
    .rodata               const    0x0002eaac      0xc  diagnostic.o [14]
    .rodata               const    0x0002eab8     0x10  diagnostic.o [14]
    .rodata               const    0x0002eac8     0x10  diagnostic.o [14]
    .rodata               const    0x0002ead8     0x10  diagnostic.o [14]
    .rodata               const    0x0002eae8      0xc  diagnostic.o [14]
    .rodata               const    0x0002eaf4      0xc  diagnostic.o [14]
    .rodata               const    0x0002eb00      0xc  diagnostic.o [14]
    .rodata               const    0x0002eb0c     0x10  diagnostic.o [14]
    .rodata               const    0x0002eb1c     0x10  diagnostic.o [14]
    .rodata               const    0x0002eb2c      0xc  diagnostic.o [14]
    .rodata               const    0x0002eb38     0x10  diagnostic.o [14]
    .rodata               const    0x0002eb48      0xc  diagnostic.o [14]
    .rodata               const    0x0002eb54      0xc  diagnostic.o [14]
    .rodata               const    0x0002eb60     0x10  diagnostic.o [14]
    .rodata               const    0x0002eb70     0x10  diagnostic.o [14]
    .rodata               const    0x0002eb80      0xc  diagnostic.o [14]
    .rodata               const    0x0002eb8c      0xc  diagnostic.o [14]
    .rodata               const    0x0002eb98     0x10  diagnostic.o [14]
    .rodata               const    0x0002eba8     0x10  diagnostic.o [14]
    .rodata               const    0x0002ebb8      0xc  diagnostic.o [14]
    .rodata               const    0x0002ebc4      0xc  diagnostic.o [14]
    .rodata               const    0x0002ebd0     0x10  diagnostic.o [14]
    .rodata               const    0x0002ebe0     0x10  diagnostic.o [14]
    .rodata               const    0x0002ebf0      0xc  diagnostic.o [14]
    .rodata               const    0x0002ebfc     0x10  diagnostic.o [14]
    .rodata               const    0x0002ec0c     0x10  diagnostic.o [14]
    .rodata               const    0x0002ec1c      0xc  diagnostic.o [14]
    .rodata               const    0x0002ec28      0xc  diagnostic.o [14]
    .rodata               const    0x0002ec34     0x10  diagnostic.o [14]
    .rodata               const    0x0002ec44     0x10  diagnostic.o [14]
    .rodata               const    0x0002ec54      0xc  diagnostic.o [14]
    .rodata               const    0x0002ec60      0x8  diagnostic.o [14]
    .rodata               const    0x0002ec68      0x8  diagnostic.o [14]
    .rodata               const    0x0002ec70      0x8  diagnostic.o [14]
    .rodata               const    0x0002ec78      0x8  diagnostic.o [14]
    .rodata               const    0x0002ec80     0x30  diagnostic.o [14]
    .rodata               const    0x0002ecb0     0x3c  diagnostic.o [14]
    .rodata               const    0x0002ecec     0x2c  diagnostic.o [14]
    .rodata               const    0x0002ed18     0x20  diagnostic.o [14]
    .rodata               const    0x0002ed38     0x30  diagnostic.o [14]
    .rodata               const    0x0002ed68     0x18  diagnostic.o [14]
    .rodata               const    0x0002ed80     0x40  diagnostic.o [14]
    .rodata               const    0x0002edc0     0x30  diagnostic.o [14]
    .rodata               const    0x0002edf0     0x1c  diagnostic.o [14]
    .rodata               const    0x0002ee0c     0x1c  diagnostic.o [14]
    .rodata               const    0x0002ee28     0x18  diagnostic.o [14]
    .rodata               const    0x0002ee40     0x3c  diagnostic.o [14]
    .rodata               const    0x0002ee7c     0x34  diagnostic.o [14]
    .rodata               const    0x0002eeb0     0x3c  diagnostic.o [14]
    .rodata               const    0x0002eeec     0x28  diagnostic.o [14]
    .rodata               const    0x0002ef14     0x1c  diagnostic.o [14]
    .rodata               const    0x0002ef30      0x8  diagnostic.o [14]
    .rodata               const    0x0002ef38     0x18  diagnostic.o [14]
    .rodata               const    0x0002ef50     0x48  diagnostic.o [14]
    .rodata               const    0x0002ef98     0x30  diagnostic.o [14]
    .rodata               const    0x0002efc8     0x1c  diagnostic.o [14]
    .rodata               const    0x0002efe4     0x24  diagnostic.o [14]
    .rodata               const    0x0002f008      0xc  diagnostic.o [14]
    .rodata               const    0x0002f014     0x68  diagnostic.o [14]
    .rodata               const    0x0002f07c     0xc8  diagnostic.o [14]
    .rodata               const    0x0002f144     0xcc  diagnostic.o [14]
    .rodata               const    0x0002f210     0x10  led.o [14]
    .rodata               const    0x0002f220      0xc  mfg-token.o [14]
    .rodata               const    0x0002f22c      0x8  mfg-token.o [14]
    .rodata               const    0x0002f234     0x10  micro-common.o [14]
    .rodata               const    0x0002f244      0x8  micro.o [14]
    .rodata               const    0x0002f24c      0x8  micro.o [14]
    .rodata               const    0x0002f254     0x30  micro.o [14]
    .rodata               const    0x0002f284      0x4  micro.o [14]
    .rodata               const    0x0002f288     0x58  micro.o [14]
    .rodata               const    0x0002f2e0     0x20  micro.o [14]
    .rodata               const    0x0002f300      0xc  micro.o [14]
    .rodata               const    0x0002f30c      0x8  micro.o [14]
    .rodata               const    0x0002f314      0xc  micro.o [14]
    .rodata               const    0x0002f320     0x10  micro.o [14]
    .rodata               const    0x0002f330      0x8  micro.o [14]
    .rodata               const    0x0002f338      0xc  micro.o [14]
    .rodata               const    0x0002f344     0x10  micro.o [14]
    .rodata               const    0x0002f354     0x20  micro.o [14]
    .rodata               const    0x0002f374     0x34  micro.o [14]
    .rodata               const    0x0002f3a8     0x30  micro.o [14]
    .rodata               const    0x0002f3d8     0x10  sleep-efm32.o [14]
    .rodata               const    0x0002f3e8      0x8  token.o [14]
    .rodata               const    0x0002f3f0     0x10  eeprom-cli.o [13]
    .rodata               const    0x0002f400     0x24  eeprom-cli.o [13]
    .rodata               const    0x0002f424     0x20  eeprom-cli.o [13]
    .rodata               const    0x0002f444     0x24  eeprom-cli.o [13]
    .rodata               const    0x0002f468     0x20  eeprom-cli.o [13]
    .rodata               const    0x0002f488     0x20  eeprom-cli.o [13]
    .rodata               const    0x0002f4a8     0x20  eeprom-cli.o [13]
    .rodata               const    0x0002f4c8     0x20  eeprom-cli.o [13]
    .rodata               const    0x0002f4e8     0x20  eeprom-cli.o [13]
    .rodata               const    0x0002f508     0x24  eeprom-cli.o [13]
    .rodata               const    0x0002f52c      0xc  eeprom-cli.o [13]
    .rodata               const    0x0002f538      0x8  eeprom-cli.o [13]
    .rodata               const    0x0002f540      0xc  eeprom.o [13]
    .rodata               const    0x0002f54c     0x14  eeprom.o [13]
    .rodata               const    0x0002f560      0x8  eeprom.o [13]
    .rodata               const    0x0002f568     0x10  debug-jtag-efr32.o [12]
    .rodata               const    0x0002f578      0xc  SEGGER_RTT.o [11]
    .rodata               const    0x0002f584      0x8  SEGGER_RTT.o [11]
    .rodata               const    0x0002f58c     0x18  configuration-server-cli.o [10]
    .rodata               const    0x0002f5a4     0x14  configuration-server-cli.o [10]
    .rodata               const    0x0002f5b8     0x14  configuration-server-cli.o [10]
    .rodata               const    0x0002f5cc     0x14  configuration-server-cli.o [10]
    .rodata               const    0x0002f5e0     0x14  configuration-server-cli.o [10]
    .rodata               const    0x0002f5f4     0x1c  configuration-server-cli.o [10]
    .rodata               const    0x0002f610      0xc  configuration-server-cli.o [10]
    .rodata               const    0x0002f61c     0x18  configuration-server-cli.o [10]
    .rodata               const    0x0002f634     0x10  configuration-server-cli.o [10]
    .rodata               const    0x0002f644     0x18  configuration-server-cli.o [10]
    .rodata               const    0x0002f65c     0x14  configuration-server-cli.o [10]
    .rodata               const    0x0002f670     0x18  configuration-server-cli.o [10]
    .rodata               const    0x0002f688     0x14  configuration-server-cli.o [10]
    .rodata               const    0x0002f69c     0x14  configuration-server-cli.o [10]
    .rodata               const    0x0002f6b0     0x1c  configuration-server-cli.o [10]
    .rodata               const    0x0002f6cc     0x14  configuration-server-cli.o [10]
    .rodata               const    0x0002f6e0      0x8  configuration-server.o [10]
    .rodata               const    0x0002f6e8      0xc  configuration-server.o [10]
    .rodata               const    0x0002f6f4     0x30  configuration-server.o [10]
    .rodata               const    0x0002f724     0x1c  configuration-server.o [10]
    .rodata               const    0x0002f740     0x18  color-control-server.o [9]
    .rodata               const    0x0002f758     0x24  color-control-server.o [9]
    .rodata               const    0x0002f77c     0x18  color-control-server.o [9]
    .rodata               const    0x0002f794     0x18  color-control-server.o [9]
    .rodata               const    0x0002f7ac     0x14  color-control-server.o [9]
    .rodata               const    0x0002f7c0     0x14  bulb-ui.o [8]
    .rodata               const    0x0002f7d4     0x18  bulb-ui.o [8]
    .rodata               const    0x0002f7ec     0x18  bulb-ui.o [8]
    .rodata               const    0x0002f804     0x20  bulb-ui.o [8]
    .rodata               const    0x0002f824     0x18  bulb-ui.o [8]
    .rodata               const    0x0002f83c      0x4  bulb-ui.o [8]
    .rodata               const    0x0002f840     0x14  bulb-ui.o [8]
    .rodata               const    0x0002f854     0x14  bulb-ui.o [8]
    .rodata               const    0x0002f868     0x14  bulb-ui.o [8]
    .rodata               const    0x0002f87c     0x14  bulb-ui.o [8]
    .rodata               const    0x0002f890     0x1c  bulb-ui.o [8]
    .rodata               const    0x0002f8ac     0x18  bulb-ui.o [8]
    .rodata               const    0x0002f8c4     0x18  bulb-ui.o [8]
    .rodata               const    0x0002f8dc     0x18  bulb-ui.o [8]
    .rodata               const    0x0002f8f4     0x14  bulb-ui.o [8]
    .rodata               const    0x0002f908     0x20  bulb-ui.o [8]
    .rodata               const    0x0002f928     0x20  bulb-ui.o [8]
    .rodata               const    0x0002f948     0x1c  bulb-ui.o [8]
    .rodata               const    0x0002f964     0x24  bulb-ui.o [8]
    .rodata               const    0x0002f988     0x1c  bulb-ui.o [8]
    .rodata               const    0x0002f9a4     0x14  bulb-ui.o [8]
    .rodata               const    0x0002f9b8     0x14  bulb-ui.o [8]
    .rodata               const    0x0002f9cc     0x2c  bulb-ui.o [8]
    .rodata               const    0x0002f9f8     0x14  bulb-ui.o [8]
    .rodata               const    0x0002fa0c     0x14  bulb-ui.o [8]
    .rodata               const    0x0002fa20     0x10  bulb-ui.o [8]
    .rodata               const    0x0002fa30     0x1c  bulb-ui.o [8]
    .rodata               const    0x0002fa4c     0x10  bulb-ui.o [8]
    .rodata               const    0x0002fa5c     0x24  bulb-ui.o [8]
    .rodata               const    0x0002fa80      0xc  bulb-ui.o [8]
    .rodata               const    0x0002fa8c     0x24  bulb-ui.o [8]
    .rodata               const    0x0002fab0      0xc  bulb-ui.o [8]
    .rodata               const    0x0002fabc     0x18  bulb-ui.o [8]
    .rodata               const    0x0002fad4     0x24  bulb-ui.o [8]
    .rodata               const    0x0002faf8     0x20  bulb-ui.o [8]
    .rodata               const    0x0002fb18     0x18  bulb-ui.o [8]
    .rodata               const    0x0002fb30     0x1c  bulb-ui.o [8]
    .rodata               const    0x0002fb4c     0x10  bulb-ui.o [8]
    .rodata               const    0x0002fb5c      0xc  adc-efr32.o [2]
    .rodata               const    0x0002fb68      0x8  adc-efr32.o [2]
    .rodata               const    0x0002fb70      0x8  adc-efr32.o [2]
    .rodata               const    0x0002fb78     0x10  af-event.o [1]
    .rodata               const    0x0002fb88     0x20  af-event.o [1]
    .rodata               const    0x0002fba8     0x24  af-event.o [1]
    .rodata               const    0x0002fbcc     0x30  af-event.o [1]
    .rodata               const    0x0002fbfc     0x20  af-event.o [1]
    .rodata               const    0x0002fc1c     0x20  af-event.o [1]
    .rodata               const    0x0002fc3c     0x28  af-event.o [1]
    .rodata               const    0x0002fc64     0x24  af-event.o [1]
    .rodata               const    0x0002fc88     0x38  af-event.o [1]
    .rodata               const    0x0002fcc0     0x34  af-event.o [1]
    .rodata               const    0x0002fcf4     0x34  af-event.o [1]
    .rodata               const    0x0002fd28     0x2c  af-event.o [1]
    .rodata               const    0x0002fd54     0x2c  af-event.o [1]
    .rodata               const    0x0002fd80     0x28  af-event.o [1]
    .rodata               const    0x0002fda8     0x34  af-event.o [1]
    .rodata               const    0x0002fddc     0x3c  af-event.o [1]
    .rodata               const    0x0002fe18     0x28  af-event.o [1]
    .rodata               const    0x0002fe40     0x28  af-event.o [1]
    .rodata               const    0x0002fe68     0x18  af-event.o [1]
    .rodata               const    0x0002fe80     0x34  af-event.o [1]
    .rodata               const    0x0002feb4     0x20  af-event.o [1]
    .rodata               const    0x0002fed4     0x20  af-event.o [1]
    .rodata               const    0x0002fef4     0x28  af-event.o [1]
    .rodata               const    0x0002ff1c     0x28  af-event.o [1]
    .rodata               const    0x0002ff44     0xc8  af-event.o [1]
    .rodata               const    0x0003000c      0xc  af-main-common.o [1]
    .rodata               const    0x00030018      0x8  af-main-common.o [1]
    .rodata               const    0x00030020      0x8  af-main-common.o [1]
    .rodata               const    0x00030028      0x8  af-main-common.o [1]
    .rodata               const    0x00030030      0x8  af-main-common.o [1]
    .rodata               const    0x00030038      0x8  af-main-common.o [1]
    .rodata               const    0x00030040      0x8  af-main-common.o [1]
    .rodata               const    0x00030048      0x4  af-main-common.o [1]
    .rodata               const    0x0003004c      0x8  af-main-common.o [1]
    .rodata               const    0x00030054      0x8  af-main-common.o [1]
    .rodata               const    0x0003005c     0x10  af-main-common.o [1]
    .rodata               const    0x0003006c      0x8  af-main-common.o [1]
    .rodata               const    0x00030074      0x4  af-main-common.o [1]
    .rodata               const    0x00030078     0x3c  af-main-common.o [1]
    .rodata               const    0x000300b4     0x18  af-main-common.o [1]
    .rodata               const    0x000300cc     0x30  af-main-common.o [1]
    .rodata               const    0x000300fc     0x14  af-main-common.o [1]
    .rodata               const    0x00030110      0x8  af-main-common.o [1]
    .rodata               const    0x00030118      0x8  af-main-common.o [1]
    .rodata               const    0x00030120      0xc  af-main-common.o [1]
    .rodata               const    0x0003012c      0x8  af-main-common.o [1]
    .rodata               const    0x00030134     0x10  af-main-common.o [1]
    .rodata               const    0x00030144      0x8  af-main-common.o [1]
    .rodata               const    0x0003014c      0xc  af-main-common.o [1]
    .rodata               const    0x00030158     0x20  af-main-common.o [1]
    .rodata               const    0x00030178      0xc  af-main-common.o [1]
    .rodata               const    0x00030184      0xc  af-main-common.o [1]
    .rodata               const    0x00030190      0x8  af-main-common.o [1]
    .rodata               const    0x00030198     0x30  af-main-common.o [1]
    .rodata               const    0x000301c8      0x4  af-main-common.o [1]
    .rodata               const    0x000301cc     0x1c  af-main-common.o [1]
    .rodata               const    0x000301e8      0x8  af-main-common.o [1]
    .rodata               const    0x000301f0     0x18  af-main-common.o [1]
    .rodata               const    0x00030208     0x10  af-main-common.o [1]
    .rodata               const    0x00030218     0x10  af-main-common.o [1]
    .rodata               const    0x00030228     0x48  af-main-common.o [1]
    .rodata               const    0x00030270     0x18  af-main-soc.o [1]
    .rodata               const    0x00030288     0x20  af-main-soc.o [1]
    .rodata               const    0x000302a8     0x14  af-main-soc.o [1]
    .rodata               const    0x000302bc      0x8  af-main-soc.o [1]
    .rodata               const    0x000302c4     0x10  af-main-soc.o [1]
    .rodata               const    0x000302d4     0x18  af-main-soc.o [1]
    .rodata               const    0x000302ec     0x18  af-main-soc.o [1]
    .rodata               const    0x00030304     0x30  attribute-size.o [1]
    .rodata               const    0x00030334     0x58  attribute-storage.o [1]
    .rodata               const    0x0003038c      0x8  attribute-storage.o [1]
    .rodata               const    0x00030394      0x4  attribute-storage.o [1]
    .rodata               const    0x00030398      0x4  attribute-storage.o [1]
    .rodata               const    0x0003039c      0x4  attribute-storage.o [1]
    .rodata               const    0x000303a0      0x4  attribute-storage.o [1]
    .rodata               const    0x000303a4      0x8  attribute-storage.o [1]
    .rodata               const    0x000303ac      0x4  attribute-storage.o [1]
    .rodata               const    0x000303b0      0x4  attribute-storage.o [1]
    .rodata               const    0x000303b4    0x318  attribute-storage.o [1]
    .rodata               const    0x000306cc    0x104  attribute-storage.o [1]
    .rodata               const    0x000307d0      0x8  attribute-storage.o [1]
    .rodata               const    0x000307d8      0x8  attribute-storage.o [1]
    .rodata               const    0x000307e0      0x4  attribute-storage.o [1]
    .rodata               const    0x000307e4     0x28  callback-stub.o [1]
    .rodata               const    0x0003080c     0x10  callback-stub.o [1]
    .rodata               const    0x0003081c      0x8  callback-stub.o [1]
    .rodata               const    0x00030824     0x18  callback-stub.o [1]
    .rodata               const    0x0003083c     0x24  callback-stub.o [1]
    .rodata               const    0x00030860      0x8  cli.o [1]
    .rodata               const    0x00030868      0x8  cli.o [1]
    .rodata               const    0x00030870      0x8  cli.o [1]
    .rodata               const    0x00030878      0x8  cli.o [1]
    .rodata               const    0x00030880      0x4  cli.o [1]
    .rodata               const    0x00030884      0x8  cli.o [1]
    .rodata               const    0x0003088c      0x8  cli.o [1]
    .rodata               const    0x00030894      0x8  cli.o [1]
    .rodata               const    0x0003089c      0x4  cli.o [1]
    .rodata               const    0x000308a0      0x4  cli.o [1]
    .rodata               const    0x000308a4      0x4  cli.o [1]
    .rodata               const    0x000308a8      0x8  cli.o [1]
    .rodata               const    0x000308b0      0x8  cli.o [1]
    .rodata               const    0x000308b8      0x8  cli.o [1]
    .rodata               const    0x000308c0      0x8  cli.o [1]
    .rodata               const    0x000308c8      0xc  cli.o [1]
    .rodata               const    0x000308d4      0x8  cli.o [1]
    .rodata               const    0x000308dc      0x4  cli.o [1]
    .rodata               const    0x000308e0      0x8  cli.o [1]
    .rodata               const    0x000308e8      0x4  cli.o [1]
    .rodata               const    0x000308ec      0xc  cli.o [1]
    .rodata               const    0x000308f8      0x4  cli.o [1]
    .rodata               const    0x000308fc      0xc  cli.o [1]
    .rodata               const    0x00030908      0x8  cli.o [1]
    .rodata               const    0x00030910      0x4  cli.o [1]
    .rodata               const    0x00030914      0x8  cli.o [1]
    .rodata               const    0x0003091c      0xc  cli.o [1]
    .rodata               const    0x00030928      0x8  cli.o [1]
    .rodata               const    0x00030930      0x8  cli.o [1]
    .rodata               const    0x00030938      0x8  cli.o [1]
    .rodata               const    0x00030940      0x8  cli.o [1]
    .rodata               const    0x00030948      0x4  cli.o [1]
    .rodata               const    0x0003094c      0x4  cli.o [1]
    .rodata               const    0x00030950      0xc  cli.o [1]
    .rodata               const    0x0003095c      0x4  cli.o [1]
    .rodata               const    0x00030960      0xc  cli.o [1]
    .rodata               const    0x0003096c     0x10  cli.o [1]
    .rodata               const    0x0003097c     0x10  cli.o [1]
    .rodata               const    0x0003098c      0xc  cli.o [1]
    .rodata               const    0x00030998      0x4  cli.o [1]
    .rodata               const    0x0003099c     0x18  cli.o [1]
    .rodata               const    0x000309b4      0x4  cli.o [1]
    .rodata               const    0x000309b8      0x8  cli.o [1]
    .rodata               const    0x000309c0      0x8  cli.o [1]
    .rodata               const    0x000309c8      0x8  cli.o [1]
    .rodata               const    0x000309d0      0x8  cli.o [1]
    .rodata               const    0x000309d8      0x8  cli.o [1]
    .rodata               const    0x000309e0      0xc  cli.o [1]
    .rodata               const    0x000309ec     0x14  cli.o [1]
    .rodata               const    0x00030a00      0x8  cli.o [1]
    .rodata               const    0x00030a08      0x8  cli.o [1]
    .rodata               const    0x00030a10      0x8  cli.o [1]
    .rodata               const    0x00030a18      0x8  cli.o [1]
    .rodata               const    0x00030a20      0x8  cli.o [1]
    .rodata               const    0x00030a28      0xc  cli.o [1]
    .rodata               const    0x00030a34      0x8  cli.o [1]
    .rodata               const    0x00030a3c      0x8  cli.o [1]
    .rodata               const    0x00030a44      0xc  cli.o [1]
    .rodata               const    0x00030a50      0x4  cli.o [1]
    .rodata               const    0x00030a54      0x8  cli.o [1]
    .rodata               const    0x00030a5c      0xc  cli.o [1]
    .rodata               const    0x00030a68      0x8  cli.o [1]
    .rodata               const    0x00030a70     0x10  cli.o [1]
    .rodata               const    0x00030a80      0xc  cli.o [1]
    .rodata               const    0x00030a8c      0xc  cli.o [1]
    .rodata               const    0x00030a98      0x8  cli.o [1]
    .rodata               const    0x00030aa0     0x10  cli.o [1]
    .rodata               const    0x00030ab0      0xc  cli.o [1]
    .rodata               const    0x00030abc      0x8  cli.o [1]
    .rodata               const    0x00030ac4      0x8  cli.o [1]
    .rodata               const    0x00030acc      0x8  cli.o [1]
    .rodata               const    0x00030ad4     0x10  cli.o [1]
    .rodata               const    0x00030ae4      0x8  cli.o [1]
    .rodata               const    0x00030aec      0x8  cli.o [1]
    .rodata               const    0x00030af4      0x4  cli.o [1]
    .rodata               const    0x00030af8      0x8  cli.o [1]
    .rodata               const    0x00030b00      0x8  cli.o [1]
    .rodata               const    0x00030b08      0xc  cli.o [1]
    .rodata               const    0x00030b14      0xc  cli.o [1]
    .rodata               const    0x00030b20      0x8  cli.o [1]
    .rodata               const    0x00030b28      0xc  cli.o [1]
    .rodata               const    0x00030b34      0xc  cli.o [1]
    .rodata               const    0x00030b40      0xc  cli.o [1]
    .rodata               const    0x00030b4c      0x4  cli.o [1]
    .rodata               const    0x00030b50      0x8  cli.o [1]
    .rodata               const    0x00030b58      0x8  cli.o [1]
    .rodata               const    0x00030b60      0xc  cli.o [1]
    .rodata               const    0x00030b6c     0x10  cli.o [1]
    .rodata               const    0x00030b7c      0x8  cli.o [1]
    .rodata               const    0x00030b84     0x18  cli.o [1]
    .rodata               const    0x00030b9c      0xc  cli.o [1]
    .rodata               const    0x00030ba8      0x8  cli.o [1]
    .rodata               const    0x00030bb0      0x4  cli.o [1]
    .rodata               const    0x00030bb4      0xc  cli.o [1]
    .rodata               const    0x00030bc0      0x8  cli.o [1]
    .rodata               const    0x00030bc8      0x8  cli.o [1]
    .rodata               const    0x00030bd0      0xc  cli.o [1]
    .rodata               const    0x00030bdc      0x4  cli.o [1]
    .rodata               const    0x00030be0      0xc  cli.o [1]
    .rodata               const    0x00030bec      0xc  cli.o [1]
    .rodata               const    0x00030bf8      0xc  cli.o [1]
    .rodata               const    0x00030c04     0x10  cli.o [1]
    .rodata               const    0x00030c14      0xc  cli.o [1]
    .rodata               const    0x00030c20     0x18  cli.o [1]
    .rodata               const    0x00030c38      0xc  cli.o [1]
    .rodata               const    0x00030c44      0x8  cli.o [1]
    .rodata               const    0x00030c4c     0x10  cli.o [1]
    .rodata               const    0x00030c5c      0xc  cli.o [1]
    .rodata               const    0x00030c68     0x14  cli.o [1]
    .rodata               const    0x00030c7c     0x28  cli.o [1]
    .rodata               const    0x00030ca4     0x20  cli.o [1]
    .rodata               const    0x00030cc4      0x8  cli.o [1]
    .rodata               const    0x00030ccc      0x8  cli.o [1]
    .rodata               const    0x00030cd4      0x8  cli.o [1]
    .rodata               const    0x00030cdc      0xc  cli.o [1]
    .rodata               const    0x00030ce8     0x10  cli.o [1]
    .rodata               const    0x00030cf8      0x8  cli.o [1]
    .rodata               const    0x00030d00      0x4  cli.o [1]
    .rodata               const    0x00030d04      0xc  cli.o [1]
    .rodata               const    0x00030d10      0x8  cli.o [1]
    .rodata               const    0x00030d18      0xc  cli.o [1]
    .rodata               const    0x00030d24     0x10  cli.o [1]
    .rodata               const    0x00030d34      0xc  cli.o [1]
    .rodata               const    0x00030d40      0x8  cli.o [1]
    .rodata               const    0x00030d48      0x8  cli.o [1]
    .rodata               const    0x00030d50      0x4  cli.o [1]
    .rodata               const    0x00030d54      0x4  cli.o [1]
    .rodata               const    0x00030d58      0x8  cli.o [1]
    .rodata               const    0x00030d60      0x8  cli.o [1]
    .rodata               const    0x00030d68      0x8  cli.o [1]
    .rodata               const    0x00030d70      0x8  cli.o [1]
    .rodata               const    0x00030d78     0x18  cli.o [1]
    .rodata               const    0x00030d90      0x4  cli.o [1]
    .rodata               const    0x00030d94      0x8  cli.o [1]
    .rodata               const    0x00030d9c      0x8  cli.o [1]
    .rodata               const    0x00030da4      0x8  cli.o [1]
    .rodata               const    0x00030dac      0x8  cli.o [1]
    .rodata               const    0x00030db4      0x8  cli.o [1]
    .rodata               const    0x00030dbc      0x8  cli.o [1]
    .rodata               const    0x00030dc4      0x8  cli.o [1]
    .rodata               const    0x00030dcc      0xc  cli.o [1]
    .rodata               const    0x00030dd8      0x8  cli.o [1]
    .rodata               const    0x00030de0      0x8  cli.o [1]
    .rodata               const    0x00030de8      0x8  cli.o [1]
    .rodata               const    0x00030df0      0x4  cli.o [1]
    .rodata               const    0x00030df4      0x8  cli.o [1]
    .rodata               const    0x00030dfc     0x10  cli.o [1]
    .rodata               const    0x00030e0c      0xc  cli.o [1]
    .rodata               const    0x00030e18      0x8  cli.o [1]
    .rodata               const    0x00030e20      0x8  cli.o [1]
    .rodata               const    0x00030e28      0x4  cli.o [1]
    .rodata               const    0x00030e2c      0x4  cli.o [1]
    .rodata               const    0x00030e30     0x24  cli.o [1]
    .rodata               const    0x00030e54     0x24  cli.o [1]
    .rodata               const    0x00030e78     0x30  cli.o [1]
    .rodata               const    0x00030ea8     0x24  cli.o [1]
    .rodata               const    0x00030ecc     0xcc  cli.o [1]
    .rodata               const    0x00030f98     0x24  cli.o [1]
    .rodata               const    0x00030fbc     0x18  cli.o [1]
    .rodata               const    0x00030fd4     0x24  cli.o [1]
    .rodata               const    0x00030ff8     0x9c  cli.o [1]
    .rodata               const    0x00031094     0x30  cli.o [1]
    .rodata               const    0x000310c4     0x18  cli.o [1]
    .rodata               const    0x000310dc     0x18  cli.o [1]
    .rodata               const    0x000310f4     0x18  cli.o [1]
    .rodata               const    0x0003110c     0x48  cli.o [1]
    .rodata               const    0x00031154     0x84  cli.o [1]
    .rodata               const    0x000311d8     0x18  cli.o [1]
    .rodata               const    0x000311f0     0x24  cli.o [1]
    .rodata               const    0x00031214     0x24  cli.o [1]
    .rodata               const    0x00031238     0x30  cli.o [1]
[...]
tempdrvLowCallbacks     0x2003ed74    0x28  Data  Lc  tempdrv.o [16]
temperatureMeasurementIntervalMs
                        0x2003dedc     0x4  Data  Lc  temperature-measurement-server.o [46]
terminateScanRequest    0x0001c4a9    0x28  Code  Lc  zdo-channel.o [76]
testModeRegisterState   0x2003fe38    0x50  Data  Lc  rf_test.o [65]
testPacket              0x2003df3c    0x40  Data  Lc  manufacturing-library-cli.o [29]
ticksPerPeriod          0x2003ff1e     0x2  Data  Lc  bulb-pwm-driver-efr32.o [7]
timeElapsed             0x2003ff7c     0x1  Data  Lc  ustimer.o [16]
timeoutOptions          0x0001b814    0x3c  Data  Gb  child-handling.o [76]
timer                   0x2003e5c8    0xa0  Data  Lc  rtcdriver.o [16]
timerExpired            0x2003e350     0x1  Data  Lc  rail_rf_hal.o [65]
timingDetected          0x00017cd1     0x8  Code  Gb  rail_rf_hal.o [65]
timingLost              0x00017cc9     0x8  Code  Gb  rail_rf_hal.o [65]
timings                 0x2003fddc    0x14  Data  Lc  timings.o [65]
tokenArraySize          0x00031dfc    0x38  Data  Gb  token-def.o [1]
tokenCreators           0x00031d1c    0x70  Data  Gb  token-def.o [1]
tokenDefaults           0x00032118    0xe0  Data  Gb  token-def.o [1]
tokenFlagsToSizeArray   0x00009f5c     0x4  Data  Lc  install-code-tokens.o [64]
tokenIsCnt              0x00031d8c    0x38  Data  Gb  token-def.o [1]
tokenLength             0x00004a55    0x1a  Code  Lc  command-interpreter2.o [1]
tokenPointer            0x00004a6f    0x10  Code  Lc  command-interpreter2.o [1]
tokenSize               0x00031dc4    0x38  Data  Gb  token-def.o [1]
tokensActive            0x2003ff7d     0x1  Data  Gb  token.o [14]
totalImageSize          0x2003e890     0x4  Data  Lc  ota-client.o [34]
totalInitialChildren    0x2003f612     0x1  Data  Gb  zigbee-device-util.o [76]
totalTokenStorage       0x0002d7d8     0x4  Data  Gb  sim-eeprom2.o [44]
transientKeyFinish      0x0000da01    0x28  Code  Lc  aps-keys-transient.o [72]
transmitQueue           0x2003f6cc     0x8  Data  Lc  mac-arbiter.o [76]
transportKeyFrameSizes  0x0001a92c     0x8  Data  Lc  packet-validate.o [69]
tryNextMethod           0x00002803    0x32  Code  Lc  network-steering.o [31]
tryToJoinNetwork        0x0000263d    0x8e  Code  Gb  network-steering.o [31]
turnLedOff              0x0002310b     0x4  Code  Lc  bulb-pwm-driver-blink.o [7]
turnLedOn               0x00023107     0x4  Code  Lc  bulb-pwm-driver-blink.o [7]
turnStatusLedOff        0x00023101     0x4  Code  Lc  bulb-pwm-driver-blink.o [7]
turnStatusLedOn         0x000230fd     0x4  Code  Lc  bulb-pwm-driver-blink.o [7]
txBuffer                0x00010c85    0x3a  Code  Lc  com.o [14]
txCallback              0x00010ee5    0x1e  Code  Lc  com.o [14]
txCatchUp               0x00010e71    0x72  Code  Lc  com.o [14]
txCb                    0x2003e9ac     0x4  Data  Lc  coexistence-efr32.o [23]
txCcaTries              0x2003f527     0x1  Data  Lc  phy.o [76]
txConfigEvents          0x2003e35c     0x4  Data  Lc  rail_rf_hal.o [65]
txCsmaTries             0x0000556d    0xc6  Code  Lc  phy.o [76]
txFifoAlmostEmpty       0x0001883d     0xe  Code  Lc  rail_rf_hal.o [65]
txFifoOverflow          0x00018851     0x6  Code  Lc  rail_rf_hal.o [65]
txOptions               0x2003f518     0x4  Data  Lc  phy.o [76]
txParams                0x2003f50c     0xc  Data  Lc  phy.o [76]
txReq                   0x2003ff72     0x1  Data  Lc  coexistence-efr32.o [23]
txState                 0x2003f525     0x1  Data  Lc  phy.o [76]
typeSensitiveMemCopy    0x00004275    0x78  Code  Lc  attribute-storage.o [1]
uartdrvHandle           0x2003edb4    0x10  Data  Lc  uartdrv.o [16]
uartdrvHandleIsInitialized
                        0x2003ff7b     0x1  Data  Lc  uartdrv.o [16]
uarthandledata          0x2003eef8    0x34  Data  Lc  com.o [14]
unbindRequest           0x0002c1c1    0x7e  Code  Lc  zdo-cli.o [1]
unicastHead             0x2003fd88     0x1  Data  Lc  unicast-table.o [76]
uninitializedIsr        0x0002acd5          Code  Gb  faults-v7m.o [14]
unsentMessageCount      0x2003f6ca     0x1  Data  Lc  mac-arbiter.o [76]
unsolicitedChannelReport
                        0x2003f6aa     0x1  Data  Lc  zdo-channel.o [76]
updateBuffer            0x00010c51    0x34  Code  Lc  com.o [14]
updateCurrentImageAttributes
                        0x000152d9    0x38  Code  Lc  ota-client.o [34]
updateCurrentOffset     0x000154ff    0x12  Code  Lc  ota-client.o [34]
updateDownloadFileVersion
                        0x00015529    0x18  Code  Lc  ota-client.o [34]
updateInterrupts        0x00011dc7    0xbe  Code  Lc  tempdrv.o [16]
updateMinBlockRequestPeriodAttribute
                        0x0001531d    0x1e  Code  Lc  ota-client.o [34]
updateParentToken       0x00009c23    0x6c  Code  Lc  association.o [76]
updateRxEvents          0x00005955    0x2c  Code  Lc  phy.o [76]
updateRxEvents::currentConfig
                        0x2003f548     0x4  Data  Lc  phy.o [76]
update_position         0x00014a89    0x9a  Code  Gb  level-control.o [28]
upgradeEndResponseParse
                        0x00015fc5    0xe2  Code  Lc  ota-client.o [34]
usRatioFrac             0x2003fe24     0x4  Data  Lc  protimer.o [65]
usRatioInt              0x2003fe20     0x4  Data  Lc  protimer.o [65]
usePageRequest          0x2003ff54     0x1  Data  Lc  ota-client.o [34]
userCurrentLimitsSet    0x00012353     0xe  Code  Lc  em_emu.o [17]
userTransmitStarted     0x00017c63    0x2e  Code  Gb  rail_rf_hal.o [65]
vFillBuffer             0x0001eb15   0x14c  Code  Lc  client-api.o [1]
vScaleDownEM23Setup     0x000120ad    0x54  Code  Lc  em_emu.o [17]
vScaleEM01Cmd           0x00011fc9     0xc  Code  Lc  em_emu.o [17]
vScaleEM01Config        0x2003eb74     0x4  Data  Lc  em_emu.o [17]
vcoGainPte              0x2003e380     0x1  Data  Gb  synth.o [65]
verifyMainBootloaderVersion
                        0x00029319    0x48  Code  Lc  bootloader-interface-app.o [19]
vpaStruct               0x2003e2b4     0x8  Data  Gb  sim-eeprom2-internal.o [75]
vpbStruct               0x2003e2bc     0x8  Data  Gb  sim-eeprom2-internal.o [75]
vpcStruct               0x2003e2c4     0x8  Data  Gb  sim-eeprom2-internal.o [75]
waitingForResponse      0x2003ff53     0x1  Data  Lc  ota-client.o [34]
wakeInfo                0x2003ef3c     0x4  Data  Lc  sleep-efm32.o [14]
walkDelayQueue          0x0000fe65    0xce  Code  Lc  retry.o [76]
wallClockOverflowCnt    0x2003ed44     0x4  Data  Lc  rtcdriver.o [16]
wallClockTimeBase       0x2003ed48     0x4  Data  Lc  rtcdriver.o [16]
wrapCntOverflows        0x2003ffb9     0x1  Data  Gb  protimer.o [65]
write16                 0x0001a1ed    0x4c  Code  Gb  flash.o [63]
writeColorMode          0x00014237    0x30  Code  Lc  color-control-server.o [9]
writeColorTemperature   0x000142ed    0x18  Code  Lc  color-control-server.o [9]
writeColorX             0x000142ad    0x18  Code  Lc  color-control-server.o [9]
writeColorY             0x000142cd    0x18  Code  Lc  color-control-server.o [9]
writeHue                0x00014271    0x1a  Code  Lc  color-control-server.o [9]
writeHumidityAttributes
                        0x00016465    0x86  Code  Lc  relative-humidity-measurement-server.o [40]
writeIdentifyTime       0x0002a781    0x18  Code  Lc  identify.o [25]
writeMessage            0x00008587    0xae  Code  Lc  packet-buffer.o [76]
writeNewTokenData       0x0001e2c5    0x94  Code  Lc  sim-eeprom2-internal.o [75]
writeRemainingTime      0x00014ce5     0x2  Code  Lc  level-control.o [28]
writeRemainingTime      0x0001421f    0x18  Code  Lc  color-control-server.o [9]
writeSaturation         0x0001428b    0x1a  Code  Lc  color-control-server.o [9]
writeServerAttribute    0x0002332d     0xe  Code  Lc  scenes.o [43]
writeStoredTokDefsToNext
                        0x0001dd29    0x66  Code  Lc  sim-eeprom2-internal.o [75]
writeTemperatureAttributes
                        0x000162b3    0x8a  Code  Lc  temperature-measurement-server.o [46]
writeVpMgmtToNext       0x0001e159   0x13e  Code  Lc  sim-eeprom2-internal.o [75]
xferCfg                 0x0002e530    0x10  Data  Gb  dmadrv.o [16]
zclBufferAddByte        0x0002b7a1    0x1c  Code  Gb  zcl-cli.o [1]
zclBufferAddByteFromArgument
                        0x0002b7df     0x8  Code  Gb  zcl-cli.o [1]
zclBufferAddLengthAndStringFromArgument
                        0x0002b7fd    0x4a  Code  Gb  zcl-cli.o [1]
zclBufferAddWord        0x0002b7bd    0x12  Code  Gb  zcl-cli.o [1]
zclBufferAddWordFromArgument
                        0x0002b7ef     0x6  Code  Gb  zcl-cli.o [1]
zclBufferSetup          0x0002b73d    0x5c  Code  Gb  zcl-cli.o [1]
zclClusterNames         0x00032364    0x70  Data  Gb  util.o [1]
zclCmdIsBuilt           0x2003ff9e     0x1  Data  Gb  zcl-cli.o [1]
zclGlobalCommandDiscoveryCommand
                        0x0002ba27    0x2a  Code  Gb  zcl-cli.o [1]
zclGlobalDirection      0x2003ffa0     0x1  Data  Lc  zcl-cli.o [1]
zclGlobalDirectionCommand
                        0x0002b861    0x14  Code  Gb  zcl-cli.o [1]
zclGlobalDiscoverCommand
                        0x0002b8cd     0x4  Code  Gb  zcl-cli.o [1]
zclGlobalExpectReportFromMeCommand
                        0x0002b9ff    0x1c  Code  Gb  zcl-cli.o [1]
zclGlobalReadCommand    0x0002b87d     0x6  Code  Gb  zcl-cli.o [1]
zclGlobalReportCommand  0x0002b8db    0xa0  Code  Gb  zcl-cli.o [1]
zclGlobalReportReadCommand
                        0x0002b97b    0x20  Code  Gb  zcl-cli.o [1]
zclGlobalSendMeAReportCommand
                        0x0002b99b    0x4a  Code  Gb  zcl-cli.o [1]
zclGlobalSetup          0x0002b847    0x1a  Code  Gb  zcl-cli.o [1]
zclGlobalWriteCommand   0x0002b883    0x4a  Code  Gb  zcl-cli.o [1]
zclIdentifyOnOffCommand
                        0x0002ba69    0x42  Code  Gb  zcl-cli.o [1]
zclTestResponseOffCommand
                        0x0002ba63     0x6  Code  Gb  zcl-cli.o [1]
zclTestResponseOnCommand
                        0x0002ba5d     0x6  Code  Gb  zcl-cli.o [1]
zdoActiveEpCommand      0x0002c101    0x1a  Code  Gb  zdo-cli.o [1]
zdoAddClusterCommand    0x0002bfef    0x32  Code  Gb  zdo-cli.o [1]
zdoBindCommand          0x0002bf7f    0x70  Code  Gb  zdo-cli.o [1]
zdoClearClusterCommand  0x0002c027    0x18  Code  Gb  zdo-cli.o [1]
zdoIeeeAddressRequestCommand
                        0x0002bebd    0x14  Code  Gb  zdo-cli.o [1]
zdoLeaveRequestCommand  0x0002c15b    0x44  Code  Gb  zdo-cli.o [1]
zdoMatchCommand         0x0002bf15    0x40  Code  Gb  zdo-cli.o [1]
zdoMgmtBindCommand      0x0002c13b    0x20  Code  Gb  zdo-cli.o [1]
zdoMgmtLqiCommand       0x0002c11b    0x20  Code  Gb  zdo-cli.o [1]
zdoNetworkUpdateChannelCommand
                        0x0002c049    0x34  Code  Gb  zdo-cli.o [1]
zdoNetworkUpdateScanCommand
                        0x0002c07d    0x40  Code  Gb  zdo-cli.o [1]
zdoNetworkUpdateSetCommand
                        0x0002c0d1    0x22  Code  Gb  zdo-cli.o [1]
zdoNodeCommand          0x0002bef3    0x1c  Code  Gb  zdo-cli.o [1]
zdoNwkAddressRequestCommand
                        0x0002bea5    0x18  Code  Gb  zdo-cli.o [1]
zdoPowerDescriptorRequestCommand
                        0x0002c19f    0x1c  Code  Gb  zdo-cli.o [1]
zdoRouteRequestCommand  0x0002c283    0x22  Code  Gb  zdo-cli.o [1]
zdoSimpleCommand        0x0002bed1    0x22  Code  Gb  zdo-cli.o [1]
zdoUnbindGroupCommand   0x0002c23f    0x18  Code  Gb  zdo-cli.o [1]
zdoUnbindUnicastCommand
                        0x0002c257    0x2c  Code  Gb  zdo-cli.o [1]
zeroLenByte             0x2003ff26     0x2  Data  Lc  message.o [1]
zigDevApsStruct         0x2003f61c     0x4  Data  Lc  zigbee-device-util.o [76]
zigDevRequestRadius     0x2003e3e1     0x1  Data  Gb  zigbee-device-common.o [1]
zigDevRequestSequence   0x2003ffa3     0x1  Data  Lc  zigbee-device-common.o [1]
zigDevRequestSequence   0x2003f610     0x1  Data  Lc  zigbee-device-util.o [76]


[1] = C:\SiliconLabs\SimplicityStudio\v4\developer\sdks\gecko_sdk_suite\v1.1\app\builder\Z3ColorTempLightSoc_6\IAR ARM - Default
[2] = C:\SiliconLabs\SimplicityStudio\v4\developer\sdks\gecko_sdk_suite\v1.1\app\builder\Z3ColorTempLightSoc_6\IAR ARM - Default\adc\EFR32
[3] = C:\SiliconLabs\SimplicityStudio\v4\developer\sdks\gecko_sdk_suite\v1.1\app\builder\Z3ColorTempLightSoc_6\IAR ARM - Default\address-table
[4] = C:\SiliconLabs\SimplicityStudio\v4\developer\sdks\gecko_sdk_suite\v1.1\app\builder\Z3ColorTempLightSoc_6\IAR ARM - Default\antenna-stub
[5] = C:\SiliconLabs\SimplicityStudio\v4\developer\sdks\gecko_sdk_suite\v1.1\app\builder\Z3ColorTempLightSoc_6\IAR ARM - Default\basic
[6] = C:\SiliconLabs\SimplicityStudio\v4\developer\sdks\gecko_sdk_suite\v1.1\app\builder\Z3ColorTempLightSoc_6\IAR ARM - Default\bulb-pwm-cli
[7] = C:\SiliconLabs\SimplicityStudio\v4\developer\sdks\gecko_sdk_suite\v1.1\app\builder\Z3ColorTempLightSoc_6\IAR ARM - Default\bulb-pwm-driver\EFR32
[8] = C:\SiliconLabs\SimplicityStudio\v4\developer\sdks\gecko_sdk_suite\v1.1\app\builder\Z3ColorTempLightSoc_6\IAR ARM - Default\bulb-ui
[9] = C:\SiliconLabs\SimplicityStudio\v4\developer\sdks\gecko_sdk_suite\v1.1\app\builder\Z3ColorTempLightSoc_6\IAR ARM - Default\color-control-server
[10] = C:\SiliconLabs\SimplicityStudio\v4\developer\sdks\gecko_sdk_suite\v1.1\app\builder\Z3ColorTempLightSoc_6\IAR ARM - Default\configuration-server
[11] = C:\SiliconLabs\SimplicityStudio\v4\developer\sdks\gecko_sdk_suite\v1.1\app\builder\Z3ColorTempLightSoc_6\IAR ARM - Default\debug-basic-library\EFR32
[12] = C:\SiliconLabs\SimplicityStudio\v4\developer\sdks\gecko_sdk_suite\v1.1\app\builder\Z3ColorTempLightSoc_6\IAR ARM - Default\debug-jtag\EFR32
[13] = C:\SiliconLabs\SimplicityStudio\v4\developer\sdks\gecko_sdk_suite\v1.1\app\builder\Z3ColorTempLightSoc_6\IAR ARM - Default\eeprom
[14] = C:\SiliconLabs\SimplicityStudio\v4\developer\sdks\gecko_sdk_suite\v1.1\app\builder\Z3ColorTempLightSoc_6\IAR ARM - Default\efr32
[15] = C:\SiliconLabs\SimplicityStudio\v4\developer\sdks\gecko_sdk_suite\v1.1\app\builder\Z3ColorTempLightSoc_6\IAR ARM - Default\ember-minimal-printf
[16] = C:\SiliconLabs\SimplicityStudio\v4\developer\sdks\gecko_sdk_suite\v1.1\app\builder\Z3ColorTempLightSoc_6\IAR ARM - Default\emdrv
[17] = C:\SiliconLabs\SimplicityStudio\v4\developer\sdks\gecko_sdk_suite\v1.1\app\builder\Z3ColorTempLightSoc_6\IAR ARM - Default\emlib
[18] = C:\SiliconLabs\SimplicityStudio\v4\developer\sdks\gecko_sdk_suite\v1.1\app\builder\Z3ColorTempLightSoc_6\IAR ARM - Default\end-device-support
[19] = C:\SiliconLabs\SimplicityStudio\v4\developer\sdks\gecko_sdk_suite\v1.1\app\builder\Z3ColorTempLightSoc_6\IAR ARM - Default\external-generated-files
[20] = C:\SiliconLabs\SimplicityStudio\v4\developer\sdks\gecko_sdk_suite\v1.1\app\builder\Z3ColorTempLightSoc_6\IAR ARM - Default\find-and-bind-target
[21] = C:\SiliconLabs\SimplicityStudio\v4\developer\sdks\gecko_sdk_suite\v1.1\app\builder\Z3ColorTempLightSoc_6\IAR ARM - Default\groups-server
[22] = C:\SiliconLabs\SimplicityStudio\v4\developer\sdks\gecko_sdk_suite\v1.1\app\builder\Z3ColorTempLightSoc_6\IAR ARM - Default\hal-config\EFR32
[23] = C:\SiliconLabs\SimplicityStudio\v4\developer\sdks\gecko_sdk_suite\v1.1\app\builder\Z3ColorTempLightSoc_6\IAR ARM - Default\hal-library\EFR32
[24] = C:\SiliconLabs\SimplicityStudio\v4\developer\sdks\gecko_sdk_suite\v1.1\app\builder\Z3ColorTempLightSoc_6\IAR ARM - Default\i2c-driver\EFR32
[25] = C:\SiliconLabs\SimplicityStudio\v4\developer\sdks\gecko_sdk_suite\v1.1\app\builder\Z3ColorTempLightSoc_6\IAR ARM - Default\identify
[26] = C:\SiliconLabs\SimplicityStudio\v4\developer\sdks\gecko_sdk_suite\v1.1\app\builder\Z3ColorTempLightSoc_6\IAR ARM - Default\idle-sleep
[27] = C:\SiliconLabs\SimplicityStudio\v4\developer\sdks\gecko_sdk_suite\v1.1\app\builder\Z3ColorTempLightSoc_6\IAR ARM - Default\led-temp-pwm
[28] = C:\SiliconLabs\SimplicityStudio\v4\developer\sdks\gecko_sdk_suite\v1.1\app\builder\Z3ColorTempLightSoc_6\IAR ARM - Default\level-control
[29] = C:\SiliconLabs\SimplicityStudio\v4\developer\sdks\gecko_sdk_suite\v1.1\app\builder\Z3ColorTempLightSoc_6\IAR ARM - Default\manufacturing-library-cli
[30] = C:\SiliconLabs\SimplicityStudio\v4\developer\sdks\gecko_sdk_suite\v1.1\app\builder\Z3ColorTempLightSoc_6\IAR ARM - Default\manufacturing-library-ota
[31] = C:\SiliconLabs\SimplicityStudio\v4\developer\sdks\gecko_sdk_suite\v1.1\app\builder\Z3ColorTempLightSoc_6\IAR ARM - Default\network-steering
[32] = C:\SiliconLabs\SimplicityStudio\v4\developer\sdks\gecko_sdk_suite\v1.1\app\builder\Z3ColorTempLightSoc_6\IAR ARM - Default\on-off
[33] = C:\SiliconLabs\SimplicityStudio\v4\developer\sdks\gecko_sdk_suite\v1.1\app\builder\Z3ColorTempLightSoc_6\IAR ARM - Default\ota-bootload
[34] = C:\SiliconLabs\SimplicityStudio\v4\developer\sdks\gecko_sdk_suite\v1.1\app\builder\Z3ColorTempLightSoc_6\IAR ARM - Default\ota-client
[35] = C:\SiliconLabs\SimplicityStudio\v4\developer\sdks\gecko_sdk_suite\v1.1\app\builder\Z3ColorTempLightSoc_6\IAR ARM - Default\ota-client-policy
[36] = C:\SiliconLabs\SimplicityStudio\v4\developer\sdks\gecko_sdk_suite\v1.1\app\builder\Z3ColorTempLightSoc_6\IAR ARM - Default\ota-common
[37] = C:\SiliconLabs\SimplicityStudio\v4\developer\sdks\gecko_sdk_suite\v1.1\app\builder\Z3ColorTempLightSoc_6\IAR ARM - Default\ota-storage-common
[38] = C:\SiliconLabs\SimplicityStudio\v4\developer\sdks\gecko_sdk_suite\v1.1\app\builder\Z3ColorTempLightSoc_6\IAR ARM - Default\ota-storage-simple
[39] = C:\SiliconLabs\SimplicityStudio\v4\developer\sdks\gecko_sdk_suite\v1.1\app\builder\Z3ColorTempLightSoc_6\IAR ARM - Default\ota-storage-simple-eeprom
[40] = C:\SiliconLabs\SimplicityStudio\v4\developer\sdks\gecko_sdk_suite\v1.1\app\builder\Z3ColorTempLightSoc_6\IAR ARM - Default\relative-humidity-measurement-server
[41] = C:\SiliconLabs\SimplicityStudio\v4\developer\sdks\gecko_sdk_suite\v1.1\app\builder\Z3ColorTempLightSoc_6\IAR ARM - Default\reporting
[42] = C:\SiliconLabs\SimplicityStudio\v4\developer\sdks\gecko_sdk_suite\v1.1\app\builder\Z3ColorTempLightSoc_6\IAR ARM - Default\scan-dispatch
[43] = C:\SiliconLabs\SimplicityStudio\v4\developer\sdks\gecko_sdk_suite\v1.1\app\builder\Z3ColorTempLightSoc_6\IAR ARM - Default\scenes
[44] = C:\SiliconLabs\SimplicityStudio\v4\developer\sdks\gecko_sdk_suite\v1.1\app\builder\Z3ColorTempLightSoc_6\IAR ARM - Default\sim-eeprom2\EFR32
[45] = C:\SiliconLabs\SimplicityStudio\v4\developer\sdks\gecko_sdk_suite\v1.1\app\builder\Z3ColorTempLightSoc_6\IAR ARM - Default\simple-main
[46] = C:\SiliconLabs\SimplicityStudio\v4\developer\sdks\gecko_sdk_suite\v1.1\app\builder\Z3ColorTempLightSoc_6\IAR ARM - Default\temperature-measurement-server
[47] = C:\SiliconLabs\SimplicityStudio\v4\developer\sdks\gecko_sdk_suite\v1.1\app\builder\Z3ColorTempLightSoc_6\IAR ARM - Default\temperature-si7021\EFR32
[48] = C:\SiliconLabs\SimplicityStudio\v4\developer\sdks\gecko_sdk_suite\v1.1\app\builder\Z3ColorTempLightSoc_6\IAR ARM - Default\update-tc-link-key
[49] = command line
[50] = binding-table-library.a
[51] = cbke-163k1-stub-library.a
[52] = cbke-283k1-stub-library.a
[53] = cbke-library-dsa-sign-stub.a
[54] = cbke-library-dsa-verify-283k1-stub.a
[55] = cbke-library-dsa-verify-stub.a
[56] = cbke-stub-library.a
[57] = debug-basic-library.a
[58] = debug-extended-stub-library.a
[59] = dl7M_tln.a
[60] = end-device-bind-stub-library.a
[61] = enhanced-beacon-request-stub-library.a
[62] = gp-stub-library.a
[63] = hal-library.a
[64] = install-code-library.a
[65] = librail_efr32xg12_iar_release.a
[66] = m7M_tls.a
[67] = mfglib-library.a
[68] = multi-network-stub-library.a
[69] = packet-validate-library.a
[70] = rf4ce-stack-stub-library.a
[71] = rt7M_tl.a
[72] = security-library-core.a
[73] = security-library-link-keys-stub.a
[74] = sim-eeprom2-1to2-upgrade-library.a
[75] = sim-eeprom2-library.a
[76] = zigbee-pro-leaf-stack.a
[77] = zll-stub-library.a

  180 546 bytes of readonly  code memory
      532 bytes of readwrite code memory
   28 159 bytes of readonly  data memory
   51 623 bytes of readwrite data memory (+ 152 absolute)

Errors: none
Warnings: none
